ARM Linker, 4.1 [Build 481] [Standard]

==============================================================================

Section Cross References

    main.o(.text) refers to os_sem.o(.text) for OSSemCreate
    main.o(.text) refers to os_mbox.o(.text) for OSMboxCreate
    main.o(.text) refers to os_q.o(.text) for OSQCreate
    main.o(.text) refers to function.o(.text) for XSystemPara
    main.o(.text) refers to lpc17xx_rtc.o(.text) for RTC_WriteGPREG
    main.o(.text) refers to devtaskfun.o(.text) for isDontReduceNum
    main.o(.text) refers to os_time.o(.text) for OSTimeDly
    main.o(.text) refers to os_task.o(.text) for OSTaskCreateExt
    main.o(.text) refers to lpc17xx_gpio.o(.text) for GPIO_SetDir
    main.o(.text) refers to debugtrace.o(.text) for Trace
    main.o(.text) refers to uart.o(.text) for Uart2_Init
    main.o(.text) refers to uart1.o(.text) for Uart1_Init
    main.o(.text) refers to main.o(.data) for g_InitSem
    main.o(.text) refers to main.o(.bss) for CoinPlusArray
    main.o(.text) refers to uartdev_lpc17xx.o(.data) for uart0
    main.o(.text) refers to drv.o(.text) for CheckDriverStat
    main.o(.text) refers to realtime.o(.text) for RTCn_Init
    main.o(.text) refers to changer.o(.text) for Changer_Init
    main.o(.text) refers to coinacceptor.o(.text) for CoinAcceptor_Init
    main.o(.text) refers to billacceptor.o(.text) for BillAcceptor_Init
    main.o(.text) refers to vmc_pc.o(.text) for VPMission_Init
    main.o(.text) refers to selectkey.o(.text) for SelectKey_InitProc
    main.o(.text) refers to reader.o(.text) for Reader_InitPara
    main.o(.text) refers to hopper.o(.text) for HopperPayoutCmd
    main.o(.text) refers to acdc.o(.text) for ACDCModuleQuery
    main.o(.text) refers to vmc_pc.o(.bss) for sysVPMission
    main.o(.text) refers to lcd.o(.text) for LCD_WhiteBlock
    main.o(.text) refers to timer.o(.text) for init_timer
    main.o(.text) refers to keypad.o(.text) for InitKey
    main.o(.text) refers to saletaskfun.o(.text) for DispVersionText
    main.o(.text) refers to menu.o(.text) for menu
    main.o(.text) refers to task.o(.text) for Vmc_HandleReaderMsg
    main.o(.text) refers to saletaskfun.o(.data) for ChgAmount
    main.o(.text) refers to lpc17xx_wdt.o(.text) for WDT_Init
    main.o(.text) refers to at45db.o(.text) for AT45DB_Init
    main.o(.text) refers to target.o(.text) for targetInit
    main.o(.text) refers to lpc1700pincfg.o(.text) for pinInit
    main.o(.text) refers to os_core.o(.text) for OSInit
    main.o(.text) refers to system_lpc17xx.o(.data) for SystemCoreClock
    lcd.o(.text) refers to main.o(.bss) for SYSPara
    lcd.o(.text) refers to system_lpc17xx.o(.data) for SystemCoreClock
    lcd.o(.text) refers to os_time.o(.text) for OSTimeDly
    lcd.o(.text) refers to rt_memclr_w.o(.text) for __aeabi_memclr4
    lcd.o(.text) refers to strcpy.o(.text) for strcpy
    lcd.o(.text) refers to pitufont.o(.text) for GetPituLibStr
    lcd.o(.text) refers to strlen.o(.text) for strlen
    lcd.o(.text) refers to rt_memcpy_v6.o(.text) for __aeabi_memcpy
    lcd.o(.text) refers to scriptgetaddress.o(.text) for GetScriptUnicode
    lcd.o(.text) refers to lcd.o(.constdata) for ThankyouPic2
    keypad.o(.text) refers to lpc17xx_gpio.o(.text) for GPIO_SetDir
    keypad.o(.text) refers to os_q.o(.text) for OSQPost
    keypad.o(.text) refers to os_core.o(.text) for OSIntEnter
    keypad.o(.text) refers to zy_if.o(.text) for zyIsrSet
    keypad.o(.text) refers to keypad.o(.data) for KeyDownStat
    keypad.o(.text) refers to main.o(.bss) for MsgBack
    keypad.o(.text) refers to main.o(.data) for g_KeyMsg
    function.o(.text) refers to at45db.o(.text) for AT45DB_WritePage
    function.o(.text) refers to lcd.o(.text) for ClearScreen
    function.o(.text) refers to rt_memcpy_w.o(.text) for __aeabi_memcpy4
    function.o(.text) refers to devtaskfun.o(.text) for isDontReduceNum
    function.o(.text) refers to main.o(.bss) for Channels
    function.o(.text) refers to dispmenu.o(.data) for KeyTab
    function.o(.text) refers to menu.o(.data) for InputCol
    function.o(.text) refers to debugtrace.o(.text) for Trace
    function.o(.text) refers to os_mbox.o(.text) for OSMboxAccept
    function.o(.text) refers to main.o(.data) for g_CommBackMsg
    timer.o(.text) refers to os_core.o(.text) for OSIntEnter
    timer.o(.text) refers to keypad.o(.text) for ReadKey
    timer.o(.text) refers to pulsecoin.o(.text) for Coin_Accept
    timer.o(.text) refers to zy_if.o(.text) for zyIsrSet
    timer.o(.text) refers to main.o(.bss) for SYSPara
    timer.o(.text) refers to reader.o(.bss) for ReaderPara
    timer.o(.text) refers to main.o(.data) for TimerDly
    timer.o(.text) refers to itl.o(.bss) for sysITLMission
    timer.o(.text) refers to vmc_pc.o(.bss) for sysVPMission
    timer.o(.text) refers to timer.o(.data) for Tick
    mdb.o(.text) refers to reader.o(.text) for Trace_R
    mdb.o(.text) refers to uart.o(.text) for Uart2_SetParity
[...]
    CLKPWR_GetPCLKSEL                        0x00024b7f   Thumb Code    32  lpc17xx_clkpwr.o(.text)
    CLKPWR_GetPCLK                           0x00024b9f   Thumb Code    58  lpc17xx_clkpwr.o(.text)
    CLKPWR_ConfigPPWR                        0x00024bd9   Thumb Code    50  lpc17xx_clkpwr.o(.text)
    CLKPWR_Sleep                             0x00024c0b   Thumb Code    10  lpc17xx_clkpwr.o(.text)
    CLKPWR_DeepSleep                         0x00024c15   Thumb Code    20  lpc17xx_clkpwr.o(.text)
    CLKPWR_PowerDown                         0x00024c29   Thumb Code    20  lpc17xx_clkpwr.o(.text)
    CLKPWR_DeepPowerDown                     0x00024c3d   Thumb Code    20  lpc17xx_clkpwr.o(.text)
    check_failed                             0x00024c71   Thumb Code     4  lpc17xx_libcfg_default.o(.text)
    PINSEL_SetPinFunc                        0x00024c75   Thumb Code    60  lpc17xx_pinsel.o(.text)
    PINSEL_ConfigTraceFunc                   0x00024cb1   Thumb Code    34  lpc17xx_pinsel.o(.text)
    PINSEL_SetResistorMode                   0x00024cd3   Thumb Code    62  lpc17xx_pinsel.o(.text)
    PINSEL_SetOpenDrainMode                  0x00024d11   Thumb Code    44  lpc17xx_pinsel.o(.text)
    PINSEL_SetI2C0Pins                       0x00024d3d   Thumb Code    16  lpc17xx_pinsel.o(.text)
    PINSEL_ConfigPin                         0x00024d4d   Thumb Code    36  lpc17xx_pinsel.o(.text)
    GPIO_SetDir                              0x00024e11   Thumb Code    40  lpc17xx_gpio.o(.text)
    GPIO_SetValue                            0x00024e39   Thumb Code    20  lpc17xx_gpio.o(.text)
    GPIO_ClearValue                          0x00024e4d   Thumb Code    20  lpc17xx_gpio.o(.text)
    GPIO_ReadValue                           0x00024e61   Thumb Code    22  lpc17xx_gpio.o(.text)
    FIO_SetDir                               0x00024e77   Thumb Code    20  lpc17xx_gpio.o(.text)
    FIO_SetValue                             0x00024e8b   Thumb Code    16  lpc17xx_gpio.o(.text)
    FIO_ClearValue                           0x00024e9b   Thumb Code    16  lpc17xx_gpio.o(.text)
    FIO_ReadValue                            0x00024eab   Thumb Code    12  lpc17xx_gpio.o(.text)
    FIO_SetMask                              0x00024eb7   Thumb Code    40  lpc17xx_gpio.o(.text)
    FIO_HalfWordSetDir                       0x00024edf   Thumb Code    62  lpc17xx_gpio.o(.text)
    FIO_HalfWordSetMask                      0x00024f1d   Thumb Code    62  lpc17xx_gpio.o(.text)
    FIO_HalfWordSetValue                     0x00024f5b   Thumb Code    32  lpc17xx_gpio.o(.text)
    FIO_HalfWordClearValue                   0x00024f7b   Thumb Code    32  lpc17xx_gpio.o(.text)
    FIO_HalfWordReadValue                    0x00024f9b   Thumb Code    30  lpc17xx_gpio.o(.text)
    FIO_ByteSetDir                           0x00024fb9   Thumb Code    50  lpc17xx_gpio.o(.text)
    FIO_ByteSetMask                          0x00024feb   Thumb Code    66  lpc17xx_gpio.o(.text)
    FIO_ByteSetValue                         0x0002502d   Thumb Code    34  lpc17xx_gpio.o(.text)
    FIO_ByteClearValue                       0x0002504f   Thumb Code    34  lpc17xx_gpio.o(.text)
    FIO_ByteReadValue                        0x00025071   Thumb Code    32  lpc17xx_gpio.o(.text)
    RTC_Init                                 0x00025095   Thumb Code    46  lpc17xx_rtc.o(.text)
    RTC_DeInit                               0x000250c3   Thumb Code    36  lpc17xx_rtc.o(.text)
    RTC_ResetClockTickCounter                0x000250e7   Thumb Code    38  lpc17xx_rtc.o(.text)
    RTC_Cmd                                  0x0002510d   Thumb Code    62  lpc17xx_rtc.o(.text)
    RTC_CntIncrIntConfig                     0x0002514b   Thumb Code   282  lpc17xx_rtc.o(.text)
    RTC_AlarmIntConfig                       0x00025265   Thumb Code   282  lpc17xx_rtc.o(.text)
    RTC_SetTime                              0x0002537f   Thumb Code   336  lpc17xx_rtc.o(.text)
    RTC_GetTime                              0x000254cf   Thumb Code   166  lpc17xx_rtc.o(.text)
    RTC_SetFullTime                          0x00025575   Thumb Code   100  lpc17xx_rtc.o(.text)
    RTC_GetFullTime                          0x000255d9   Thumb Code   100  lpc17xx_rtc.o(.text)
    RTC_SetAlarmTime                         0x0002563d   Thumb Code   290  lpc17xx_rtc.o(.text)
    RTC_GetAlarmTime                         0x0002575f   Thumb Code   102  lpc17xx_rtc.o(.text)
    RTC_SetFullAlarmTime                     0x000257c5   Thumb Code   100  lpc17xx_rtc.o(.text)
    RTC_GetFullAlarmTime                     0x00025829   Thumb Code   100  lpc17xx_rtc.o(.text)
    RTC_GetIntPending                        0x0002588d   Thumb Code    70  lpc17xx_rtc.o(.text)
    RTC_ClearIntPending                      0x000258d3   Thumb Code    52  lpc17xx_rtc.o(.text)
    RTC_CalibCounterCmd                      0x00025907   Thumb Code    70  lpc17xx_rtc.o(.text)
    RTC_CalibConfig                          0x0002594d   Thumb Code    90  lpc17xx_rtc.o(.text)
    RTC_WriteGPREG                           0x000259a7   Thumb Code    62  lpc17xx_rtc.o(.text)
    RTC_ReadGPREG                            0x000259e5   Thumb Code    62  lpc17xx_rtc.o(.text)
    WDT_SetTimeOut                           0x00025a29   Thumb Code   222  lpc17xx_wdt.o(.text)
    WDT_Init                                 0x00025b07   Thumb Code    86  lpc17xx_wdt.o(.text)
    WDT_Feed                                 0x00025b5d   Thumb Code    22  lpc17xx_wdt.o(.text)
    WDT_Start                                0x00025b73   Thumb Code    44  lpc17xx_wdt.o(.text)
    WDT_ReadTimeOutFlag                      0x00025b9f   Thumb Code    12  lpc17xx_wdt.o(.text)
    WDT_ClrTimeOutFlag                       0x00025bab   Thumb Code    18  lpc17xx_wdt.o(.text)
    WDT_UpdateTimeOut                        0x00025bbd   Thumb Code    28  lpc17xx_wdt.o(.text)
    WDT_GetCurrentCount                      0x00025bd9   Thumb Code     8  lpc17xx_wdt.o(.text)
    AT45DB_Init                              0x00025c05   Thumb Code    14  at45db.o(.text)
    AT45DB_ReadStatus                        0x00025c13   Thumb Code    32  at45db.o(.text)
    AT45DB_GetFlashPara                      0x00025c33   Thumb Code    28  at45db.o(.text)
    AT45DB_WaitOK                            0x00025c4f   Thumb Code    38  at45db.o(.text)
    AT45DB_ReadByte                          0x00025c75   Thumb Code    92  at45db.o(.text)
    AT45DB_WriteBuffer                       0x00025cd1   Thumb Code   100  at45db.o(.text)
    AT45DB_WriteByte                         0x00025d35   Thumb Code   100  at45db.o(.text)
    AT45DB_Compare                           0x00025d99   Thumb Code    88  at45db.o(.text)
    AT45DB_ReadPage                          0x00025df1   Thumb Code    22  at45db.o(.text)
    AT45DB_WritePage                         0x00025e07   Thumb Code   122  at45db.o(.text)
    AT45DB_Test                              0x00025e81   Thumb Code     2  at45db.o(.text)
    spi_init                                 0x00025e89   Thumb Code   150  spi.o(.text)
    spi_hi_speed                             0x00025f1f   Thumb Code    20  spi.o(.text)
    spi_ss                                   0x00025f33   Thumb Code    50  spi.o(.text)
    spi_send                                 0x00025f65   Thumb Code    26  spi.o(.text)
    spi_sziku                                0x00025f7f   Thumb Code    50  spi.o(.text)
    OSInitHookBegin                          0x00025fc9   Thumb Code     2  osinithookbegin.o(.text)
    OSInitHookEnd                            0x00025fcb   Thumb Code     2  osinithookend.o(.text)
    OSTaskCreateHook                         0x00025fcd   Thumb Code     4  ostaskcreatehook.o(.text)
    OSTaskDelHook                            0x00025fd1   Thumb Code     4  ostaskdelhook.o(.text)
    OSTaskIdleHook                           0x00025fd5   Thumb Code     2  ostaskidlehook.o(.text)
    OSTaskStatHook                           0x00025fd7   Thumb Code     2  ostaskstathook.o(.text)
    OSTaskSwHook                             0x00025fd9   Thumb Code     2  ostaskswhook.o(.text)
    OSTCBInitHook                            0x00025fdb   Thumb Code     4  ostcbinithook.o(.text)
    OSTimeTickHook                           0x00025fdf   Thumb Code     2  ostimetickhook.o(.text)
    __semihosting$guard                      0x00025fe1   Thumb Code     0  use_no_semi.o(.text)
    __use_no_semihosting_swi                 0x00025fe1   Thumb Code     2  use_no_semi.o(.text)
    malloc                                   0x00025fe3   Thumb Code   100  h1_alloc.o(.text)
    free                                     0x00026047   Thumb Code    78  h1_free.o(.text)
    __c89vsprintf                            0x00026095   Thumb Code    32  c89vsprintf.o(.text)
    __2sprintf                               0x000260b9   Thumb Code    38  __2sprintf.o(.text)
    _printf_pre_padding                      0x000260e5   Thumb Code    44  _printf_pad.o(.text)
    _printf_post_padding                     0x00026111   Thumb Code    36  _printf_pad.o(.text)
    _printf_truncate_signed                  0x00026135   Thumb Code    18  _printf_truncate.o(.text)
    _printf_truncate_unsigned                0x00026147   Thumb Code    18  _printf_truncate.o(.text)
    _printf_str                              0x00026159   Thumb Code    82  _printf_str.o(.text)
    _printf_int_dec                          0x000261ad   Thumb Code    98  _printf_dec.o(.text)
    _printf_wctomb                           0x00026221   Thumb Code   182  _printf_wctomb.o(.text)
    _printf_longlong_oct                     0x000262dd   Thumb Code    76  _printf_oct_int_ll.o(.text)
    _printf_int_oct                          0x00026329   Thumb Code    24  _printf_oct_int_ll.o(.text)
    _printf_ll_oct                           0x00026341   Thumb Code    12  _printf_oct_int_ll.o(.text)
    _printf_longlong_hex                     0x00026355   Thumb Code    92  _printf_hex_int_ll_ptr.o(.text)
    _printf_int_hex                          0x000263b1   Thumb Code    28  _printf_hex_int_ll_ptr.o(.text)
    _printf_ll_hex                           0x000263cd   Thumb Code    12  _printf_hex_int_ll_ptr.o(.text)
    _printf_hex_ptr                          0x000263d9   Thumb Code    18  _printf_hex_int_ll_ptr.o(.text)
    __printf                                 0x000263f1   Thumb Code   406  __printf_flags_ss_wp.o(.text)
    strcpy                                   0x0002658d   Thumb Code    72  strcpy.o(.text)
    strlen                                   0x000265d5   Thumb Code    62  strlen.o(.text)
    strcat                                   0x00026613   Thumb Code    24  strcat.o(.text)
    __aeabi_memcpy                           0x0002662b   Thumb Code     0  rt_memcpy_v6.o(.text)
    __rt_memcpy                              0x0002662b   Thumb Code   138  rt_memcpy_v6.o(.text)
    _memcpy_lastbytes                        0x00026691   Thumb Code     0  rt_memcpy_v6.o(.text)
    __aeabi_memcpy4                          0x000266b5   Thumb Code     0  rt_memcpy_w.o(.text)
    __aeabi_memcpy8                          0x000266b5   Thumb Code     0  rt_memcpy_w.o(.text)
    __rt_memcpy_w                            0x000266b5   Thumb Code   100  rt_memcpy_w.o(.text)
    _memcpy_lastbytes_aligned                0x000266fd   Thumb Code     0  rt_memcpy_w.o(.text)
    __aeabi_memclr                           0x00026719   Thumb Code     0  rt_memclr.o(.text)
    __rt_memclr                              0x00026719   Thumb Code    68  rt_memclr.o(.text)
    _memset                                  0x0002671d   Thumb Code     0  rt_memclr.o(.text)
    __aeabi_memclr4                          0x0002675d   Thumb Code     0  rt_memclr_w.o(.text)
    __aeabi_memclr8                          0x0002675d   Thumb Code     0  rt_memclr_w.o(.text)
    __rt_memclr_w                            0x0002675d   Thumb Code    78  rt_memclr_w.o(.text)
    _memset_w                                0x00026761   Thumb Code     0  rt_memclr_w.o(.text)
    mktime                                   0x000267e3   Thumb Code   354  mktime.o(.text)
    __rt_heap_descriptor                     0x0002694d   Thumb Code    12  rt_heap_descriptor_intlibspace.o(.text)
    __use_no_heap                            0x00026959   Thumb Code     2  hguard.o(.text)
    __heap$guard                             0x0002695b   Thumb Code     2  hguard.o(.text)
    _terminate_user_alloc                    0x0002695d   Thumb Code     2  init_alloc.o(.text)
    _init_user_alloc                         0x0002695f   Thumb Code     2  init_alloc.o(.text)
    __Heap_Full                              0x00026961   Thumb Code    34  init_alloc.o(.text)
    __Heap_Broken                            0x00026983   Thumb Code     6  init_alloc.o(.text)
    _init_alloc                              0x00026989   Thumb Code    94  init_alloc.o(.text)
    __Heap_Initialize                        0x000269e7   Thumb Code    10  h1_init.o(.text)
    __Heap_DescSize                          0x000269f1   Thumb Code     4  h1_init.o(.text)
    _printf_int_common                       0x000269f5   Thumb Code   180  _printf_intcommon.o(.text)
    _printf_charcount                        0x00026aa9   Thumb Code    42  _printf_charcount.o(.text)
    _printf_char_common                      0x00026adf   Thumb Code    32  _printf_char_common.o(.text)
    _sputc                                   0x00026b05   Thumb Code    10  _sputc.o(.text)
    _printf_cs_common                        0x00026b0f   Thumb Code    20  _printf_char.o(.text)
    _printf_char                             0x00026b23   Thumb Code    16  _printf_char.o(.text)
    _printf_string                           0x00026b33   Thumb Code     8  _printf_char.o(.text)
    _printf_lcs_common                       0x00026b3b   Thumb Code    20  _printf_wchar.o(.text)
    _printf_wchar                            0x00026b4f   Thumb Code    16  _printf_wchar.o(.text)
    _printf_wstring                          0x00026b5f   Thumb Code     8  _printf_wchar.o(.text)
    _printf_longlong_dec                     0x00026b69   Thumb Code   104  _printf_longlong_dec.o(.text)
    _wcrtomb                                 0x00026be1   Thumb Code    64  _wcrtomb.o(.text)
    __rt_udiv10                              0x00026c21   Thumb Code    16  rtudiv10.o(.text)
    __user_libspace                          0x00026c31   Thumb Code     8  libspace.o(.text)
    __user_perproc_libspace                  0x00026c31   Thumb Code     0  libspace.o(.text)
    __user_perthread_libspace                0x00026c31   Thumb Code     0  libspace.o(.text)
    __rt_ctype_table                         0x00026c39   Thumb Code    16  rt_ctype_table.o(.text)
    __Heap_ProvideMemory                     0x00026c49   Thumb Code    50  h1_extend.o(.text)
    _ll_udiv10                               0x00026c7b   Thumb Code   138  lludiv10.o(.text)
    __lib_sel_fp_printf                      0x00026d05   Thumb Code     2  _printf_fp_dec.o(.text)
    _printf_fp_dec_real                      0x00026eab   Thumb Code   616  _printf_fp_dec.o(.text)
    __rt_SIGRTMEM                            0x00027113   Thumb Code    14  defsig_rtmem_outer.o(.text)
    __rt_heap_escrow                         0x00027121   Thumb Code    20  heapauxa.o(.text)
    __rt_heap_expand                         0x00027135   Thumb Code    46  heapauxa.o(.text)
    __user_setup_stackheap                   0x0002716d   Thumb Code    74  sys_stackheap_outer.o(.text)
    __rt_locale                              0x000271b9   Thumb Code    12  rt_locale_intlibspace.o(.text)
    _printf_fp_infnan                        0x000271c5   Thumb Code   108  _printf_fp_infnan.o(.text)
    _btod_etento                             0x00027241   Thumb Code   230  bigflt0.o(.text)
    exit                                     0x0002732d   Thumb Code    12  exit.o(.text)
    __sig_exit                               0x00027339   Thumb Code    10  defsig_exit.o(.text)
    __rt_SIGRTMEM_inner                      0x00027345   Thumb Code    20  defsig_rtmem_inner.o(.text)
    __default_signal_display                 0x00027391   Thumb Code    50  defsig_general.o(.text)
    strcmp                                   0x000273c5   Thumb Code   128  strcmpv7m.o(.text)
    __rt_fp_status_addr                      0x00027445   Thumb Code    12  rt_fp_status_addr_intlibspace.o(.text)
    _btod_d2e                                0x00027451   Thumb Code    62  btod.o(CL$$btod_d2e)
    _d2e_denorm_low                          0x0002748f   Thumb Code    70  btod.o(CL$$btod_d2e_denorm_low)
    _d2e_norm_op1                            0x000274d5   Thumb Code    96  btod.o(CL$$btod_d2e_norm_op1)
    __btod_div_common                        0x00027535   Thumb Code   696  btod.o(CL$$btod_div_common)
    _e2e                                     0x0002786d   Thumb Code   198  btod.o(CL$$btod_e2e)
    _btod_ediv                               0x00027933   Thumb Code    40  btod.o(CL$$btod_ediv)
    _btod_emul                               0x0002795b   Thumb Code    40  btod.o(CL$$btod_emul)
    __btod_mult_common                       0x00027983   Thumb Code   580  btod.o(CL$$btod_mult_common)
    __ARM_fpclassify                         0x00027bc7   Thumb Code    40  fpclassify.o(i.__ARM_fpclassify)
    _get_lc_ctype                            0x00027bf1   Thumb Code    44  lc_ctype_c.o(locale$$code)
    _get_lc_numeric                          0x00027c1d   Thumb Code    44  lc_numeric_c.o(locale$$code)
    __user_initial_stackheap                 0x00027c49   Thumb Code     0  rt_sys_s.o(rt_sys)
    _fp_init                                 0x00027c51   Thumb Code    14  fpinit.o(x$fpl$fpinit)
    __fplib_config_pureend_doubles           0x00027c5d   Thumb Code     0  fpinit.o(x$fpl$fpinit)
    _printf_fp_dec                           0x00027c5f   Thumb Code     4  printf1.o(x$fpl$printf1)
    ThankyouPic2                             0x00027c62   Data        3840  lcd.o(.constdata)
    __I$use$fp                               0x00027c63   Thumb Code     0  usenofp.o(x$fpl$usenofp)
    Menu_PasswordID                          0x00028c10   Data           4  dispmenu.o(.constdata)
    Menu_LanguageID                          0x00028c14   Data          16  dispmenu.o(.constdata)
    Menu_SysLanguageID                       0x00028c24   Data          16  dispmenu.o(.constdata)
    Menu_RootID                              0x00028c34   Data          32  dispmenu.o(.constdata)
    Menu_InputChannelNoID                    0x00028c54   Data           4  dispmenu.o(.constdata)
    Menu_ChannelID                           0x00028c58   Data          20  dispmenu.o(.constdata)
    Menu_AddInputLayerNumID                  0x00028c6c   Data           4  dispmenu.o(.constdata)
    Menu_InputAddGoodsID                     0x00028c70   Data           8  dispmenu.o(.constdata)
    Menu_DriverID                            0x00028c78   Data          72  dispmenu.o(.constdata)
    Menu_NoteTestConfirmID                   0x00028cc0   Data           8  dispmenu.o(.constdata)
    Menu_CoinsTestConfirmID                  0x00028cc8   Data           8  dispmenu.o(.constdata)
    Menu_DriverInputNumID                    0x00028cd0   Data           4  dispmenu.o(.constdata)
    Menu_KeyTestID                           0x00028cd4   Data           4  dispmenu.o(.constdata)
    Menu_BusinessID                          0x00028cd8   Data         108  dispmenu.o(.constdata)
    Menu_ChangeValueID                       0x00028d44   Data          12  dispmenu.o(.constdata)
    Menu_SetNoteID                           0x00028d50   Data          16  dispmenu.o(.constdata)
    Menu_SetReaderID                         0x00028d60   Data           8  dispmenu.o(.constdata)
    Menu_NoteValueID                         0x00028d68   Data          32  dispmenu.o(.constdata)
    Menu_CoinValueID                         0x00028d88   Data          32  dispmenu.o(.constdata)
    Menu_HoldNoteID                          0x00028da8   Data          32  dispmenu.o(.constdata)
    Menu_TransactionsID                      0x00028dc8   Data          24  dispmenu.o(.constdata)
    Menu_PaymentsID                          0x00028de0   Data          32  dispmenu.o(.constdata)
    Menu_PaymentsIDJidu                      0x00028e00   Data          32  dispmenu.o(.constdata)
    Menu_GoodsID                             0x00028e20   Data          12  dispmenu.o(.constdata)
    Menu_GoodsIDJidu                         0x00028e2c   Data           4  dispmenu.o(.constdata)
    Menu_TransInputChannelNoID               0x00028e30   Data           4  dispmenu.o(.constdata)
    Menu_TransInputChannelNoIDJIDU           0x00028e34   Data           4  dispmenu.o(.constdata)
    Menu_TransChannelID                      0x00028e38   Data          16  dispmenu.o(.constdata)
    Menu_TransChannelIDJIDU                  0x00028e48   Data          12  dispmenu.o(.constdata)
    Menu_SystemID                            0x00028e54   Data          32  dispmenu.o(.constdata)
    Menu_TimeSetID                           0x00028e74   Data          20  dispmenu.o(.constdata)
    Menu_TempSetID                           0x00028e88   Data          20  dispmenu.o(.constdata)
    Menu_LEDSetID                            0x00028e9c   Data          20  dispmenu.o(.constdata)
    Menu_InputLayerNumID                     0x00028eb0   Data           4  dispmenu.o(.constdata)
    Menu_SetChannelID                        0x00028eb4   Data          92  dispmenu.o(.constdata)
    Menu_NewPasswordID                       0x00028f10   Data           8  dispmenu.o(.constdata)
    Menu_ConfirmationID                      0x00028f18   Data           8  dispmenu.o(.constdata)
    Menu_ConfirmationIDJidu                  0x00028f20   Data           8  dispmenu.o(.constdata)
    Menu_SetConfirmationID                   0x00028f28   Data           8  dispmenu.o(.constdata)
    Menu_SetAdminID                          0x00028f30   Data           8  dispmenu.o(.constdata)
    MenuNULL                                 0x00028f38   Data          15  dispmenu.o(.constdata)
    CrcTable                                 0x00028f48   Data        1024  itl.o(.constdata)
    gb2unicode_0xa1_0xa9                     0x00029348   Data        1696  ucsgbk.o(.constdata)
    gb2unicode_0xb0_0xf7                     0x000299e8   Data       13536  ucsgbk.o(.constdata)
    unicode2gb_0x4E00_0x9FA0                 0x0002cec8   Data       41794  ucsgbk.o(.constdata)
    unicode2gb_0x00A4_0x0451                 0x0003720a   Data        1884  ucsgbk.o(.constdata)
    unicode2gb_0x2015_0x2642                 0x00037966   Data        3164  ucsgbk.o(.constdata)
    unicode2gb_0x3000_0x3229                 0x000385c2   Data        1108  ucsgbk.o(.constdata)
    unicode2gb_0xFF01_0xFFE5                 0x00038a16   Data         458  ucsgbk.o(.constdata)
    ThankyouPic                              0x00038be0   Data        3840  pitufont.o(.constdata)
    PingtuLOGO                               0x00039ae0   Data         775  pitufont.o(.constdata)
    EasivendLOGO                             0x00039de7   Data         775  pitufont.o(.constdata)
    TuerqiLOGO                               0x0003a0ee   Data         775  pitufont.o(.constdata)
    Strlib                                   0x0003a3f6   Data         566  pitufont.o(.constdata)
    CAlib                                    0x0003a62c   Data        9056  pitufont.o(.constdata)
    Shuzilib                                 0x0003c98c   Data         158  pitufont.o(.constdata)
    ShuziCAlib                               0x0003ca2a   Data        1264  pitufont.o(.constdata)
    ShuziCAlib_chuti                         0x0003cf1a   Data        1264  pitufont.o(.constdata)
    ShuziCAlib_chutimode                     0x0003d40a   Data        5056  pitufont.o(.constdata)
    ShuziCAlib_chutibig                      0x0003e7ca   Data       11376  pitufont.o(.constdata)
    Russianlib                               0x0004143a   Data         132  pitufont.o(.constdata)
    RussianCAlib                             0x000414be   Data        2112  pitufont.o(.constdata)
    Speclib                                  0x00041cfe   Data          24  pitufont.o(.constdata)
    SpecCAlib                                0x00041d16   Data         192  pitufont.o(.constdata)
    SpecStrlib                               0x00041dd6   Data           8  pitufont.o(.constdata)
    SpecStrCAlib                             0x00041dde   Data         128  pitufont.o(.constdata)
    SpecStrCAlib_chutimode                   0x00041e5e   Data         512  pitufont.o(.constdata)
    OSMapTbl                                 0x0004205e   Data           8  os_core.o(.constdata)
    OSUnMapTbl                               0x00042066   Data         256  os_core.o(.constdata)
    _monlen                                  0x000421a9   Data          12  _monlen.o(.constdata)
    Region$$Table$$Base                      0x00046cec   Number         0  anon$$obj.o(Region$$Table)
    Region$$Table$$Limit                     0x00046d0c   Number         0  anon$$obj.o(Region$$Table)
    __ctype                                  0x00046d19   Data           0  lc_ctype_c.o(locale$$data)
    DispMsgFlag                              0x10000000   Data           4  main.o(.data)
    DispMsgFlag1                             0x10000004   Data           4  main.o(.data)
    g_ChangeMinCh                            0x10000008   Data           1  main.o(.data)
    g_EscrowMinCh                            0x10000009   Data           1  main.o(.data)
    g_BillNum                                0x1000000a   Data           2  main.o(.data)
    g_CoinMinValue                           0x1000000c   Data           2  main.o(.data)
    g_KeyStat                                0x1000000e   Data           2  main.o(.data)
    g_pvmcFlag                               0x10000010   Data           4  main.o(.data)
    CashState                                0x10000014   Data           3  main.o(.data)
    g_Amount                                 0x10000018   Data           4  main.o(.data)
    g_CoinLeft                               0x1000001c   Data           4  main.o(.data)
    g_coin1Num                               0x10000020   Data           4  main.o(.data)
    g_coin2Num                               0x10000024   Data           4  main.o(.data)
    g_CoinRealLeft                           0x10000028   Data           4  main.o(.data)
    TimerDly                                 0x1000002c   Data           6  main.o(.data)
    KeyMsgArray                              0x10000034   Data           8  main.o(.data)
    g_InitSem                                0x1000003c   Data           4  main.o(.data)
    g_PCSem                                  0x10000040   Data           4  main.o(.data)
    g_CommBackMsg                            0x10000044   Data           4  main.o(.data)
    g_GPRSMsg                                0x10000048   Data           4  main.o(.data)
    g_CommMsg                                0x1000004c   Data           4  main.o(.data)
    g_KeyMsg                                 0x10000050   Data           4  main.o(.data)
    g_MoneyMsg                               0x10000054   Data           4  main.o(.data)
    g_CoinPlusMsg                            0x10000058   Data           4  main.o(.data)
    g_PCCMDMsg                               0x1000005c   Data           4  main.o(.data)
    g_PCCommMsg                              0x10000060   Data           4  main.o(.data)
    g_PCCommBackMsg                          0x10000064   Data           4  main.o(.data)
    mbVmcToCashless                          0x10000068   Data           4  main.o(.data)
    mbCashlessToVmc                          0x1000006c   Data           4  main.o(.data)
    retCode                                  0x10000070   Data           4  main.o(.data)
    pUart                                    0x10000074   Data           4  main.o(.data)
    KeyDownStat                              0x10000078   Data           1  keypad.o(.data)
    newkey                                   0x1000007a   Data           1  keypad.o(.data)
    oldkey                                   0x1000007b   Data           1  keypad.o(.data)
    Tick                                     0x1000007c   Data           1  timer.o(.data)
    ChnTestFlag                              0x10000080   Data           1  menu.o(.data)
    Menu_WrongPassword                       0x10000084   Data          16  menu.o(.data)
    Menu_ChannelUpdate                       0x10000094   Data          64  menu.o(.data)
    Menu_ACDC                                0x100000d4   Data         112  menu.o(.data)
    InLayerNO                                0x10000146   Data           1  menu.o(.data)
    InCHNO                                   0x10000147   Data           1  menu.o(.data)
    NowChannel                               0x10000148   Data           1  menu.o(.data)
    NowLayerNo                               0x10000149   Data           1  menu.o(.data)
    NowLayerAll                              0x1000014a   Data           1  menu.o(.data)
    NowCHNO                                  0x1000014b   Data           1  menu.o(.data)
    m_SetArrayNo                             0x1000014c   Data           1  menu.o(.data)
    TempNewPassword                          0x10000150   Data           4  menu.o(.data)
    TempNewPassword2                         0x10000154   Data           4  menu.o(.data)
    InputCol                                 0x10000158   Data           1  menu.o(.data)
    BusinessNo                               0x10000159   Data           1  menu.o(.data)
    PASSWORD                                 0x1000015a   Data           1  menu.o(.data)
    DOT                                      0x1000015b   Data           1  menu.o(.data)
    FDot                                     0x1000015c   Data           1  menu.o(.data)
    FDot1                                    0x1000015d   Data           1  menu.o(.data)
    FDot2                                    0x1000015e   Data           1  menu.o(.data)
    FSave                                    0x1000015f   Data           1  menu.o(.data)
    KeyFuncPtr                               0x10000160   Data           4  menu.o(.data)
    KeyInitPtr                               0x10000164   Data           4  menu.o(.data)
    CursorLine                               0x10000168   Data           1  menu.o(.data)
    iMenuID                                  0x1000016c   Data           4  menu.o(.data)
    iMenuNextID                              0x10000170   Data           4  menu.o(.data)
    cMenuTemp1                               0x10000174   Data           1  menu.o(.data)
    cMenuTemp2                               0x10000175   Data           1  menu.o(.data)
    cMenuTemp3                               0x10000176   Data           1  menu.o(.data)
    StrPoint                                 0x10000177   Data           6  menu.o(.data)
    InputTest                                0x1000017d   Data           1  menu.o(.data)
    InputMode                                0x1000017e   Data           1  menu.o(.data)
    InputSite                                0x1000017f   Data           1  menu.o(.data)
    offset                                   0x10000180   Data           1  menu.o(.data)
    InputNum                                 0x10000184   Data           4  menu.o(.data)
    InputDone                                0x10000188   Data           1  menu.o(.data)
    cBillSingleWork                          0x10000189   Data           1  devtaskfun.o(.data)
    cGOCErrorSevice                          0x1000018a   Data           1  devtaskfun.o(.data)
    cRecordPassword                          0x1000018b   Data           1  devtaskfun.o(.data)
    cDontReduceNum                           0x1000018c   Data           1  devtaskfun.o(.data)
    Disp_Init                                0x10000190   Data          16  saletaskfun.o(.data)
    Disp_Fault                               0x100001a0   Data         320  saletaskfun.o(.data)
    Disp_Main                                0x100002e0   Data          32  saletaskfun.o(.data)
    Disp_Main_2                              0x10000300   Data          32  saletaskfun.o(.data)
    Disp_Input                               0x10000320   Data         112  saletaskfun.o(.data)
    Disp_ChInput                             0x10000390   Data          64  saletaskfun.o(.data)
    Disp_ChnPara                             0x100003d0   Data          32  saletaskfun.o(.data)
    Disp_ChnState                            0x100003f0   Data          64  saletaskfun.o(.data)
    Disp_Deal                                0x10000430   Data         208  saletaskfun.o(.data)
    Disp_GoodsOut                            0x10000500   Data          32  saletaskfun.o(.data)
    Disp_Change                              0x10000520   Data         112  saletaskfun.o(.data)
    Disp_Wait                                0x10000590   Data          16  saletaskfun.o(.data)
    Disp_Timeout                             0x100005a0   Data          16  saletaskfun.o(.data)
    Disp_End                                 0x100005b0   Data          48  saletaskfun.o(.data)
    Disp_Confirm                             0x100005e0   Data          64  saletaskfun.o(.data)
    Disp_Blank                               0x10000620   Data           4  saletaskfun.o(.data)
    ChgAmount                                0x10000628   Data           4  saletaskfun.o(.data)
    MdbStatus                                0x1000062c   Data           1  uart.o(.data)
    Uart3_RIndex                             0x1000062e   Data           2  uart.o(.data)
    Uart3_FIndex                             0x10000630   Data           2  uart.o(.data)
    Uart2_RIndex                             0x10000632   Data           1  uart.o(.data)
    Uart2_FIndex                             0x10000633   Data           1  uart.o(.data)
    Uart2_Mode                               0x10000634   Data           1  uart.o(.data)
    evbbuf                                   0x10000635   Data           8  drv.o(.data)
    DRVSN                                    0x1000063d   Data           1  drv.o(.data)
    HopperSN                                 0x1000063e   Data           3  hopper.o(.data)
    HopperNo                                 0x10000641   Data           3  hopper.o(.data)
    GbaAck                                   0x10000644   Data           1  gbahr1.o(.data)
    BillAcpt                                 0x10000648   Data           2  billacceptor.o(.data)
    BillRstStat                              0x1000064a   Data           1  billacceptor.o(.data)
    BillCommErr                              0x1000064b   Data           1  billacceptor.o(.data)
    BillValueErr                             0x1000064c   Data           1  billacceptor.o(.data)
    BillStackerFull                          0x1000064d   Data           1  billacceptor.o(.data)
    BillInValid                              0x1000064e   Data           1  billacceptor.o(.data)
    BillStat                                 0x10000650   Data           2  billacceptor.o(.data)
    CoinDpst                                 0x10000655   Data           2  coinacceptor.o(.data)
    CoinRstStat                              0x10000657   Data           1  coinacceptor.o(.data)
    CoinCommErr                              0x10000658   Data           1  coinacceptor.o(.data)
    CoinValueErr                             0x10000659   Data           1  coinacceptor.o(.data)
    CoinTubeFull                             0x1000065a   Data           1  coinacceptor.o(.data)
    CoinStat                                 0x1000065c   Data           2  coinacceptor.o(.data)
    CoinsInTube                              0x10000660   Data           4  coinacceptor.o(.data)
    ChangerpBuf                              0x10000664   Data           8  changer.o(.data)
    ChangerCommErr                           0x1000066c   Data           8  changer.o(.data)
    ChangerStat                              0x10000674   Data           8  changer.o(.data)
    ChangerDisStat                           0x1000067c   Data           8  changer.o(.data)
    ChangerLeftAmount                        0x10000684   Data           4  changer.o(.data)
    Menu_Password                            0x10000688   Data          16  dispmenu.o(.data)
    Menu_Language                            0x10000698   Data          32  dispmenu.o(.data)
    Menu_Root                                0x100006b8   Data         128  dispmenu.o(.data)
    Menu_InputChannelNo                      0x10000738   Data          16  dispmenu.o(.data)
    Menu_Channel                             0x10000748   Data          80  dispmenu.o(.data)
    Menu_AddInputLayerNum                    0x10000798   Data          16  dispmenu.o(.data)
    Menu_InputAddGoods                       0x100007a8   Data          32  dispmenu.o(.data)
    Menu_Driver                              0x100007c8   Data         288  dispmenu.o(.data)
    Menu_KeyTest                             0x100008e8   Data          16  dispmenu.o(.data)
    Menu_NoteTestConfirm                     0x100008f8   Data          32  dispmenu.o(.data)
    Menu_CoinsTestConfirm                    0x10000918   Data          32  dispmenu.o(.data)
    Menu_DriverInputNum                      0x10000938   Data          16  dispmenu.o(.data)
    Menu_Business                            0x10000948   Data         432  dispmenu.o(.data)
    Menu_ChangeValue                         0x10000af8   Data          48  dispmenu.o(.data)
    Menu_SetNote                             0x10000b28   Data          64  dispmenu.o(.data)
    Menu_SetReader                           0x10000b68   Data          32  dispmenu.o(.data)
    Menu_NoteValue                           0x10000b88   Data         128  dispmenu.o(.data)
    Menu_CoinValue                           0x10000c08   Data         128  dispmenu.o(.data)
    Menu_HoldNote                            0x10000c88   Data          32  dispmenu.o(.data)
    Menu_Transactions                        0x10000ca8   Data          96  dispmenu.o(.data)
    Menu_Payments                            0x10000d08   Data         128  dispmenu.o(.data)
    Menu_Goods                               0x10000d88   Data          48  dispmenu.o(.data)
    Menu_GoodsJidu                           0x10000db8   Data          16  dispmenu.o(.data)
    Menu_TransInputChannelNo                 0x10000dc8   Data          16  dispmenu.o(.data)
    Menu_TransChannel                        0x10000dd8   Data          64  dispmenu.o(.data)
    Menu_TransChannelJidu                    0x10000e18   Data          48  dispmenu.o(.data)
    Menu_System                              0x10000e48   Data         128  dispmenu.o(.data)
    Menu_TimeSet                             0x10000ec8   Data          80  dispmenu.o(.data)
    Menu_TempSet                             0x10000f18   Data          80  dispmenu.o(.data)
    Menu_LEDSet                              0x10000f68   Data          80  dispmenu.o(.data)
    Menu_InputLayerNum                       0x10000fb8   Data          16  dispmenu.o(.data)
    Menu_SetChannel                          0x10000fc8   Data         368  dispmenu.o(.data)
    Menu_NewPassword                         0x10001138   Data          32  dispmenu.o(.data)
    Menu_Confirmation                        0x10001158   Data          32  dispmenu.o(.data)
    Menu_SetConfirmation                     0x10001178   Data          32  dispmenu.o(.data)
    KeyTab                                   0x10001198   Data        4752  dispmenu.o(.data)
    Language                                 0x10002428   Data         384  language.o(.data)
    pcfCurCentury                            0x100025a8   Data           1  pcf8563t.o(.data)
    I2C0_State                               0x100025a9   Data           1  i2c.o(.data)
    I2C0_Count                               0x100025aa   Data           1  i2c.o(.data)
    I2C0_RdIndex                             0x100025ab   Data           1  i2c.o(.data)
    I2C0_WrIndex                             0x100025ac   Data           1  i2c.o(.data)
    I2C0_CmdType                             0x100025ad   Data           1  i2c.o(.data)
    I2C0_Mode                                0x100025ae   Data           1  i2c.o(.data)
    I2C0_Buffer                              0x100025af   Data           4  i2c.o(.data)
    I2C0_RdLength                            0x100025b3   Data           1  i2c.o(.data)
    I2C0_WrLength                            0x100025b4   Data           1  i2c.o(.data)
    CurrentPayed                             0x100025b8   Data           2  vmc_pc.o(.data)
    HardWareErr                              0x100025ba   Data           2  vmc_pc.o(.data)
    Menu_ChannelOpt                          0x100025bc   Data         152  vmc_pc.o(.data)
    SelectKeySN                              0x10002654   Data           6  selectkey.o(.data)
    SelectKeyNo                              0x1000265a   Data           6  selectkey.o(.data)
    Uart1_RIndex                             0x10002660   Data           2  uart1.o(.data)
    Uart1_FIndex                             0x10002662   Data           2  uart1.o(.data)
    ACDCModuleSN                             0x10002664   Data           1  acdc.o(.data)
    OSCtxSwCtr                               0x10002668   Data           4  os_core.o(.data)
    OSEventFreeList                          0x1000266c   Data           4  os_core.o(.data)
    OSFlagFreeList                           0x10002670   Data           4  os_core.o(.data)
    OSCPUUsage                               0x10002674   Data           1  os_core.o(.data)
    OSIdleCtrMax                             0x10002678   Data           4  os_core.o(.data)
    OSIdleCtrRun                             0x1000267c   Data           4  os_core.o(.data)
    OSStatRdy                                0x10002680   Data           1  os_core.o(.data)
    OSIntNesting                             0x10002681   Data           1  os_core.o(.data)
    OSIntExitY                               0x10002682   Data           1  os_core.o(.data)
    OSLockNesting                            0x10002683   Data           1  os_core.o(.data)
    OSPrioCur                                0x10002684   Data           1  os_core.o(.data)
    OSPrioHighRdy                            0x10002685   Data           1  os_core.o(.data)
    OSRdyGrp                                 0x10002686   Data           1  os_core.o(.data)
    OSRdyTbl                                 0x10002687   Data           8  os_core.o(.data)
    OSRunning                                0x1000268f   Data           1  os_core.o(.data)
    OSTaskCtr                                0x10002690   Data           1  os_core.o(.data)
    OSIdleCtr                                0x10002694   Data           4  os_core.o(.data)
    OSTCBCur                                 0x10002698   Data           4  os_core.o(.data)
    OSTCBFreeList                            0x1000269c   Data           4  os_core.o(.data)
    OSTCBHighRdy                             0x100026a0   Data           4  os_core.o(.data)
    OSTCBList                                0x100026a4   Data           4  os_core.o(.data)
    OSMemFreeList                            0x100026a8   Data           4  os_core.o(.data)
    OSQFreeList                              0x100026ac   Data           4  os_core.o(.data)
    OSTime                                   0x100026b0   Data           4  os_core.o(.data)
    __GuiOsEnterSum                          0x100026b4   Data           4  os_cpu_c.o(.data)
    pfnModemCbs                              0x100026b8   Data           4  lpc17xx_uart.o(.data)
    uart0                                    0x100026bc   Data          24  uartdev_lpc17xx.o(.data)
    SystemCoreClock                          0x100026ec   Data           4  system_lpc17xx.o(.data)
    Channels                                 0x100026f4   Data        2240  main.o(.bss)
    IncomeValue                              0x10002fb4   Data          64  main.o(.bss)
    OutcomeValue                             0x10002ff4   Data          64  main.o(.bss)
    SYSPara                                  0x10003034   Data         176  main.o(.bss)
    SYSPara1                                 0x100030e4   Data          16  main.o(.bss)
    SYSPara2                                 0x100030f4   Data          13  main.o(.bss)
    TranData                                 0x10003104   Data         184  main.o(.bss)
    TranTotal                                0x100031bc   Data         412  main.o(.bss)
    sysXMTMission                            0x10003358   Data          52  main.o(.bss)
    colSystemPara                            0x1000338c   Data          80  main.o(.bss)
    keyVisible                               0x100033dc   Data         245  main.o(.bss)
    g_CoinTypeNum                            0x100034d2   Data          16  main.o(.bss)
    CashTypeEnBit                            0x100034e2   Data          10  main.o(.bss)
    HopperPara                               0x100034ec   Data          24  main.o(.bss)
    ChnMapPara                               0x10003504   Data         176  main.o(.bss)
    MsgBack                                  0x100035b4   Data          40  main.o(.bss)
    CoinPlusArray                            0x100035dc   Data          80  main.o(.bss)
    TASK0_STACK                              0x1000362c   Data        1024  main.o(.bss)
    TASKB_STACK                              0x10003a2c   Data        2048  main.o(.bss)
    TASKC_STACK                              0x1000422c   Data        2048  main.o(.bss)
    Task_DEXServer_STACK                     0x10004a2c   Data        2048  main.o(.bss)
    Task_CoinPlus_STACK                      0x1000522c   Data        2048  main.o(.bss)
    bufTx                                    0x10005a2c   Data          20  main.o(.bss)
    bufRx                                    0x10005a40   Data          20  main.o(.bss)
    MdbBuf                                   0x10005a54   Data          36  mdb.o(.bss)
    StrInit                                  0x10005a78   Data          22  menu.o(.bss)
    strkey                                   0x10005a8e   Data          16  menu.o(.bss)
    strnum                                   0x10005a9e   Data          10  saletaskfun.o(.bss)
    Uart3_RdBuf                              0x10005aa8   Data         255  uart.o(.bss)
    Uart2_RdBuf                              0x10005ba7   Data          36  uart.o(.bss)
    gbabuf                                   0x10005bcb   Data          12  gbahr1.o(.bss)
    BillPara                                 0x10005bd8   Data          14  billacceptor.o(.bss)
    CoinPara                                 0x10005be6   Data          10  coinacceptor.o(.bss)
    ITLMsgBuf                                0x10005bf0   Data         255  itl.o(.bss)
    sysITLMission                            0x10005cf0   Data         564  itl.o(.bss)
    VPMsgBuf                                 0x10005f24   Data         255  vmc_pc.o(.bss)
    sysVPMission                             0x10006024   Data         944  vmc_pc.o(.bss)
    sysGoodsMatrix                           0x100063d4   Data        1008  vmc_pc.o(.bss)
    evbbuf2                                  0x100067c4   Data          20  selectkey.o(.bss)
    Uart1_RdBuf                              0x100067d8   Data         255  uart1.o(.bss)
    ReaderPara                               0x100068d8   Data          26  reader.o(.bss)
    evbAcdcbuf                               0x100068f2   Data          20  acdc.o(.bss)
    OSEventTbl                               0x10006908   Data        1088  os_core.o(.bss)
    OSFlagTbl                                0x10006d48   Data         180  os_core.o(.bss)
    OSTaskStatStk                            0x10006dfc   Data        1024  os_core.o(.bss)
    OSTaskIdleStk                            0x100071fc   Data        1024  os_core.o(.bss)
    OSTCBPrioTbl                             0x100075fc   Data         256  os_core.o(.bss)
    OSTCBTbl                                 0x100076fc   Data        1144  os_core.o(.bss)
    OSMemTbl                                 0x10007b74   Data         300  os_core.o(.bss)
    OSQTbl                                   0x10007ca0   Data         288  os_core.o(.bss)
    uartCbsDat                               0x10007dc0   Data          64  lpc17xx_uart.o(.bss)
    __libspace_start                         0x10007f10   Data          96  libspace.o(.bss)
    __temporary_stack_top$libspace           0x10007f70   Data           0  libspace.o(.bss)



==============================================================================

Memory Map of the image

  Image Entry point : 0x000000cd

  Load Region ROM_LOAD (Base: 0x00000000, Size: 0x0004952c, Max: 0xffffffff, ABSOLUTE, COMPRESSED[0x000486e0])

    Execution Region VECTOR (Base: 0x00000000, Size: 0x000000cc, Max: 0xffffffff, ABSOLUTE)

    Base Addr    Size         Type   Attr      Idx    E Section Name        Object

    0x00000000   0x000000cc   Data   RO         1178    .constdata          vector_table.o


    Execution Region ROM_EXEC (Base: 0x000000cc, Size: 0x00046d6c, Max: 0xffffffff, ABSOLUTE)

    Base Addr    Size         Type   Attr      Idx    E Section Name        Object

    0x000000cc   0x00000008   Code   RO         2612  * !!!main             c_w.l(__main.o)(c_w.l)
    0x000000d4   0x00000034   Code   RO         2915    !!!scatter          c_w.l(__scatter.o)(c_w.l)
    0x00000108   0x0000005a   Code   RO         2913    !!dczerorl2         c_w.l(__dczerorl2.o)(c_w.l)
    0x00000162   0x00000002   PAD
    0x00000164   0x0000001c   Code   RO         2917    !!handler_zi        c_w.l(__scatter_zi.o)(c_w.l)
    0x00000180   0x00000000   Code   RO         2592    .ARM.Collect$$_printf_percent$$00000000  c_w.l(_printf_percent.o)(c_w.l)
    0x00000180   0x00000006   Code   RO         2661    .ARM.Collect$$_printf_percent$$00000001  c_w.l(_printf_n.o)(c_w.l)
    0x00000186   0x00000006   Code   RO         2662    .ARM.Collect$$_printf_percent$$00000002  c_w.l(_printf_p.o)(c_w.l)
    0x0000018c   0x00000006   Code   RO         2663    .ARM.Collect$$_printf_percent$$00000003  c_w.l(_printf_f.o)(c_w.l)
    0x00000192   0x00000006   Code   RO         2664    .ARM.Collect$$_printf_percent$$00000004  c_w.l(_printf_e.o)(c_w.l)
    0x00000198   0x00000006   Code   RO         2665    .ARM.Collect$$_printf_percent$$00000005  c_w.l(_printf_g.o)(c_w.l)
    0x0000019e   0x00000006   Code   RO         2666    .ARM.Collect$$_printf_percent$$00000006  c_w.l(_printf_a.o)(c_w.l)
    0x000001a4   0x0000000a   Code   RO         2671    .ARM.Collect$$_printf_percent$$00000007  c_w.l(_printf_ll.o)(c_w.l)
    0x000001ae   0x00000006   Code   RO         2589    .ARM.Collect$$_printf_percent$$00000008  c_w.l(_printf_i.o)(c_w.l)
    0x000001b4   0x00000006   Code   RO         2590    .ARM.Collect$$_printf_percent$$00000009  c_w.l(_printf_d.o)(c_w.l)
    0x000001ba   0x00000006   Code   RO         2591    .ARM.Collect$$_printf_percent$$0000000A  c_w.l(_printf_u.o)(c_w.l)
    0x000001c0   0x00000006   Code   RO         2588    .ARM.Collect$$_printf_percent$$0000000B  c_w.l(_printf_o.o)(c_w.l)
    0x000001c6   0x00000006   Code   RO         2587    .ARM.Collect$$_printf_percent$$0000000C  c_w.l(_printf_x.o)(c_w.l)
    0x000001cc   0x00000006   Code   RO         2668    .ARM.Collect$$_printf_percent$$0000000D  c_w.l(_printf_lli.o)(c_w.l)
    0x000001d2   0x00000006   Code   RO         2669    .ARM.Collect$$_printf_percent$$0000000E  c_w.l(_printf_lld.o)(c_w.l)
    0x000001d8   0x00000006   Code   RO         2670    .ARM.Collect$$_printf_percent$$0000000F  c_w.l(_printf_llu.o)(c_w.l)
    0x000001de   0x00000006   Code   RO         2674    .ARM.Collect$$_printf_percent$$00000010  c_w.l(_printf_llo.o)(c_w.l)
    0x000001e4   0x00000006   Code   RO         2675    .ARM.Collect$$_printf_percent$$00000011  c_w.l(_printf_llx.o)(c_w.l)
    0x000001ea   0x0000000a   Code   RO         2672    .ARM.Collect$$_printf_percent$$00000012  c_w.l(_printf_l.o)(c_w.l)
    0x000001f4   0x00000006   Code   RO         2585    .ARM.Collect$$_printf_percent$$00000013  c_w.l(_printf_c.o)(c_w.l)
    0x000001fa   0x00000006   Code   RO         2586    .ARM.Collect$$_printf_percent$$00000014  c_w.l(_printf_s.o)(c_w.l)
    0x00000200   0x00000006   Code   RO         2593    .ARM.Collect$$_printf_percent$$00000015  c_w.l(_printf_lc.o)(c_w.l)
    0x00000206   0x00000006   Code   RO         2673    .ARM.Collect$$_printf_percent$$00000016  c_w.l(_printf_ls.o)(c_w.l)
    0x0000020c   0x00000004   Code   RO         2667    .ARM.Collect$$_printf_percent$$00000017  c_w.l(_printf_percent_end.o)(c_w.l)
    0x00000210   0x00000006   Code   RO         2842    .ARM.Collect$$libinit$$00000000  c_w.l(libinit.o)(c_w.l)
    0x00000216   0x00000008   Code   RO         2683    .ARM.Collect$$libinit$$00000001  c_w.l(libinit2.o)(c_w.l)
    0x0000021e   0x00000000   Code   RO         2685    .ARM.Collect$$libinit$$00000006  c_w.l(libinit2.o)(c_w.l)
    0x0000021e   0x00000000   Code   RO         2687    .ARM.Collect$$libinit$$00000008  c_w.l(libinit2.o)(c_w.l)
    0x0000021e   0x00000000   Code   RO         2689    .ARM.Collect$$libinit$$0000000A  c_w.l(libinit2.o)(c_w.l)
    0x0000021e   0x00000006   Code   RO         2690    .ARM.Collect$$libinit$$0000000B  c_w.l(libinit2.o)(c_w.l)
    0x00000224   0x00000000   Code   RO         2692    .ARM.Collect$$libinit$$0000000D  c_w.l(libinit2.o)(c_w.l)
    0x00000224   0x0000000c   Code   RO         2693    .ARM.Collect$$libinit$$0000000E  c_w.l(libinit2.o)(c_w.l)
    0x00000230   0x00000000   Code   RO         2694    .ARM.Collect$$libinit$$0000000F  c_w.l(libinit2.o)(c_w.l)
    0x00000230   0x00000000   Code   RO         2696    .ARM.Collect$$libinit$$00000011  c_w.l(libinit2.o)(c_w.l)
    0x00000230   0x0000000a   Code   RO         2697    .ARM.Collect$$libinit$$00000012  c_w.l(libinit2.o)(c_w.l)
    0x0000023a   0x00000000   Code   RO         2698    .ARM.Collect$$libinit$$00000013  c_w.l(libinit2.o)(c_w.l)
    0x0000023a   0x00000000   Code   RO         2700    .ARM.Collect$$libinit$$00000015  c_w.l(libinit2.o)(c_w.l)
    0x0000023a   0x00000000   Code   RO         2702    .ARM.Collect$$libinit$$00000017  c_w.l(libinit2.o)(c_w.l)
    0x0000023a   0x00000000   Code   RO         2704    .ARM.Collect$$libinit$$00000019  c_w.l(libinit2.o)(c_w.l)
    0x0000023a   0x00000000   Code   RO         2706    .ARM.Collect$$libinit$$0000001B  c_w.l(libinit2.o)(c_w.l)
    0x0000023a   0x00000000   Code   RO         2708    .ARM.Collect$$libinit$$0000001D  c_w.l(libinit2.o)(c_w.l)
    0x0000023a   0x00000000   Code   RO         2710    .ARM.Collect$$libinit$$0000001F  c_w.l(libinit2.o)(c_w.l)
    0x0000023a   0x00000000   Code   RO         2712    .ARM.Collect$$libinit$$00000021  c_w.l(libinit2.o)(c_w.l)
    0x0000023a   0x00000000   Code   RO         2716    .ARM.Collect$$libinit$$00000028  c_w.l(libinit2.o)(c_w.l)
    0x0000023a   0x00000000   Code   RO         2718    .ARM.Collect$$libinit$$0000002A  c_w.l(libinit2.o)(c_w.l)
    0x0000023a   0x00000000   Code   RO         2720    .ARM.Collect$$libinit$$0000002C  c_w.l(libinit2.o)(c_w.l)
    0x0000023a   0x00000000   Code   RO         2722    .ARM.Collect$$libinit$$0000002E  c_w.l(libinit2.o)(c_w.l)
    0x0000023a   0x00000002   Code   RO         2723    .ARM.Collect$$libinit$$0000002F  c_w.l(libinit2.o)(c_w.l)
    0x0000023c   0x00000002   Code   RO         2910    .ARM.Collect$$libshutdown$$00000000  c_w.l(libshutdown.o)(c_w.l)
    0x0000023e   0x00000000   Code   RO         2864    .ARM.Collect$$libshutdown$$00000003  c_w.l(libshutdown2.o)(c_w.l)
    0x0000023e   0x00000000   Code   RO         2867    .ARM.Collect$$libshutdown$$00000006  c_w.l(libshutdown2.o)(c_w.l)
    0x0000023e   0x00000000   Code   RO         2870    .ARM.Collect$$libshutdown$$00000009  c_w.l(libshutdown2.o)(c_w.l)
    0x0000023e   0x00000000   Code   RO         2872    .ARM.Collect$$libshutdown$$0000000B  c_w.l(libshutdown2.o)(c_w.l)
    0x0000023e   0x00000000   Code   RO         2875    .ARM.Collect$$libshutdown$$0000000E  c_w.l(libshutdown2.o)(c_w.l)
    0x0000023e   0x00000002   Code   RO         2876    .ARM.Collect$$libshutdown$$0000000F  c_w.l(libshutdown2.o)(c_w.l)
    0x00000240   0x00000000   Code   RO         2616    .ARM.Collect$$rtentry$$00000000  c_w.l(rtentry.o)(c_w.l)
    0x00000240   0x00000000   Code   RO         2730    .ARM.Collect$$rtentry$$00000002  c_w.l(rtentry2.o)(c_w.l)
    0x00000240   0x00000006   Code   RO         2745    .ARM.Collect$$rtentry$$00000004  c_w.l(rtentry4.o)(c_w.l)
    0x00000246   0x00000000   Code   RO         2732    .ARM.Collect$$rtentry$$00000009  c_w.l(rtentry2.o)(c_w.l)
    0x00000246   0x00000004   Code   RO         2733    .ARM.Collect$$rtentry$$0000000A  c_w.l(rtentry2.o)(c_w.l)
    0x0000024a   0x00000000   Code   RO         2735    .ARM.Collect$$rtentry$$0000000C  c_w.l(rtentry2.o)(c_w.l)
    0x0000024a   0x00000008   Code   RO         2736    .ARM.Collect$$rtentry$$0000000D  c_w.l(rtentry2.o)(c_w.l)
    0x00000252   0x00000002   Code   RO         2848    .ARM.Collect$$rtexit$$00000000  c_w.l(rtexit.o)(c_w.l)
    0x00000254   0x00000000   Code   RO         2880    .ARM.Collect$$rtexit$$00000002  c_w.l(rtexit2.o)(c_w.l)
    0x00000254   0x00000004   Code   RO         2881    .ARM.Collect$$rtexit$$00000003  c_w.l(rtexit2.o)(c_w.l)
    0x00000258   0x00000006   Code   RO         2882    .ARM.Collect$$rtexit$$00000004  c_w.l(rtexit2.o)(c_w.l)
    0x0000025e   0x00000002   PAD
    0x00000260   0x0000012a   Code   RO         1554    .emb_text           os_cpu_c.o
    0x0000038a   0x00000002   PAD
    0x0000038c   0x00000000   Code   RO         2753    .emb_text           c_w.l(maybetermalloc1.o)(c_w.l)
    0x0000038c   0x00001dc4   Code   RO            1    .text               main.o
    0x00002150   0x00001564   Code   RO          217    .text               lcd.o
    0x000036b4   0x000003c0   Code   RO          302    .text               keypad.o
    0x00003a74   0x00000a04   Code   RO          324    .text               function.o
    0x00004478   0x00000388   Code   RO          368    .text               timer.o
    0x00004800   0x00000144   Code   RO          387    .text               mdb.o
    0x00004944   0x00004f78   Code   RO          411    .text               menu.o
    0x000098bc   0x0000061c   Code   RO          450    .text               devtaskfun.o
    0x00009ed8   0x00003264   Code   RO          465    .text               saletaskfun.o
    0x0000d13c   0x00000442   Code   RO          488    .text               uart.o
    0x0000d57e   0x00000002   PAD
    0x0000d580   0x0000142c   Code   RO          517    .text               drv.o
    0x0000e9ac   0x000006e0   Code   RO          535    .text               hopper.o
    0x0000f08c   0x00000400   Code   RO          550    .text               mdbnote.o
    0x0000f48c   0x0000029c   Code   RO          562    .text               gbahr1.o
    0x0000f728   0x00000bd0   Code   RO          578    .text               mdbcoin.o
    0x000102f8   0x000001b0   Code   RO          591    .text               pulsecoin.o
    0x000104a8   0x00000a18   Code   RO          604    .text               billacceptor.o
    0x00010ec0   0x0000074c   Code   RO          621    .text               coinacceptor.o
    0x0001160c   0x00000598   Code   RO          638    .text               changer.o
    0x00011ba4   0x000067c8   Code   RO          653    .text               dispmenu.o
    0x0001836c   0x00000eb0   Code   RO          673    .text               menuinit.o
    0x0001921c   0x00000338   Code   RO          698    .text               pcf8563t.o
    0x00019554   0x00000344   Code   RO          720    .text               i2c.o
    0x00019898   0x00000040   Code   RO          735    .text               realtime.o
    0x000198d8   0x00000d68   Code   RO          747    .text               itl.o
    0x0001a640   0x000000cc   Code   RO          766    .text               debugtrace.o
    0x0001a70c   0x00003284   Code   RO          785    .text               vmc_pc.o
    0x0001d990   0x0000093c   Code   RO          813    .text               scriptgetaddress.o
    0x0001e2cc   0x000001e8   Code   RO          832    .text               ucsgbk.o
    0x0001e4b4   0x0000004c   Code   RO          847    .text               zikudriver.o
    0x0001e500   0x000002f8   Code   RO          953    .text               pitufont.o
    0x0001e7f8   0x00000e68   Code   RO          980    .text               selectkey.o
    0x0001f660   0x00000190   Code   RO          996    .text               uart1.o
    0x0001f7f0   0x00000428   Code   RO         1012    .text               task.o
    0x0001fc18   0x00000e3c   Code   RO         1024    .text               reader.o
    0x00020a54   0x000001ac   Code   RO         1042    .text               acdc.o
    0x00020c00   0x00000068   Code   RO         1058    .text               lpc1700pincfg.o
    0x00020c68   0x000001a0   Code   RO         1165    .text               target.o
    0x00020e08   0x000006de   Code   RO         1190    .text               zy_if.o
    0x000214e6   0x00000086   Code   RO         1305    .text               rt_sys_c.o
    0x0002156c   0x00000300   Code   RO         1419    .text               os_mbox.o
    0x0002186c   0x00000180   Code   RO         1447    .text               os_mem.o
    0x000219ec   0x000004ec   Code   RO         1471    .text               os_q.o
    0x00021ed8   0x00000288   Code   RO         1483    .text               os_sem.o
    0x00022160   0x000005fc   Code   RO         1495    .text               os_task.o
    0x0002275c   0x00000194   Code   RO         1507    .text               os_time.o
    0x000228f0   0x00000740   Code   RO         1519    .text               os_core.o
    0x00023030   0x00000674   Code   RO         1539    .text               os_flag.o
    0x000236a4   0x000000f0   Code   RO         1555    .text               os_cpu_c.o
    0x00023794   0x00000f40   Code   RO         1668    .text               lpc17xx_uart.o
    0x000246d4   0x00000440   Code   RO         1785    .text               uartdev_lpc17xx.o
    0x00024b14   0x0000015c   Code   RO         1826    .text               lpc17xx_clkpwr.o
    0x00024c70   0x00000004   Code   RO         1845    .text               lpc17xx_libcfg_default.o
    0x00024c74   0x00000100   Code   RO         1857    .text               lpc17xx_pinsel.o
    0x00024d74   0x00000320   Code   RO         1869    .text               lpc17xx_gpio.o
    0x00025094   0x00000994   Code   RO         2087    .text               lpc17xx_rtc.o
    0x00025a28   0x000001dc   Code   RO         2136    .text               lpc17xx_wdt.o
    0x00025c04   0x00000284   Code   RO         2169    .text               at45db.o
    0x00025e88   0x00000140   Code   RO         2282    .text               spi.o
    0x00025fc8   0x00000002   Code   RO         2294    .text               uCOS-II hook.lib(osinithookbegin.o)(uCOS-II hook.lib)
    0x00025fca   0x00000002   Code   RO         2355    .text               uCOS-II hook.lib(osinithookend.o)(uCOS-II hook.lib)
    0x00025fcc   0x00000004   Code   RO         2367    .text               uCOS-II hook.lib(ostaskcreatehook.o)(uCOS-II hook.lib)
    0x00025fd0   0x00000004   Code   RO         2379    .text               uCOS-II hook.lib(ostaskdelhook.o)(uCOS-II hook.lib)
    0x00025fd4   0x00000002   Code   RO         2391    .text               uCOS-II hook.lib(ostaskidlehook.o)(uCOS-II hook.lib)
    0x00025fd6   0x00000002   Code   RO         2403    .text               uCOS-II hook.lib(ostaskstathook.o)(uCOS-II hook.lib)
    0x00025fd8   0x00000002   Code   RO         2415    .text               uCOS-II hook.lib(ostaskswhook.o)(uCOS-II hook.lib)
    0x00025fda   0x00000004   Code   RO         2427    .text               uCOS-II hook.lib(ostcbinithook.o)(uCOS-II hook.lib)
    0x00025fde   0x00000002   Code   RO         2439    .text               uCOS-II hook.lib(ostimetickhook.o)(uCOS-II hook.lib)
    0x00025fe0   0x00000002   Code   RO         2453    .text               c_w.l(use_no_semi.o)(c_w.l)
    0x00025fe2   0x00000064   Code   RO         2459    .text               c_w.l(h1_alloc.o)(c_w.l)
    0x00026046   0x0000004e   Code   RO         2461    .text               c_w.l(h1_free.o)(c_w.l)
    0x00026094   0x00000024   Code   RO         2521    .text               c_w.l(c89vsprintf.o)(c_w.l)
    0x000260b8   0x0000002c   Code   RO         2523    .text               c_w.l(__2sprintf.o)(c_w.l)
    0x000260e4   0x00000050   Code   RO         2529    .text               c_w.l(_printf_pad.o)(c_w.l)
    0x00026134   0x00000024   Code   RO         2531    .text               c_w.l(_printf_truncate.o)(c_w.l)
    0x00026158   0x00000052   Code   RO         2533    .text               c_w.l(_printf_str.o)(c_w.l)
    0x000261aa   0x00000002   PAD
    0x000261ac   0x00000074   Code   RO         2535    .text               c_w.l(_printf_dec.o)(c_w.l)
    0x00026220   0x000000bc   Code   RO         2537    .text               c_w.l(_printf_wctomb.o)(c_w.l)
    0x000262dc   0x00000078   Code   RO         2544    .text               c_w.l(_printf_oct_int_ll.o)(c_w.l)
    0x00026354   0x0000009c   Code   RO         2564    .text               c_w.l(_printf_hex_int_ll_ptr.o)(c_w.l)
    0x000263f0   0x0000019c   Code   RO         2582    .text               c_w.l(__printf_flags_ss_wp.o)(c_w.l)
    0x0002658c   0x00000048   Code   RO         2594    .text               c_w.l(strcpy.o)(c_w.l)
    0x000265d4   0x0000003e   Code   RO         2596    .text               c_w.l(strlen.o)(c_w.l)
    0x00026612   0x00000018   Code   RO         2600    .text               c_w.l(strcat.o)(c_w.l)
    0x0002662a   0x0000008a   Code   RO         2602    .text               c_w.l(rt_memcpy_v6.o)(c_w.l)
    0x000266b4   0x00000064   Code   RO         2604    .text               c_w.l(rt_memcpy_w.o)(c_w.l)
    0x00026718   0x00000044   Code   RO         2606    .text               c_w.l(rt_memclr.o)(c_w.l)
    0x0002675c   0x0000004e   Code   RO         2608    .text               c_w.l(rt_memclr_w.o)(c_w.l)
    0x000267aa   0x00000002   PAD
    0x000267ac   0x000001a0   Code   RO         2610    .text               c_w.l(mktime.o)(c_w.l)
    0x0002694c   0x0000000c   Code   RO         2625    .text               c_w.l(rt_heap_descriptor_intlibspace.o)(c_w.l)
    0x00026958   0x00000004   Code   RO         2627    .text               c_w.l(hguard.o)(c_w.l)
    0x0002695c   0x0000008a   Code   RO         2629    .text               c_w.l(init_alloc.o)(c_w.l)
    0x000269e6   0x0000000e   Code   RO         2633    .text               c_w.l(h1_init.o)(c_w.l)
    0x000269f4   0x000000b4   Code   RO         2647    .text               c_w.l(_printf_intcommon.o)(c_w.l)
    0x00026aa8   0x0000002a   Code   RO         2649    .text               c_w.l(_printf_charcount.o)(c_w.l)
    0x00026ad2   0x00000002   PAD
    0x00026ad4   0x00000030   Code   RO         2651    .text               c_w.l(_printf_char_common.o)(c_w.l)
    0x00026b04   0x0000000a   Code   RO         2653    .text               c_w.l(_sputc.o)(c_w.l)
    0x00026b0e   0x0000002c   Code   RO         2655    .text               c_w.l(_printf_char.o)(c_w.l)
    0x00026b3a   0x0000002c   Code   RO         2657    .text               c_w.l(_printf_wchar.o)(c_w.l)
    0x00026b66   0x00000002   PAD
    0x00026b68   0x00000078   Code   RO         2659    .text               c_w.l(_printf_longlong_dec.o)(c_w.l)
    0x00026be0   0x00000040   Code   RO         2676    .text               c_w.l(_wcrtomb.o)(c_w.l)
    0x00026c20   0x00000010   Code   RO         2679    .text               c_w.l(rtudiv10.o)(c_w.l)
    0x00026c30   0x00000008   Code   RO         2726    .text               c_w.l(libspace.o)(c_w.l)
    0x00026c38   0x00000010   Code   RO         2747    .text               c_w.l(rt_ctype_table.o)(c_w.l)
    0x00026c48   0x00000032   Code   RO         2757    .text               c_w.l(h1_extend.o)(c_w.l)
    0x00026c7a   0x0000008a   Code   RO         2761    .text               c_w.l(lludiv10.o)(c_w.l)
    0x00026d04   0x0000040e   Code   RO         2763    .text               c_w.l(_printf_fp_dec.o)(c_w.l)
    0x00027112   0x0000000e   Code   RO         2767    .text               c_w.l(defsig_rtmem_outer.o)(c_w.l)
    0x00027120   0x0000004c   Code   RO         2771    .text               c_w.l(heapauxa.o)(c_w.l)
    0x0002716c   0x0000004a   Code   RO         2778    .text               c_w.l(sys_stackheap_outer.o)(c_w.l)
    0x000271b6   0x00000002   PAD
    0x000271b8   0x0000000c   Code   RO         2785    .text               c_w.l(rt_locale_intlibspace.o)(c_w.l)
    0x000271c4   0x0000007c   Code   RO         2789    .text               c_w.l(_printf_fp_infnan.o)(c_w.l)
    0x00027240   0x000000ec   Code   RO         2791    .text               c_w.l(bigflt0.o)(c_w.l)
    0x0002732c   0x0000000c   Code   RO         2822    .text               c_w.l(exit.o)(c_w.l)
    0x00027338   0x0000000a   Code   RO         2824    .text               c_w.l(defsig_exit.o)(c_w.l)
    0x00027342   0x00000002   PAD
    0x00027344   0x0000004c   Code   RO         2830    .text               c_w.l(defsig_rtmem_inner.o)(c_w.l)
    0x00027390   0x00000032   Code   RO         2856    .text               c_w.l(defsig_general.o)(c_w.l)
    0x000273c2   0x00000002   PAD
    0x000273c4   0x00000080   Code   RO         2860    .text               c_w.l(strcmpv7m.o)(c_w.l)
    0x00027444   0x0000000c   Code   RO         2890    .text               c_w.l(rt_fp_status_addr_intlibspace.o)(c_w.l)
    0x00027450   0x0000003e   Code   RO         2794    CL$$btod_d2e        c_w.l(btod.o)(c_w.l)
    0x0002748e   0x00000046   Code   RO         2796    CL$$btod_d2e_denorm_low  c_w.l(btod.o)(c_w.l)
    0x000274d4   0x00000060   Code   RO         2795    CL$$btod_d2e_norm_op1  c_w.l(btod.o)(c_w.l)
    0x00027534   0x00000338   Code   RO         2804    CL$$btod_div_common  c_w.l(btod.o)(c_w.l)
    0x0002786c   0x000000c6   Code   RO         2801    CL$$btod_e2e        c_w.l(btod.o)(c_w.l)
    0x00027932   0x00000028   Code   RO         2798    CL$$btod_ediv       c_w.l(btod.o)(c_w.l)
    0x0002795a   0x00000028   Code   RO         2797    CL$$btod_emul       c_w.l(btod.o)(c_w.l)
    0x00027982   0x00000244   Code   RO         2803    CL$$btod_mult_common  c_w.l(btod.o)(c_w.l)
    0x00027bc6   0x00000028   Code   RO         2846    i.__ARM_fpclassify  m_ws.l(fpclassify.o)(m_ws.l)
    0x00027bee   0x00000002   PAD
    0x00027bf0   0x0000002c   Code   RO         2817    locale$$code        c_w.l(lc_ctype_c.o)(c_w.l)
    0x00027c1c   0x0000002c   Code   RO         2820    locale$$code        c_w.l(lc_numeric_c.o)(c_w.l)
    0x00027c48   0x00000008   Code   RO         1300  * rt_sys              rt_sys_s.o
    0x00027c50   0x0000000e   Code   RO         2877    x$fpl$fpinit        fz_ws.l(fpinit.o)(fz_ws.l)
    0x00027c5e   0x00000004   Code   RO         2724    x$fpl$printf1       fz_ws.l(printf1.o)(fz_ws.l)
    0x00027c62   0x00000000   Code   RO         2845    x$fpl$usenofp       fz_ws.l(usenofp.o)(fz_ws.l)
    0x00027c62   0x00000f00   Data   RO          218    .constdata          lcd.o
    0x00028b62   0x00000002   PAD
    0x00028b64   0x00000041   Data   RO          579    .constdata          mdbcoin.o
    0x00028ba5   0x00000003   PAD
    0x00028ba8   0x00000067   Data   RO          623    .constdata          coinacceptor.o
    0x00028c0f   0x00000001   PAD
    0x00028c10   0x00000337   Data   RO          654    .constdata          dispmenu.o
    0x00028f47   0x00000001   PAD
    0x00028f48   0x00000400   Data   RO          749    .constdata          itl.o
    0x00029348   0x0000f898   Data   RO          833    .constdata          ucsgbk.o
    0x00038be0   0x0000947e   Data   RO          954    .constdata          pitufont.o
    0x0004205e   0x00000108   Data   RO         1521    .constdata          os_core.o
    0x00042166   0x00000002   PAD
    0x00042168   0x00000008   Data   RO         2538    .constdata          c_w.l(_printf_wctomb.o)(c_w.l)
    0x00042170   0x00000028   Data   RO         2565    .constdata          c_w.l(_printf_hex_int_ll_ptr.o)(c_w.l)
    0x00042198   0x00000011   Data   RO         2583    .constdata          c_w.l(__printf_flags_ss_wp.o)(c_w.l)
    0x000421a9   0x0000000c   Data   RO         2678    .constdata          c_w.l(_monlen.o)(c_w.l)
    0x000421b5   0x00000003   PAD
    0x000421b8   0x00000094   Data   RO         2792    .constdata          c_w.l(bigflt0.o)(c_w.l)
    0x0004224c   0x000002f7   Data   RO          413    .conststring        menu.o
    0x00042543   0x000011d9   Data   RO          467    .conststring        saletaskfun.o
    0x0004371c   0x00002ea6   Data   RO          655    .conststring        dispmenu.o
    0x000465c2   0x0000056b   Data   RO          685    .conststring        language.o
    0x00046b2d   0x000001bd   Data   RO          787    .conststring        vmc_pc.o
    0x00046cea   0x00000002   PAD
    0x00046cec   0x00000020   Data   RO         2911    Region$$Table       anon$$obj.o
    0x00046d0c   0x00000110   Data   RO         2816    locale$$data        c_w.l(lc_ctype_c.o)(c_w.l)
    0x00046e1c   0x0000001c   Data   RO         2819    locale$$data        c_w.l(lc_numeric_c.o)(c_w.l)


    Execution Region SRAM (Base: 0x10000000, Size: 0x00007f70, Max: 0xffffffff, ABSOLUTE, COMPRESSED[0x000018a8])

    Base Addr    Size         Type   Attr      Idx    E Section Name        Object

    0x10000000   0x00000078   Data   RW            3    .data               main.o
    0x10000078   0x00000004   Data   RW          303    .data               keypad.o
    0x1000007c   0x00000001   Data   RW          369    .data               timer.o
    0x1000007d   0x00000003   PAD
    0x10000080   0x00000109   Data   RW          414    .data               menu.o
    0x10000189   0x00000004   Data   RW          451    .data               devtaskfun.o
    0x1000018d   0x00000003   PAD
    0x10000190   0x0000049c   Data   RW          468    .data               saletaskfun.o
    0x1000062c   0x00000009   Data   RW          490    .data               uart.o
    0x10000635   0x00000009   Data   RW          518    .data               drv.o
    0x1000063e   0x00000006   Data   RW          536    .data               hopper.o
    0x10000644   0x00000001   Data   RW          564    .data               gbahr1.o
    0x10000645   0x00000002   Data   RW          592    .data               pulsecoin.o
    0x10000647   0x00000001   PAD
    0x10000648   0x0000000a   Data   RW          606    .data               billacceptor.o
    0x10000652   0x00000002   PAD
    0x10000654   0x00000010   Data   RW          624    .data               coinacceptor.o
    0x10000664   0x00000024   Data   RW          639    .data               changer.o
    0x10000688   0x00001da0   Data   RW          656    .data               dispmenu.o
    0x10002428   0x00000180   Data   RW          686    .data               language.o
    0x100025a8   0x00000001   Data   RW          699    .data               pcf8563t.o
    0x100025a9   0x0000000c   Data   RW          721    .data               i2c.o
    0x100025b5   0x00000003   PAD
    0x100025b8   0x0000009c   Data   RW          788    .data               vmc_pc.o
    0x10002654   0x0000000c   Data   RW          982    .data               selectkey.o
    0x10002660   0x00000004   Data   RW          998    .data               uart1.o
    0x10002664   0x00000001   Data   RW         1044    .data               acdc.o
    0x10002665   0x00000003   PAD
    0x10002668   0x0000004c   Data   RW         1522    .data               os_core.o
    0x100026b4   0x00000004   Data   RW         1556    .data               os_cpu_c.o
    0x100026b8   0x00000004   Data   RW         1670    .data               lpc17xx_uart.o
    0x100026bc   0x00000030   Data   RW         1787    .data               uartdev_lpc17xx.o
    0x100026ec   0x00000004   Data   RW         2152    .data               system_lpc17xx.o
    0x100026f0   0x00000004   Data   RW         2772    .data               c_w.l(heapauxa.o)(c_w.l)
    0x100026f4   0x00003360   Zero   RW            2    .bss                main.o
    0x10005a54   0x00000024   Zero   RW          388    .bss                mdb.o
    0x10005a78   0x00000026   Zero   RW          412    .bss                menu.o
    0x10005a9e   0x0000000a   Zero   RW          466    .bss                saletaskfun.o
    0x10005aa8   0x00000123   Zero   RW          489    .bss                uart.o
    0x10005bcb   0x0000000c   Zero   RW          563    .bss                gbahr1.o
    0x10005bd7   0x00000001   PAD
    0x10005bd8   0x0000000e   Zero   RW          605    .bss                billacceptor.o
    0x10005be6   0x0000000a   Zero   RW          622    .bss                coinacceptor.o
    0x10005bf0   0x00000334   Zero   RW          748    .bss                itl.o
    0x10005f24   0x000008a0   Zero   RW          786    .bss                vmc_pc.o
    0x100067c4   0x00000014   Zero   RW          981    .bss                selectkey.o
    0x100067d8   0x000000ff   Zero   RW          997    .bss                uart1.o
    0x100068d7   0x00000001   PAD
    0x100068d8   0x0000001a   Zero   RW         1025    .bss                reader.o
    0x100068f2   0x00000014   Zero   RW         1043    .bss                acdc.o
    0x10006906   0x00000002   PAD
    0x10006908   0x000014b8   Zero   RW         1520    .bss                os_core.o
    0x10007dc0   0x00000040   Zero   RW         1669    .bss                lpc17xx_uart.o
    0x10007e00   0x00000110   Zero   RW         1786    .bss                uartdev_lpc17xx.o
    0x10007f10   0x00000060   Zero   RW         2727    .bss                c_w.l(libspace.o)(c_w.l)


    Execution Region HEAP (Base: 0x10007f70, Size: 0x00000000, Max: 0xffffffff, ABSOLUTE, UNINIT)

    Base Addr    Size         Type   Attr      Idx    E Section Name        Object

    0x10007f70   0x00000000   Zero   RW         1301    Heap                rt_sys_s.o


==============================================================================

Image component sizes


      Code (inc. data)   RO Data    RW Data    ZI Data      Debug   Object Name

       428         96          0          1         20          0   acdc.o
       644          6          0          0          0          0   at45db.o
      2584        136          0         10         14          0   billacceptor.o
      1432        198          0         36          0          0   changer.o
      1868        142        103         16         10          0   coinacceptor.o
       204         12          0          0          0          0   debugtrace.o
      1564        120          0          4          0          0   devtaskfun.o
     26568       1892      12765       7584          0          0   dispmenu.o
      5164        300          0          9          0          0   drv.o
      2564        160          0          0          0          0   function.o
       668         10          0          1         12          0   gbahr1.o
      1760        320          0          6          0          0   hopper.o
       836         58          0         12          0          0   i2c.o
      3432         42       1024          0        820          0   itl.o
       960         44          0          4          0          0   keypad.o
         0          0       1387        384          0          0   language.o
      5476         38       3840          0          0          0   lcd.o
       104         36          0          0          0          0   lpc1700pincfg.o
       348         32          0          0          0          0   lpc17xx_clkpwr.o
       800         22          0          0          0          0   lpc17xx_gpio.o
         4          0          0          0          0          0   lpc17xx_libcfg_default.o
       256          4          0          0          0          0   lpc17xx_pinsel.o
      2452        106          0          0          0          0   lpc17xx_rtc.o
      3904        126          0          4         64          0   lpc17xx_uart.o
       476         36          0          0          0          0   lpc17xx_wdt.o
      7620        726          0        120      13152          0   main.o
       324         44          0          0         36          0   mdb.o
      3024        626         65          0          0          0   mdbcoin.o
      1024        120          0          0          0          0   mdbnote.o
     20344       1668        759        265         38          0   menu.o
      3760        208          0          0          0          0   menuinit.o
      1856        140        264         76       5304          0   os_core.o
       538         80          0          4          0          0   os_cpu_c.o
      1652         30          0          0          0          0   os_flag.o
       768         14          0          0          0          0   os_mbox.o
       384          8          0          0          0          0   os_mem.o
      1260         24          0          0          0          0   os_q.o
       648         12          0          0          0          0   os_sem.o
      1532         64          0          0          0          0   os_task.o
       404         20          0          0          0          0   os_time.o
       824         22          0          1          0          0   pcf8563t.o
       760         72      38014          0          0          0   pitufont.o
       432         42          0          2          0          0   pulsecoin.o
      3644       1562          0          0         26          0   reader.o
        64          0          0          0          0          0   realtime.o
       134          0          0          0          0          0   rt_sys_c.o
         8          4          0          0          0          0   rt_sys_s.o
     12900       1008       4569       1180         10          0   saletaskfun.o
      2364         32          0          0          0          0   scriptgetaddress.o
      3688        124          0         12         20          0   selectkey.o
       320         24          0          0          0          0   spi.o
         0          0          0          4          0          0   system_lpc17xx.o
       416         58          0          0          0          0   target.o
      1064        270          0          0          0          0   task.o
       904         30          0          1          0          0   timer.o
      1090         58          0          9        291          0   uart.o
       400         20          0          4        255          0   uart1.o
      1088         36          0         48        272          0   uartdev_lpc17xx.o
       488         28      63640          0          0          0   ucsgbk.o
         0          0        204          0          0          0   vector_table.o
     12932       1224        445        156       2208          0   vmc_pc.o
        76          0          0          0          0          0   zikudriver.o
      1758         22          0          0          0          0   zy_if.o

    ----------------------------------------------------------------------
    154992      12356     127122       9968      22556          0   Object Totals
         0          0         32          0          0          0   (incl. Generated)
         4          0         11         15          4          1   (incl. Padding)

    ----------------------------------------------------------------------

      Code (inc. data)   RO Data    RW Data    ZI Data      Debug   Library Member Name

        44          6          0          0          0          0   __2sprintf.o
        90          0          0          0          0          0   __dczerorl2.o
         8          0          0          0          0          0   __main.o
       412          6         17          0          0          0   __printf_flags_ss_wp.o
        52          8          0          0          0          0   __scatter.o
        28          0          0          0          0          0   __scatter_zi.o
         0          0         12          0          0          0   _monlen.o
         6          0          0          0          0          0   _printf_a.o
         6          0          0          0          0          0   _printf_c.o
        44          0          0          0          0          0   _printf_char.o
        48          6          0          0          0          0   _printf_char_common.o
        42          0          0          0          0          0   _printf_charcount.o
         6          0          0          0          0          0   _printf_d.o
       116         18          0          0          0          0   _printf_dec.o
         6          0          0          0          0          0   _printf_e.o
         6          0          0          0          0          0   _printf_f.o
      1038          0          0          0          0          0   _printf_fp_dec.o
       124         16          0          0          0          0   _printf_fp_infnan.o
         6          0          0          0          0          0   _printf_g.o
       156          6         40          0          0          0   _printf_hex_int_ll_ptr.o
         6          0          0          0          0          0   _printf_i.o
       180          0          0          0          0          0   _printf_intcommon.o
        10          0          0          0          0          0   _printf_l.o
         6          0          0          0          0          0   _printf_lc.o
        10          0          0          0          0          0   _printf_ll.o
         6          0          0          0          0          0   _printf_lld.o
         6          0          0          0          0          0   _printf_lli.o
         6          0          0          0          0          0   _printf_llo.o
         6          0          0          0          0          0   _printf_llu.o
         6          0          0          0          0          0   _printf_llx.o
       120         16          0          0          0          0   _printf_longlong_dec.o
         6          0          0          0          0          0   _printf_ls.o
         6          0          0          0          0          0   _printf_n.o
         6          0          0          0          0          0   _printf_o.o
       120          8          0          0          0          0   _printf_oct_int_ll.o
         6          0          0          0          0          0   _printf_p.o
        80          0          0          0          0          0   _printf_pad.o
         0          0          0          0          0          0   _printf_percent.o
         4          0          0          0          0          0   _printf_percent_end.o
         6          0          0          0          0          0   _printf_s.o
        82          0          0          0          0          0   _printf_str.o
        36          0          0          0          0          0   _printf_truncate.o
         6          0          0          0          0          0   _printf_u.o
        44          0          0          0          0          0   _printf_wchar.o
       188          6          8          0          0          0   _printf_wctomb.o
         6          0          0          0          0          0   _printf_x.o
        10          0          0          0          0          0   _sputc.o
        64          0          0          0          0          0   _wcrtomb.o
       236          6        148          0          0          0   bigflt0.o
      1910        128          0          0          0          0   btod.o
        36          4          0          0          0          0   c89vsprintf.o
        10          0          0          0          0          0   defsig_exit.o
        50          0          0          0          0          0   defsig_general.o
        76         56          0          0          0          0   defsig_rtmem_inner.o
        14          0          0          0          0          0   defsig_rtmem_outer.o
        12          0          0          0          0          0   exit.o
       100          0          0          0          0          0   h1_alloc.o
        50          0          0          0          0          0   h1_extend.o
        78          0          0          0          0          0   h1_free.o
        14          0          0          0          0          0   h1_init.o
        76         10          0          4          0          0   heapauxa.o
         4          0          0          0          0          0   hguard.o
       138          0          0          0          0          0   init_alloc.o
        44         10        272          0          0          0   lc_ctype_c.o
        44         10         28          0          0          0   lc_numeric_c.o
         6          0          0          0          0          0   libinit.o
        38          0          0          0          0          0   libinit2.o
         2          0          0          0          0          0   libshutdown.o
         2          0          0          0          0          0   libshutdown2.o
         8          4          0          0         96          0   libspace.o
       138          0          0          0          0          0   lludiv10.o
         0          0          0          0          0          0   maybetermalloc1.o
       416          8          0          0          0          0   mktime.o
        16          4          0          0          0          0   rt_ctype_table.o
        12          4          0          0          0          0   rt_fp_status_addr_intlibspace.o
        12          4          0          0          0          0   rt_heap_descriptor_intlibspace.o
        12          4          0          0          0          0   rt_locale_intlibspace.o
        68          0          0          0          0          0   rt_memclr.o
        78          0          0          0          0          0   rt_memclr_w.o
       138          0          0          0          0          0   rt_memcpy_v6.o
       100          0          0          0          0          0   rt_memcpy_w.o
         0          0          0          0          0          0   rtentry.o
        12          0          0          0          0          0   rtentry2.o
         6          0          0          0          0          0   rtentry4.o
         2          0          0          0          0          0   rtexit.o
        10          0          0          0          0          0   rtexit2.o
        16          0          0          0          0          0   rtudiv10.o
        24          0          0          0          0          0   strcat.o
       128          0          0          0          0          0   strcmpv7m.o
        72          0          0          0          0          0   strcpy.o
        62          0          0          0          0          0   strlen.o
        74          0          0          0          0          0   sys_stackheap_outer.o
         2          0          0          0          0          0   use_no_semi.o
        14          0          0          0          0          0   fpinit.o
         4          0          0          0          0          0   printf1.o
         0          0          0          0          0          0   usenofp.o
        40          0          0          0          0          0   fpclassify.o
         2          0          0          0          0          0   osinithookbegin.o
         2          0          0          0          0          0   osinithookend.o
         4          0          0          0          0          0   ostaskcreatehook.o
         4          0          0          0          0          0   ostaskdelhook.o
         2          0          0          0          0          0   ostaskidlehook.o
         2          0          0          0          0          0   ostaskstathook.o
         2          0          0          0          0          0   ostaskswhook.o
         4          0          0          0          0          0   ostcbinithook.o
         2          0          0          0          0          0   ostimetickhook.o

    ----------------------------------------------------------------------
      7718        348        528          4         96          0   Library Totals
        20          0          3          0          0          0   (incl. Padding)

    ----------------------------------------------------------------------

      Code (inc. data)   RO Data    RW Data    ZI Data      Debug   Library Name

      7616        348        525          4         96       5520   c_w.l
        18          0          0          0          0        144   fz_ws.l
        40          0          0          0          0         68   m_ws.l
        24          0          0          0          0      11506   uCOS-II hook.lib

    ----------------------------------------------------------------------
      7718        348        528          4         96          0   Library Totals

    ----------------------------------------------------------------------

==============================================================================


      Code (inc. data)   RO Data    RW Data    ZI Data      Debug   

    162710      12704     127650       9972      22652     508452   Grand Totals
    162710      12704     127650       6312      22652     508452   ELF Image Totals (compressed)
    162710      12704     127650       6312          0          0   ROM Totals

==============================================================================

    Total RO  Size (Code + RO Data)               290360 ( 283.55kB)
    Total RW  Size (RW Data + ZI Data)             32624 (  31.86kB)
    Total ROM Size (Code + RO Data + RW Data)     296672 ( 289.72kB)

==============================================================================

