ARM Linker, RVCT4.0 [Build 524] for uVision [Evaluation]

==============================================================================

Section Cross References

    main.o(.text) refers to os_time.o(.text) for OSTimeDly
    main.o(.text) refers to target.o(.text) for targetInit
    main.o(.text) refers to lpc1700pincfg.o(.text) for pinInit
    main.o(.text) refers to os_core.o(.text) for OSInit
    main.o(.text) refers to os_task.o(.text) for OSTaskCreate
    main.o(.text) refers to main.o(.bss) for .bss
    target.o(.text) refers to zy_if.o(.text) for zyIrqDisable
    target.o(.text) refers to vector_table.o(.constdata) for __GpvVectorTable
    target.o(.text) refers to os_cpu_c.o(.emb_text) for svcallHandle
    vector_table.o(.constdata) refers to __main.o(!!!main) for __main
    vector_table.o(.constdata) refers to target.o(.text) for defaultVectorHandle
    vector_table.o(.constdata) refers to os_cpu_c.o(.emb_text) for svcallHandle
    vector_table.o(.constdata) refers to os_cpu_c.o(.text) for __sysTickIsr
    zy_if.o(.text) refers to os_cpu_c.o(.emb_text) for changeToUSRMode
    zy_if.o(.text) refers to h1_alloc.o(.text) for malloc
    zy_if.o(.text) refers to h1_free.o(.text) for free
    zy_if.o(.text) refers to os_core.o(.text) for OSSchedLock
    zy_if.o(.text) refers to os_task.o(.text) for OSTaskCreate
    zy_if.o(.text) refers to os_time.o(.text) for OSTimeDly
    zy_if.o(.text) refers to os_core.o(.bss) for OSTCBPrioTbl
    zy_if.o(.text) refers to os_core.o(.data) for OSTCBCur
    zy_if.o(.text) refers to os_sem.o(.text) for OSSemCreate
    zy_if.o(.text) refers to os_q.o(.text) for OSQCreate
    zy_if.o(.text) refers to os_mem.o(.text) for OSMemCreate
    zy_if.o(.text) refers to rt_memcpy_v6.o(.text) for __aeabi_memcpy
    rt_sys_s.o(rt_sys) refers (Special) to use_no_semi.o(.text) for __use_no_semihosting_swi
    rt_sys_s.o(rt_sys) refers to rt_sys_s.o(Heap) for bottom_of_heap
    rt_sys_s.o(Heap) refers (Special) to use_no_semi.o(.text) for __use_no_semihosting_swi
    rt_sys_c.o(.text) refers (Special) to use_no_semi.o(.text) for __use_no_semihosting_swi
    rt_sys_c.o(.text) refers to mktime.o(.text) for mktime
    os_mbox.o(.text) refers to os_core.o(.text) for OS_EventWaitListInit
    os_mbox.o(.text) refers to os_core.o(.data) for OSIntNesting
    os_mem.o(.text) refers to os_core.o(.data) for OSMemFreeList
    os_mem.o(.text) refers to os_core.o(.bss) for OSMemTbl
    os_mutex.o(.text) refers to os_core.o(.text) for OS_EventWaitListInit
    os_mutex.o(.text) refers to os_core.o(.data) for OSIntNesting
    os_mutex.o(.text) refers to os_core.o(.bss) for OSTCBPrioTbl
    os_mutex.o(.text) refers to os_core.o(.constdata) for OSMapTbl
    os_q.o(.text) refers to os_core.o(.text) for OS_EventWaitListInit
    os_q.o(.text) refers to os_core.o(.data) for OSIntNesting
    os_q.o(.text) refers to os_core.o(.bss) for OSQTbl
    os_sem.o(.text) refers to os_core.o(.text) for OS_EventWaitListInit
    os_sem.o(.text) refers to os_core.o(.data) for OSIntNesting
    os_task.o(.text) refers to os_core.o(.text) for OS_Sched
    os_task.o(.text) refers to os_cpu_c.o(.text) for OSTaskStkInit
    os_task.o(.text) refers to rt_memclr_w.o(.text) for __aeabi_memclr4
    os_task.o(.text) refers to os_flag.o(.text) for OS_FlagUnlink
    os_task.o(.text) refers to ostaskdelhook.o(.text) for OSTaskDelHook
    os_task.o(.text) refers to os_core.o(.bss) for OSTCBPrioTbl
    os_task.o(.text) refers to os_core.o(.constdata) for OSMapTbl
    os_task.o(.text) refers to os_core.o(.data) for OSTCBCur
    os_task.o(.text) refers to rt_memcpy_w.o(.text) for __aeabi_memcpy4
    os_time.o(.text) refers to os_core.o(.text) for OS_Sched
    os_time.o(.text) refers to os_core.o(.data) for OSTCBCur
    os_time.o(.text) refers to os_core.o(.bss) for OSTCBPrioTbl
    os_core.o(.text) refers to os_time.o(.text) for OSTimeDly
    os_core.o(.text) refers to ostaskstathook.o(.text) for OSTaskStatHook
    os_core.o(.text) refers to os_task.o(.text) for OSTaskCreateExt
    os_core.o(.text) refers to ostaskidlehook.o(.text) for OSTaskIdleHook
    os_core.o(.text) refers to osinithookbegin.o(.text) for OSInitHookBegin
    os_core.o(.text) refers to os_flag.o(.text) for OS_FlagInit
    os_core.o(.text) refers to os_mem.o(.text) for OS_MemInit
    os_core.o(.text) refers to os_q.o(.text) for OS_QInit
    os_core.o(.text) refers to osinithookend.o(.text) for OSInitHookEnd
    os_core.o(.text) refers to os_cpu_c.o(.text) for OSIntCtxSw
    os_core.o(.text) refers to ostimetickhook.o(.text) for OSTimeTickHook
    os_core.o(.text) refers to os_core.o(.data) for OSStatRdy
    os_core.o(.text) refers to os_core.o(.bss) for OSTaskStatStk
    os_core.o(.text) refers to os_core.o(.constdata) for OSUnMapTbl
    os_core.o(.text) refers to ostcbinithook.o(.text) for OSTCBInitHook
    os_core.o(.text) refers to ostaskcreatehook.o(.text) for OSTaskCreateHook
    os_flag.o(.text) refers to os_core.o(.text) for OS_Sched
    os_flag.o(.text) refers to os_core.o(.data) for OSIntNesting
    os_flag.o(.text) refers to os_core.o(.bss) for OSFlagTbl
    os_cpu_c.o(.emb_text) refers to ostaskswhook.o(.text) for OSTaskSwHook
    os_cpu_c.o(.emb_text) refers to os_core.o(.data) for OSRunning
    os_cpu_c.o(.emb_text) refers to os_cpu_c.o(.data) for __GuiOsEnterSum
    os_cpu_c.o(.emb_text) refers to os_task.o(.text) for OSTaskDel
    os_cpu_c.o(.text) refers to os_core.o(.text) for OSIntEnter
    os_cpu_c.o(.text) refers to zy_if.o(.text) for zyIsrSet
    os_cpu_c.o(.text) refers to os_cpu_c.o(.emb_text) for __OSStartHighRdy
    malloc.o(.text) refers (Special) to hguard.o(.text) for __heap$guard
    malloc.o(.text) refers (Special) to init_alloc.o(.text) for _init_alloc
    malloc.o(.text) refers to rt_heap_descriptor_intlibspace.o(.text) for __rt_heap_descriptor
    malloc.o(.text) refers to heapstubs.o(.text) for __Heap_Alloc
    free.o(.text) refers (Special) to hguard.o(.text) for __heap$guard
    free.o(.text) refers to rt_heap_descriptor_intlibspace.o(.text) for __rt_heap_descriptor
    free.o(.text) refers to heapstubs.o(.text) for __Heap_Free
    h1_alloc.o(.text) refers (Special) to h1_init.o(.text) for __Heap_Initialize
    h1_alloc.o(.text) refers to rt_heap_descriptor_intlibspace.o(.text) for __rt_heap_descriptor
    h1_alloc.o(.text) refers to init_alloc.o(.text) for __Heap_Full
    h1_free.o(.text) refers to rt_heap_descriptor_intlibspace.o(.text) for __rt_heap_descriptor
    h1_alloc_mt.o(.text) refers (Special) to h1_init.o(.text) for __Heap_Initialize
    h1_alloc_mt.o(.text) refers to init_alloc.o(.text) for __Heap_Full
    h1_alloc_mt.o(.text) refers to rt_heap_descriptor_intlibspace.o(.text) for __rt_heap_descriptor
    h1_free_mt.o(.text) refers to rt_heap_descriptor_intlibspace.o(.text) for __rt_heap_descriptor
    heap2.o(i._FDIterate) refers to heap2.o(.constdata) for .constdata
    heap2.o(i.___Heap_ProvideMemory$realtime) refers to fdtree.o(i._FDTree_Delete) for _FDTree_Delete
    heap2.o(i.___Heap_ProvideMemory$realtime) refers to fdtree.o(i._FDTree_Insert) for _FDTree_Insert
    heap2.o(i.___Heap_Stats$realtime) refers to heap2.o(i._Heap2_StatsIterate) for _Heap2_StatsIterate
    heap2.o(i.___Heap_Valid$realtime) refers to heap2.o(i._FDIterate) for _FDIterate
    heap2.o(i.___Heap_Valid$realtime) refers to heap2.o(.constdata) for .constdata
    heap2.o(i._free$realtime) refers to rt_heap_descriptor_intlibspace.o(.text) for __rt_heap_descriptor
    heap2.o(i._free$realtime) refers to fdtree.o(i._FDTree_Delete) for _FDTree_Delete
    heap2.o(i._free$realtime) refers to fdtree.o(i._FDTree_Insert) for _FDTree_Insert
    heap2.o(i._malloc$realtime) refers to rt_heap_descriptor_intlibspace.o(.text) for __rt_heap_descriptor
    heap2.o(i._malloc$realtime) refers to fdtree.o(i._FDTree_FindFirst) for _FDTree_FindFirst
    heap2.o(i._malloc$realtime) refers to init_alloc.o(.text) for __Heap_Full
    heap2.o(i._malloc$realtime) refers to fdtree.o(i._FDTree_RemoveNode) for _FDTree_RemoveNode
    heap2.o(i._malloc$realtime) refers to fdtree.o(i._FDTree_Insert) for _FDTree_Insert
    heap2.o(i._realloc$realtime) refers to rt_heap_descriptor_intlibspace.o(.text) for __rt_heap_descriptor
    heap2.o(i._realloc$realtime) refers to h1_free.o(.text) for free
    heap2.o(i._realloc$realtime) refers to h1_alloc.o(.text) for malloc
    heap2.o(i._realloc$realtime) refers to fdtree.o(i._FDTree_Delete) for _FDTree_Delete
    heap2.o(i._realloc$realtime) refers to fdtree.o(i._FDTree_Insert) for _FDTree_Insert
    heap2.o(i._realloc$realtime) refers to rt_memcpy_w.o(.text) for __aeabi_memcpy4
    heap2mt.o(i._FDIterate) refers to heap2mt.o(.constdata) for .constdata
    heap2mt.o(i.___Heap_Initialize$realtime$concurrent) refers to mutex_dummy.o(.text) for _mutex_initialize
    heap2mt.o(i.___Heap_ProvideMemory$realtime$concurrent) refers to fdtree.o(i._FDTree_Delete) for _FDTree_Delete
    heap2mt.o(i.___Heap_ProvideMemory$realtime$concurrent) refers to fdtree.o(i._FDTree_Insert) for _FDTree_Insert
    heap2mt.o(i.___Heap_Stats$realtime$concurrent) refers to heap2mt.o(i._Heap2_StatsIterate) for _Heap2_StatsIterate
    heap2mt.o(i.___Heap_Valid$realtime$concurrent) refers to heap2mt.o(i._FDIterate) for _FDIterate
    heap2mt.o(i.___Heap_Valid$realtime$concurrent) refers to heap2mt.o(.constdata) for .constdata
    heap2mt.o(i._free$realtime$concurrent) refers to rt_heap_descriptor_intlibspace.o(.text) for __rt_heap_descriptor
    heap2mt.o(i._free$realtime$concurrent) refers to fdtree.o(i._FDTree_Delete) for _FDTree_Delete
    heap2mt.o(i._free$realtime$concurrent) refers to fdtree.o(i._FDTree_Insert) for _FDTree_Insert
    heap2mt.o(i._malloc$realtime$concurrent) refers to rt_heap_descriptor_intlibspace.o(.text) for __rt_heap_descriptor
    heap2mt.o(i._malloc$realtime$concurrent) refers to fdtree.o(i._FDTree_FindFirst) for _FDTree_FindFirst
    heap2mt.o(i._malloc$realtime$concurrent) refers to init_alloc.o(.text) for __Heap_Full
    heap2mt.o(i._malloc$realtime$concurrent) refers to fdtree.o(i._FDTree_RemoveNode) for _FDTree_RemoveNode
    heap2mt.o(i._malloc$realtime$concurrent) refers to fdtree.o(i._FDTree_Insert) for _FDTree_Insert
    heap2mt.o(i._realloc$realtime$concurrent) refers to rt_heap_descriptor_intlibspace.o(.text) for __rt_heap_descriptor
    heap2mt.o(i._realloc$realtime$concurrent) refers to h1_free.o(.text) for free
    heap2mt.o(i._realloc$realtime$concurrent) refers to h1_alloc.o(.text) for malloc
    heap2mt.o(i._realloc$realtime$concurrent) refers to fdtree.o(i._FDTree_Delete) for _FDTree_Delete
    heap2mt.o(i._realloc$realtime$concurrent) refers to fdtree.o(i._FDTree_Insert) for _FDTree_Insert
    heap2mt.o(i._realloc$realtime$concurrent) refers to rt_memcpy_w.o(.text) for __aeabi_memcpy4
    rt_memcpy_v6.o(.text) refers to rt_memcpy_w.o(.text) for __aeabi_memcpy4
    mktime.o(.text) refers to _monlen.o(.constdata) for _monlen
    __main.o(!!!main) refers to rtentry.o(.ARM.Collect$$rtentry$$00000000) for __rt_entry
    rtentry.o(.ARM.Collect$$rtentry$$00000000) refers (Special) to rtentry2.o(.ARM.Collect$$rtentry$$0000000A) for __rt_entry_li
    rtentry.o(.ARM.Collect$$rtentry$$00000000) refers (Special) to rtentry2.o(.ARM.Collect$$rtentry$$0000000D) for __rt_entry_main
    rtentry.o(.ARM.Collect$$rtentry$$00000000) refers (Special) to rtentry2.o(.ARM.Collect$$rtentry$$0000000C) for __rt_entry_postli_1
    rtentry.o(.ARM.Collect$$rtentry$$00000000) refers (Special) to rtentry2.o(.ARM.Collect$$rtentry$$00000009) for __rt_entry_postsh_1
    rtentry.o(.ARM.Collect$$rtentry$$00000000) refers (Special) to rtentry2.o(.ARM.Collect$$rtentry$$00000002) for __rt_entry_presh_1
    rtentry.o(.ARM.Collect$$rtentry$$00000000) refers (Special) to rtentry4.o(.ARM.Collect$$rtentry$$00000004) for __rt_entry_sh
    rtentry.o(.ARM.exidx) refers (Special) to rtentry2.o(.ARM.Collect$$rtentry$$0000000A) for __rt_entry_li
    rtentry.o(.ARM.exidx) refers (Special) to rtentry2.o(.ARM.Collect$$rtentry$$0000000D) for __rt_entry_main
    rtentry.o(.ARM.exidx) refers (Special) to rtentry2.o(.ARM.Collect$$rtentry$$0000000C) for __rt_entry_postli_1
    rtentry.o(.ARM.exidx) refers (Special) to rtentry2.o(.ARM.Collect$$rtentry$$00000009) for __rt_entry_postsh_1
    rtentry.o(.ARM.exidx) refers (Special) to rtentry2.o(.ARM.Collect$$rtentry$$00000002) for __rt_entry_presh_1
    rtentry.o(.ARM.exidx) refers (Special) to rtentry4.o(.ARM.Collect$$rtentry$$00000004) for __rt_entry_sh
    rtentry.o(.ARM.exidx) refers to rtentry.o(.ARM.Collect$$rtentry$$00000000) for .ARM.Collect$$rtentry$$00000000
    rt_heap_descriptor.o(.text) refers to rt_heap_descriptor.o(.bss) for __rt_heap_descriptor_data
    rt_heap_descriptor_intlibspace.o(.text) refers to libspace.o(.bss) for __libspace_start
    init_alloc.o(.text) refers (Special) to hguard.o(.text) for __heap$guard
    init_alloc.o(.text) refers (Special) to libinit2.o(.ARM.Collect$$libinit$$00000001) for __rt_lib_init_heap_2
    init_alloc.o(.text) refers (Special) to maybetermalloc1.o(.emb_text) for _maybe_terminate_alloc
    init_alloc.o(.text) refers to heapauxa.o(.text) for __rt_heap_expand
    init_alloc.o(.text) refers to h1_extend.o(.text) for __Heap_ProvideMemory
    init_alloc.o(.text) refers to defsig_rtmem_outer.o(.text) for __rt_SIGRTMEM
    init_alloc.o(.text) refers to rt_heap_descriptor_intlibspace.o(.text) for __rt_heap_descriptor
    init_alloc.o(.text) refers to h1_init.o(.text) for __Heap_Initialize
    h1_init_mt.o(.text) refers to mutex_dummy.o(.text) for _mutex_initialize
    _get_argv.o(.text) refers (Special) to hrguard.o(.text) for __heap_region$guard
    _get_argv.o(.text) refers to h1_alloc.o(.text) for malloc
    _get_argv.o(.text) refers to defsig_rtmem_outer.o(.text) for __rt_SIGRTMEM
    _get_argv.o(.text) refers to rt_sys_c.o(.text) for _sys_command_string
    libinit2.o(.ARM.Collect$$libinit$$00000001) refers (Weak) to init_alloc.o(.text) for _init_alloc
    libinit2.o(.ARM.Collect$$libinit$$0000000C) refers to libinit2.o(.ARM.Collect$$libinit$$0000000B) for .ARM.Collect$$libinit$$0000000B
    libinit2.o(.ARM.Collect$$libinit$$0000000E) refers to libinit2.o(.ARM.Collect$$libinit$$0000000B) for .ARM.Collect$$libinit$$0000000B
    libinit2.o(.ARM.Collect$$libinit$$00000010) refers to libinit2.o(.ARM.Collect$$libinit$$0000000B) for .ARM.Collect$$libinit$$0000000B
    libinit2.o(.ARM.Collect$$libinit$$00000012) refers to libinit2.o(.ARM.Collect$$libinit$$0000000B) for .ARM.Collect$$libinit$$0000000B
    libinit2.o(.ARM.Collect$$libinit$$00000014) refers to libinit2.o(.ARM.Collect$$libinit$$0000000B) for .ARM.Collect$$libinit$$0000000B
    libinit2.o(.ARM.Collect$$libinit$$00000022) refers to argv_veneer.o(.emb_text) for __ARM_argv_veneer
    libinit2.o(.ARM.Collect$$libinit$$00000023) refers to argv_veneer.o(.emb_text) for __ARM_argv_veneer
    libspace.o(.text) refers to libspace.o(.bss) for __libspace_start
    rtentry2.o(.ARM.Collect$$rtentry$$00000008) refers to boardinit2.o(.text) for _platform_post_stackheap_init
    rtentry2.o(.ARM.Collect$$rtentry$$0000000A) refers to libinit.o(.ARM.Collect$$libinit$$00000000) for __rt_lib_init
    rtentry2.o(.ARM.Collect$$rtentry$$0000000B) refers to boardinit3.o(.text) for _platform_post_lib_init
    rtentry2.o(.ARM.Collect$$rtentry$$0000000D) refers to main.o(.text) for main
    rtentry2.o(.ARM.Collect$$rtentry$$0000000D) refers to exit.o(.text) for exit
    rtentry2.o(.ARM.exidx) refers to rtentry2.o(.ARM.Collect$$rtentry$$00000001) for .ARM.Collect$$rtentry$$00000001
    rtentry2.o(.ARM.exidx) refers to rtentry2.o(.ARM.Collect$$rtentry$$00000002) for .ARM.Collect$$rtentry$$00000002
    rtentry2.o(.ARM.exidx) refers to rtentry2.o(.ARM.Collect$$rtentry$$00000008) for .ARM.Collect$$rtentry$$00000008
    rtentry2.o(.ARM.exidx) refers to rtentry2.o(.ARM.Collect$$rtentry$$00000009) for .ARM.Collect$$rtentry$$00000009
    rtentry2.o(.ARM.exidx) refers to rtentry2.o(.ARM.Collect$$rtentry$$0000000A) for .ARM.Collect$$rtentry$$0000000A
    rtentry2.o(.ARM.exidx) refers to rtentry2.o(.ARM.Collect$$rtentry$$0000000B) for .ARM.Collect$$rtentry$$0000000B
    rtentry2.o(.ARM.exidx) refers to rtentry2.o(.ARM.Collect$$rtentry$$0000000C) for .ARM.Collect$$rtentry$$0000000C
    rtentry2.o(.ARM.exidx) refers to rtentry2.o(.ARM.Collect$$rtentry$$0000000D) for .ARM.Collect$$rtentry$$0000000D
    rtentry4.o(.ARM.Collect$$rtentry$$00000004) refers to sys_stackheap_outer.o(.text) for __user_setup_stackheap
    rtentry4.o(.ARM.exidx) refers to rtentry4.o(.ARM.Collect$$rtentry$$00000004) for .ARM.Collect$$rtentry$$00000004
    maybetermalloc2.o(.emb_text) refers to term_alloc.o(.text) for _terminate_alloc
    h1_extend.o(.text) refers to h1_free.o(.text) for free
    h1_extend_mt.o(.text) refers to h1_free_mt.o(.text) for _free_internal
    defsig_rtmem_outer.o(.text) refers to defsig_rtmem_inner.o(.text) for __rt_SIGRTMEM_inner
    defsig_rtmem_outer.o(.text) refers to defsig_exit.o(.text) for __sig_exit
    defsig_rtmem_formal.o(.text) refers to rt_raise.o(.text) for __rt_raise
    heapauxa.o(.text) refers to heapauxa.o(.data) for .data
    argv_veneer.o(.emb_text) refers to no_argv.o(.text) for __ARM_get_argv
    sys_stackheap_outer.o(.text) refers to libspace.o(.text) for __user_perproc_libspace
    sys_stackheap_outer.o(.text) refers to rt_sys_s.o(rt_sys) for __user_initial_stackheap
    rt_raise.o(.text) refers to __raise.o(.text) for __raise
    rt_raise.o(.text) refers to rt_sys_c.o(.text) for _sys_exit
    term_alloc.o(.text) refers (Special) to libshutdown2.o(.ARM.Collect$$libshutdown$$0000000D) for __rt_lib_shutdown_heap_2
    term_alloc.o(.text) refers to rt_heap_descriptor_intlibspace.o(.text) for __rt_heap_descriptor
    term_alloc.o(.text) refers to h1_final.o(.text) for __Heap_Finalize
    exit.o(.text) refers to rtexit.o(.ARM.Collect$$rtexit$$00000000) for __rt_exit
    defsig_exit.o(.text) refers to rt_sys_c.o(.text) for _sys_exit
    defsig_rtmem_inner.o(.text) refers to defsig_general.o(.text) for __default_signal_display
    _get_argv_nomalloc.o(.text) refers (Special) to hrguard.o(.text) for __heap_region$guard
    _get_argv_nomalloc.o(.text) refers to defsig_rtmem_outer.o(.text) for __rt_SIGRTMEM
    _get_argv_nomalloc.o(.text) refers to rt_sys_c.o(.text) for _sys_command_string
    libinit.o(.ARM.Collect$$libinit$$00000000) refers (Special) to libinit2.o(.ARM.Collect$$libinit$$0000002A) for __rt_lib_init_alloca_1
    libinit.o(.ARM.Collect$$libinit$$00000000) refers (Special) to libinit2.o(.ARM.Collect$$libinit$$00000028) for __rt_lib_init_argv_1
    libinit.o(.ARM.Collect$$libinit$$00000000) refers (Special) to libinit2.o(.ARM.Collect$$libinit$$00000017) for __rt_lib_init_atexit_1
    libinit.o(.ARM.Collect$$libinit$$00000000) refers (Special) to libinit2.o(.ARM.Collect$$libinit$$0000001D) for __rt_lib_init_clock_1
    libinit.o(.ARM.Collect$$libinit$$00000000) refers (Special) to libinit2.o(.ARM.Collect$$libinit$$0000002E) for __rt_lib_init_cpp_1
    libinit.o(.ARM.Collect$$libinit$$00000000) refers (Special) to libinit2.o(.ARM.Collect$$libinit$$0000002C) for __rt_lib_init_exceptions_1
    libinit.o(.ARM.Collect$$libinit$$00000000) refers (Special) to libinit2.o(.ARM.Collect$$libinit$$0000001B) for __rt_lib_init_fp_trap_1
    libinit.o(.ARM.Collect$$libinit$$00000000) refers (Special) to libinit2.o(.ARM.Collect$$libinit$$0000001F) for __rt_lib_init_getenv_1
    libinit.o(.ARM.Collect$$libinit$$00000000) refers (Special) to libinit2.o(.ARM.Collect$$libinit$$00000006) for __rt_lib_init_heap_1
    libinit.o(.ARM.Collect$$libinit$$00000000) refers (Special) to libinit2.o(.ARM.Collect$$libinit$$0000000D) for __rt_lib_init_lc_collate_1
    libinit.o(.ARM.Collect$$libinit$$00000000) refers (Special) to libinit2.o(.ARM.Collect$$libinit$$0000000F) for __rt_lib_init_lc_ctype_1
    libinit.o(.ARM.Collect$$libinit$$00000000) refers (Special) to libinit2.o(.ARM.Collect$$libinit$$00000011) for __rt_lib_init_lc_monetary_1
    libinit.o(.ARM.Collect$$libinit$$00000000) refers (Special) to libinit2.o(.ARM.Collect$$libinit$$00000013) for __rt_lib_init_lc_numeric_1
    libinit.o(.ARM.Collect$$libinit$$00000000) refers (Special) to libinit2.o(.ARM.Collect$$libinit$$00000015) for __rt_lib_init_lc_time_1
    libinit.o(.ARM.Collect$$libinit$$00000000) refers (Special) to libinit2.o(.ARM.Collect$$libinit$$0000000A) for __rt_lib_init_rand_1
    libinit.o(.ARM.Collect$$libinit$$00000000) refers (Special) to libinit2.o(.ARM.Collect$$libinit$$0000002F) for __rt_lib_init_return
    libinit.o(.ARM.Collect$$libinit$$00000000) refers (Special) to libinit2.o(.ARM.Collect$$libinit$$00000019) for __rt_lib_init_signal_1
    libinit.o(.ARM.Collect$$libinit$$00000000) refers (Special) to libinit2.o(.ARM.Collect$$libinit$$00000021) for __rt_lib_init_stdio_1
    libinit.o(.ARM.Collect$$libinit$$00000000) refers (Special) to libinit2.o(.ARM.Collect$$libinit$$00000008) for __rt_lib_init_user_alloc_1
    rtexit.o(.ARM.Collect$$rtexit$$00000000) refers (Special) to rtexit2.o(.ARM.Collect$$rtexit$$00000004) for __rt_exit_exit
    rtexit.o(.ARM.Collect$$rtexit$$00000000) refers (Special) to rtexit2.o(.ARM.Collect$$rtexit$$00000003) for __rt_exit_ls
    rtexit.o(.ARM.Collect$$rtexit$$00000000) refers (Special) to rtexit2.o(.ARM.Collect$$rtexit$$00000002) for __rt_exit_prels_1
    rtexit.o(.ARM.exidx) refers (Special) to rtexit2.o(.ARM.Collect$$rtexit$$00000004) for __rt_exit_exit
    rtexit.o(.ARM.exidx) refers (Special) to rtexit2.o(.ARM.Collect$$rtexit$$00000003) for __rt_exit_ls
    rtexit.o(.ARM.exidx) refers (Special) to rtexit2.o(.ARM.Collect$$rtexit$$00000002) for __rt_exit_prels_1
    rtexit.o(.ARM.exidx) refers to rtexit.o(.ARM.Collect$$rtexit$$00000000) for .ARM.Collect$$rtexit$$00000000
    __raise.o(.text) refers to defsig.o(CL$$defsig) for __default_signal_handler
    defsig_general.o(.text) refers to rt_sys_c.o(.text) for _ttywrch
    libshutdown2.o(.ARM.Collect$$libshutdown$$0000000C) refers (Weak) to term_alloc.o(.text) for _terminate_alloc
    rtexit2.o(.ARM.Collect$$rtexit$$00000003) refers to libshutdown.o(.ARM.Collect$$libshutdown$$00000000) for __rt_lib_shutdown
    rtexit2.o(.ARM.Collect$$rtexit$$00000004) refers to rt_sys_c.o(.text) for _sys_exit
    rtexit2.o(.ARM.exidx) refers to rtexit2.o(.ARM.Collect$$rtexit$$00000001) for .ARM.Collect$$rtexit$$00000001
    rtexit2.o(.ARM.exidx) refers to rtexit2.o(.ARM.Collect$$rtexit$$00000002) for .ARM.Collect$$rtexit$$00000002
    rtexit2.o(.ARM.exidx) refers to rtexit2.o(.ARM.Collect$$rtexit$$00000003) for .ARM.Collect$$rtexit$$00000003
    rtexit2.o(.ARM.exidx) refers to rtexit2.o(.ARM.Collect$$rtexit$$00000004) for .ARM.Collect$$rtexit$$00000004
    defsig.o(CL$$defsig) refers to defsig_rtmem_inner.o(.text) for __rt_SIGRTMEM_inner
    defsig_abrt_inner.o(.text) refers to defsig_general.o(.text) for __default_signal_display
    defsig_fpe_inner.o(.text) refers to defsig_general.o(.text) for __default_signal_display
    defsig_rtred_inner.o(.text) refers to defsig_general.o(.text) for __default_signal_display
    defsig_stak_inner.o(.text) refers to defsig_general.o(.text) for __default_signal_display
    defsig_pvfn_inner.o(.text) refers to defsig_general.o(.text) for __default_signal_display
    defsig_cppl_inner.o(.text) refers to defsig_general.o(.text) for __default_signal_display
    defsig_segv_inner.o(.text) refers to defsig_general.o(.text) for __default_signal_display
    defsig_other.o(.text) refers to defsig_general.o(.text) for __default_signal_display
    libshutdown.o(.ARM.Collect$$libshutdown$$00000000) refers (Special) to libshutdown2.o(.ARM.Collect$$libshutdown$$00000006) for __rt_lib_shutdown_fp_trap_1
    libshutdown.o(.ARM.Collect$$libshutdown$$00000000) refers (Special) to libshutdown2.o(.ARM.Collect$$libshutdown$$0000000E) for __rt_lib_shutdown_heap_1
    libshutdown.o(.ARM.Collect$$libshutdown$$00000000) refers (Special) to libshutdown2.o(.ARM.Collect$$libshutdown$$0000000F) for __rt_lib_shutdown_return
    libshutdown.o(.ARM.Collect$$libshutdown$$00000000) refers (Special) to libshutdown2.o(.ARM.Collect$$libshutdown$$00000009) for __rt_lib_shutdown_signal_1
    libshutdown.o(.ARM.Collect$$libshutdown$$00000000) refers (Special) to libshutdown2.o(.ARM.Collect$$libshutdown$$00000003) for __rt_lib_shutdown_stdio_1
    libshutdown.o(.ARM.Collect$$libshutdown$$00000000) refers (Special) to libshutdown2.o(.ARM.Collect$$libshutdown$$0000000B) for __rt_lib_shutdown_user_alloc_1


==============================================================================

Removing Unused input sections from the image.

    Removing os_mbox.o(.text), (768 bytes).
    Removing os_mutex.o(.text), (1384 bytes).

2 unused section(s) (total 2152 bytes) removed from the image.

==============================================================================

Image Symbol Table

    Local Symbols

    Symbol Name                              Value     Ov Type        Size  Object(Section)

    .constdata                               0x00000000   Section      204  vector_table.o(.constdata)
    ../../angel/boardlib.s                   0x00000000   Number         0  boardshut.o ABSOLUTE
    ../../angel/boardlib.s                   0x00000000   Number         0  boardinit1.o ABSOLUTE
    ../../angel/boardlib.s                   0x00000000   Number         0  boardinit2.o ABSOLUTE
    ../../angel/boardlib.s                   0x00000000   Number         0  boardinit3.o ABSOLUTE
    ../../angel/handlers.s                   0x00000000   Number         0  __scatter_zi.o ABSOLUTE
    ../../angel/handlers.s                   0x00000000   Number         0  __scatter_copy.o ABSOLUTE
    ../../angel/kernel.s                     0x00000000   Number         0  rtentry4.o ABSOLUTE
    ../../angel/kernel.s                     0x00000000   Number         0  rtentry.o ABSOLUTE
    ../../angel/kernel.s                     0x00000000   Number         0  rtentry2.o ABSOLUTE
    ../../angel/kernel.s                     0x00000000   Number         0  rtexit2.o ABSOLUTE
    ../../angel/kernel.s                     0x00000000   Number         0  rtexit.o ABSOLUTE
    ../../angel/rt.s                         0x00000000   Number         0  rt_raise.o ABSOLUTE
    ../../angel/rt.s                         0x00000000   Number         0  rt_heap_descriptor_intlibspace.o ABSOLUTE
    ../../angel/rt.s                         0x00000000   Number         0  rt_heap_descriptor.o ABSOLUTE
    ../../angel/scatter.s                    0x00000000   Number         0  __scatter.o ABSOLUTE
    ../../angel/startup.s                    0x00000000   Number         0  __main.o ABSOLUTE
    ../../angel/sys.s                        0x00000000   Number         0  mutex_dummy.o ABSOLUTE
    ../../angel/sys.s                        0x00000000   Number         0  libspace.o ABSOLUTE
    ../../angel/sys.s                        0x00000000   Number         0  use_no_semi.o ABSOLUTE
    ../../angel/sys.s                        0x00000000   Number         0  sys_stackheap_outer.o ABSOLUTE
    ../../armsys.c                           0x00000000   Number         0  argv_veneer.o ABSOLUTE
    ../../armsys.c                           0x00000000   Number         0  argv_veneer.o ABSOLUTE
    ../../armsys.c                           0x00000000   Number         0  _get_argv_nomalloc.o ABSOLUTE
    ../../armsys.c                           0x00000000   Number         0  no_argv.o ABSOLUTE
    ../../armsys.c                           0x00000000   Number         0  _get_argv.o ABSOLUTE
    ../../fpinit.s                           0x00000000   Number         0  fpinit.o ABSOLUTE
    ../../heap1.c                            0x00000000   Number         0  h1_init.o ABSOLUTE
    ../../heap1.c                            0x00000000   Number         0  h1_alloc.o ABSOLUTE
    ../../heap1.c                            0x00000000   Number         0  h1_free.o ABSOLUTE
    ../../heap1.c                            0x00000000   Number         0  h1_free_mt.o ABSOLUTE
    ../../heap1.c                            0x00000000   Number         0  h1_final.o ABSOLUTE
    ../../heap1.c                            0x00000000   Number         0  h1_init_mt.o ABSOLUTE
    ../../heap1.c                            0x00000000   Number         0  h1_alloc_mt.o ABSOLUTE
    ../../heap1.c                            0x00000000   Number         0  h1_extend_mt.o ABSOLUTE
    ../../heap1.c                            0x00000000   Number         0  h1_final_mt.o ABSOLUTE
    ../../heap1.c                            0x00000000   Number         0  h1_extend.o ABSOLUTE
    ../../heap2.c                            0x00000000   Number         0  fdtree.o ABSOLUTE
    ../../heap2.c                            0x00000000   Number         0  heap2.o ABSOLUTE
    ../../heap2.c                            0x00000000   Number         0  heap2mt.o ABSOLUTE
    ../../heapalloc.c                        0x00000000   Number         0  maybetermalloc1.o ABSOLUTE
    ../../heapalloc.c                        0x00000000   Number         0  hguard.o ABSOLUTE
    ../../heapalloc.c                        0x00000000   Number         0  heapstubs.o ABSOLUTE
    ../../heapalloc.c                        0x00000000   Number         0  init_alloc.o ABSOLUTE
    ../../heapalloc.c                        0x00000000   Number         0  malloc.o ABSOLUTE
    ../../heapalloc.c                        0x00000000   Number         0  free.o ABSOLUTE
    ../../heapalloc.c                        0x00000000   Number         0  hrguard.o ABSOLUTE
    ../../heapalloc.c                        0x00000000   Number         0  term_alloc.o ABSOLUTE
    ../../heapalloc.c                        0x00000000   Number         0  maybetermalloc2.o ABSOLUTE
    ../../heapalloc.c                        0x00000000   Number         0  maybetermalloc2.o ABSOLUTE
    ../../heapalloc.c                        0x00000000   Number         0  maybetermalloc1.o ABSOLUTE
    ../../heapaux.c                          0x00000000   Number         0  heapauxa.o ABSOLUTE
    ../../heapaux.c                          0x00000000   Number         0  heapauxi.o ABSOLUTE
    ../../libinit.s                          0x00000000   Number         0  libinit2.o ABSOLUTE
    ../../libinit.s                          0x00000000   Number         0  libinit.o ABSOLUTE
    ../../libinit.s                          0x00000000   Number         0  libshutdown2.o ABSOLUTE
    ../../libinit.s                          0x00000000   Number         0  libshutdown.o ABSOLUTE
    ../../memcpset.s                         0x00000000   Number         0  rt_memcpy_w.o ABSOLUTE
    ../../memcpset.s                         0x00000000   Number         0  rt_memclr_w.o ABSOLUTE
    ../../memcpset.s                         0x00000000   Number         0  rt_memcpy_v6.o ABSOLUTE
    ../../signal.c                           0x00000000   Number         0  defsig_rtmem_outer.o ABSOLUTE
    ../../signal.c                           0x00000000   Number         0  __raise.o ABSOLUTE
    ../../signal.c                           0x00000000   Number         0  defsig_rtmem_inner.o ABSOLUTE
    ../../signal.c                           0x00000000   Number         0  defsig_exit.o ABSOLUTE
    ../../signal.c                           0x00000000   Number         0  defsig_segv_inner.o ABSOLUTE
    ../../signal.c                           0x00000000   Number         0  defsig_cppl_inner.o ABSOLUTE
    ../../signal.c                           0x00000000   Number         0  defsig_pvfn_inner.o ABSOLUTE
    ../../signal.c                           0x00000000   Number         0  defsig_stak_inner.o ABSOLUTE
    ../../signal.c                           0x00000000   Number         0  defsig_rtred_inner.o ABSOLUTE
    ../../signal.c                           0x00000000   Number         0  defsig_fpe_inner.o ABSOLUTE
    ../../signal.c                           0x00000000   Number         0  defsig_rtmem_formal.o ABSOLUTE
    ../../signal.c                           0x00000000   Number         0  defsig_abrt_inner.o ABSOLUTE
    ../../signal.c                           0x00000000   Number         0  defsig_other.o ABSOLUTE
    ../../signal.c                           0x00000000   Number         0  defsig_general.o ABSOLUTE
    ../../signal.s                           0x00000000   Number         0  defsig.o ABSOLUTE
    ../../stdlib.c                           0x00000000   Number         0  exit.o ABSOLUTE
    ../../time.c                             0x00000000   Number         0  _monlen.o ABSOLUTE
    ../../time.c                             0x00000000   Number         0  mktime.o ABSOLUTE
    USER_CODE\main.c                         0x00000000   Number         0  main.o ABSOLUTE
    ZY_CODE\Startup\LPC1700PinCfg.c          0x00000000   Number         0  lpc1700pincfg.o ABSOLUTE
    ZY_CODE\Startup\target.c                 0x00000000   Number         0  target.o ABSOLUTE
    ZY_CODE\Startup\vector_table.c           0x00000000   Number         0  vector_table.o ABSOLUTE
    ZY_CODE\\uCOS-II\\cpu\\Os_cpu_c.c        0x00000000   Number         0  os_cpu_c.o ABSOLUTE
    ZY_CODE\uCOS-II\OS_CORE.C                0x00000000   Number         0  os_core.o ABSOLUTE
    ZY_CODE\uCOS-II\OS_FLAG.C                0x00000000   Number         0  os_flag.o ABSOLUTE
    ZY_CODE\uCOS-II\OS_MBOX.C                0x00000000   Number         0  os_mbox.o ABSOLUTE
    ZY_CODE\uCOS-II\OS_MEM.C                 0x00000000   Number         0  os_mem.o ABSOLUTE
    ZY_CODE\uCOS-II\OS_MUTEX.C               0x00000000   Number         0  os_mutex.o ABSOLUTE
    ZY_CODE\uCOS-II\OS_Q.C                   0x00000000   Number         0  os_q.o ABSOLUTE
    ZY_CODE\uCOS-II\OS_SEM.C                 0x00000000   Number         0  os_sem.o ABSOLUTE
    ZY_CODE\uCOS-II\OS_TASK.C                0x00000000   Number         0  os_task.o ABSOLUTE
    ZY_CODE\uCOS-II\OS_TIME.C                0x00000000   Number         0  os_time.o ABSOLUTE
    ZY_CODE\uCOS-II\cpu\Os_cpu_c.c           0x00000000   Number         0  os_cpu_c.o ABSOLUTE
    ZY_CODE\uCOS-II\hook\OSInitHookBegin.c   0x00000000   Number         0  osinithookbegin.o ABSOLUTE
    ZY_CODE\uCOS-II\hook\OSInitHookEnd.c     0x00000000   Number         0  osinithookend.o ABSOLUTE
    ZY_CODE\uCOS-II\hook\OSTCBInitHook.c     0x00000000   Number         0  ostcbinithook.o ABSOLUTE
    ZY_CODE\uCOS-II\hook\OSTaskCreateHook.c  0x00000000   Number         0  ostaskcreatehook.o ABSOLUTE
    ZY_CODE\uCOS-II\hook\OSTaskDelHook.c     0x00000000   Number         0  ostaskdelhook.o ABSOLUTE
    ZY_CODE\uCOS-II\hook\OSTaskIdleHook.c    0x00000000   Number         0  ostaskidlehook.o ABSOLUTE
    ZY_CODE\uCOS-II\hook\OSTaskStatHook.c    0x00000000   Number         0  ostaskstathook.o ABSOLUTE
    ZY_CODE\uCOS-II\hook\OSTaskSwHook.c      0x00000000   Number         0  ostaskswhook.o ABSOLUTE
    ZY_CODE\uCOS-II\hook\OSTimeTickHook.c    0x00000000   Number         0  ostimetickhook.o ABSOLUTE
    ZY_CODE\zy_if\zy_if.c                    0x00000000   Number         0  zy_if.o ABSOLUTE
    cfg_file\Startup\rt_sys_c.c              0x00000000   Number         0  rt_sys_c.o ABSOLUTE
    cfg_file\Startup\rt_sys_s.s              0x00000000   Number         0  rt_sys_s.o ABSOLUTE
    dc.s                                     0x00000000   Number         0  dc.o ABSOLUTE
    !!!main                                  0x000000cc   Section        8  __main.o(!!!main)
    !!!scatter                               0x000000d4   Section       52  __scatter.o(!!!scatter)
    !!handler_copy                           0x00000108   Section       26  __scatter_copy.o(!!handler_copy)
    !!handler_zi                             0x00000124   Section       28  __scatter_zi.o(!!handler_zi)
    .ARM.Collect$$libinit$$00000000          0x00000140   Section        6  libinit.o(.ARM.Collect$$libinit$$00000000)
    .ARM.Collect$$libinit$$00000001          0x00000146   Section        8  libinit2.o(.ARM.Collect$$libinit$$00000001)
    .ARM.Collect$$libinit$$00000006          0x0000014e   Section        0  libinit2.o(.ARM.Collect$$libinit$$00000006)
    .ARM.Collect$$libinit$$00000008          0x0000014e   Section        0  libinit2.o(.ARM.Collect$$libinit$$00000008)
    .ARM.Collect$$libinit$$0000000A          0x0000014e   Section        0  libinit2.o(.ARM.Collect$$libinit$$0000000A)
    .ARM.Collect$$libinit$$0000000D          0x0000014e   Section        0  libinit2.o(.ARM.Collect$$libinit$$0000000D)
    .ARM.Collect$$libinit$$0000000F          0x0000014e   Section        0  libinit2.o(.ARM.Collect$$libinit$$0000000F)
    .ARM.Collect$$libinit$$00000011          0x0000014e   Section        0  libinit2.o(.ARM.Collect$$libinit$$00000011)
    .ARM.Collect$$libinit$$00000013          0x0000014e   Section        0  libinit2.o(.ARM.Collect$$libinit$$00000013)
    .ARM.Collect$$libinit$$00000015          0x0000014e   Section        0  libinit2.o(.ARM.Collect$$libinit$$00000015)
    .ARM.Collect$$libinit$$00000017          0x0000014e   Section        0  libinit2.o(.ARM.Collect$$libinit$$00000017)
    .ARM.Collect$$libinit$$00000019          0x0000014e   Section        0  libinit2.o(.ARM.Collect$$libinit$$00000019)
    .ARM.Collect$$libinit$$0000001B          0x0000014e   Section        0  libinit2.o(.ARM.Collect$$libinit$$0000001B)
    .ARM.Collect$$libinit$$0000001D          0x0000014e   Section        0  libinit2.o(.ARM.Collect$$libinit$$0000001D)
    .ARM.Collect$$libinit$$0000001F          0x0000014e   Section        0  libinit2.o(.ARM.Collect$$libinit$$0000001F)
    .ARM.Collect$$libinit$$00000021          0x0000014e   Section        0  libinit2.o(.ARM.Collect$$libinit$$00000021)
    .ARM.Collect$$libinit$$00000028          0x0000014e   Section        0  libinit2.o(.ARM.Collect$$libinit$$00000028)
    .ARM.Collect$$libinit$$0000002A          0x0000014e   Section        0  libinit2.o(.ARM.Collect$$libinit$$0000002A)
    .ARM.Collect$$libinit$$0000002C          0x0000014e   Section        0  libinit2.o(.ARM.Collect$$libinit$$0000002C)
    .ARM.Collect$$libinit$$0000002E          0x0000014e   Section        0  libinit2.o(.ARM.Collect$$libinit$$0000002E)
    .ARM.Collect$$libinit$$0000002F          0x0000014e   Section        2  libinit2.o(.ARM.Collect$$libinit$$0000002F)
    .ARM.Collect$$libshutdown$$00000000      0x00000150   Section        2  libshutdown.o(.ARM.Collect$$libshutdown$$00000000)
    .ARM.Collect$$libshutdown$$00000003      0x00000152   Section        0  libshutdown2.o(.ARM.Collect$$libshutdown$$00000003)
    .ARM.Collect$$libshutdown$$00000006      0x00000152   Section        0  libshutdown2.o(.ARM.Collect$$libshutdown$$00000006)
    .ARM.Collect$$libshutdown$$00000009      0x00000152   Section        0  libshutdown2.o(.ARM.Collect$$libshutdown$$00000009)
    .ARM.Collect$$libshutdown$$0000000B      0x00000152   Section        0  libshutdown2.o(.ARM.Collect$$libshutdown$$0000000B)
    .ARM.Collect$$libshutdown$$0000000E      0x00000152   Section        0  libshutdown2.o(.ARM.Collect$$libshutdown$$0000000E)
    .ARM.Collect$$libshutdown$$0000000F      0x00000152   Section        2  libshutdown2.o(.ARM.Collect$$libshutdown$$0000000F)
    .ARM.Collect$$rtentry$$00000000          0x00000154   Section        0  rtentry.o(.ARM.Collect$$rtentry$$00000000)
    .ARM.Collect$$rtentry$$00000002          0x00000154   Section        0  rtentry2.o(.ARM.Collect$$rtentry$$00000002)
    .ARM.Collect$$rtentry$$00000004          0x00000154   Section        6  rtentry4.o(.ARM.Collect$$rtentry$$00000004)
    .ARM.Collect$$rtentry$$00000009          0x0000015a   Section        0  rtentry2.o(.ARM.Collect$$rtentry$$00000009)
    .ARM.Collect$$rtentry$$0000000A          0x0000015a   Section        4  rtentry2.o(.ARM.Collect$$rtentry$$0000000A)
    .ARM.Collect$$rtentry$$0000000C          0x0000015e   Section        0  rtentry2.o(.ARM.Collect$$rtentry$$0000000C)
    .ARM.Collect$$rtentry$$0000000D          0x0000015e   Section        8  rtentry2.o(.ARM.Collect$$rtentry$$0000000D)
    .ARM.Collect$$rtexit$$00000000           0x00000166   Section        0  rtexit.o(.ARM.Collect$$rtexit$$00000000)
    .ARM.Collect$$rtexit$$00000002           0x00000166   Section        0  rtexit2.o(.ARM.Collect$$rtexit$$00000002)
    .ARM.Collect$$rtexit$$00000003           0x00000166   Section        4  rtexit2.o(.ARM.Collect$$rtexit$$00000003)
    .ARM.Collect$$rtexit$$00000004           0x0000016a   Section        4  rtexit2.o(.ARM.Collect$$rtexit$$00000004)
    .emb_text                                0x00000170   Section      298  os_cpu_c.o(.emb_text)
    .emb_text                                0x0000029c   Section        0  maybetermalloc1.o(.emb_text)
    .text                                    0x0000029c   Section      100  main.o(.text)
    .text                                    0x00000300   Section       84  lpc1700pincfg.o(.text)
    .text                                    0x00000354   Section      392  target.o(.text)
    .text                                    0x000004dc   Section     1790  zy_if.o(.text)
    .text                                    0x00000bda   Section      134  rt_sys_c.o(.text)
    .text                                    0x00000c60   Section      396  os_mem.o(.text)
    .text                                    0x00000dec   Section     1264  os_q.o(.text)
    .text                                    0x000012dc   Section      648  os_sem.o(.text)
    .text                                    0x00001564   Section     1536  os_task.o(.text)
    .text                                    0x00001b64   Section      400  os_time.o(.text)
    .text                                    0x00001cf4   Section     1880  os_core.o(.text)
    OS_InitTaskStat                          0x00001d6d   Thumb Code    48  os_core.o(.text)
    OS_InitTaskIdle                          0x00001dbb   Thumb Code    48  os_core.o(.text)
    OS_InitEventList                         0x00001deb   Thumb Code    44  os_core.o(.text)
    OS_InitTCBList                           0x00001e17   Thumb Code    64  os_core.o(.text)
    OS_InitRdyList                           0x00001e57   Thumb Code    46  os_core.o(.text)
    OS_InitMisc                              0x00001e85   Thumb Code    44  os_core.o(.text)
    .text                                    0x0000244c   Section     1676  os_flag.o(.text)
    OS_FlagTaskRdy                           0x000025c3   Thumb Code    78  os_flag.o(.text)
    OS_FlagBlock                             0x000026c5   Thumb Code   124  os_flag.o(.text)
    .text                                    0x00002ad8   Section      244  os_cpu_c.o(.text)
    .text                                    0x00002bcc   Section        2  osinithookbegin.o(.text)
    .text                                    0x00002bce   Section        2  osinithookend.o(.text)
    .text                                    0x00002bd0   Section        4  ostaskcreatehook.o(.text)
    .text                                    0x00002bd4   Section        4  ostaskdelhook.o(.text)
    .text                                    0x00002bd8   Section        2  ostaskidlehook.o(.text)
    .text                                    0x00002bda   Section        2  ostaskstathook.o(.text)
    .text                                    0x00002bdc   Section        2  ostaskswhook.o(.text)
    .text                                    0x00002bde   Section        4  ostcbinithook.o(.text)
    .text                                    0x00002be2   Section        2  ostimetickhook.o(.text)
    .text                                    0x00002be4   Section        2  use_no_semi.o(.text)
    .text                                    0x00002be6   Section       98  h1_alloc.o(.text)
    .text                                    0x00002c48   Section       78  h1_free.o(.text)
    .text                                    0x00002c96   Section      140  rt_memcpy_v6.o(.text)
    .text                                    0x00002d22   Section      100  rt_memcpy_w.o(.text)
    .text                                    0x00002d86   Section       78  rt_memclr_w.o(.text)
    .text                                    0x00002dd4   Section      416  mktime.o(.text)
    _tm_carry                                0x00002dd5   Thumb Code    54  mktime.o(.text)
    .text                                    0x00002f74   Section       12  rt_heap_descriptor_intlibspace.o(.text)
    .text                                    0x00002f80   Section        4  hguard.o(.text)
    .text                                    0x00002f84   Section      138  init_alloc.o(.text)
    .text                                    0x0000300e   Section       14  h1_init.o(.text)
    .text                                    0x0000301c   Section        8  libspace.o(.text)
    .text                                    0x00003024   Section       52  h1_extend.o(.text)
    .text                                    0x00003058   Section       14  defsig_rtmem_outer.o(.text)
    .text                                    0x00003068   Section       76  heapauxa.o(.text)
    .text                                    0x000030b4   Section       74  sys_stackheap_outer.o(.text)
    .text                                    0x000030fe   Section       12  exit.o(.text)
    .text                                    0x0000310a   Section       10  defsig_exit.o(.text)
    .text                                    0x00003114   Section       76  defsig_rtmem_inner.o(.text)
    .text                                    0x00003160   Section       50  defsig_general.o(.text)
    rt_sys                                   0x00003194   Section        8  rt_sys_s.o(rt_sys)
    .constdata                               0x0000319c   Section      264  os_core.o(.constdata)
    .constdata                               0x000032a4   Section       12  _monlen.o(.constdata)
    .data                                    0x10000000   Section       76  os_core.o(.data)
    .data                                    0x1000004c   Section        4  os_cpu_c.o(.data)
    .data                                    0x10000050   Section        4  heapauxa.o(.data)
    __rt_heap_escrow_base                    0x10000050   Data           4  heapauxa.o(.data)
    .bss                                     0x10000054   Section     1024  main.o(.bss)
    stkMainTask                              0x10000054   Data        1024  main.o(.bss)
    .bss                                     0x10000454   Section     5304  os_core.o(.bss)
    .bss                                     0x1000190c   Section       96  libspace.o(.bss)
    Heap                                     0x1000196c   Section        0  rt_sys_s.o(Heap)
    bottom_of_heap                           0x1000196c   Data           0  rt_sys_s.o(Heap)

    Global Symbols

    Symbol Name                              Value     Ov Type        Size  Object(Section)

    BuildAttributes$$THM_ISAv4$P$D$K$B$S$PE$A:L22UL41UL21$X:L11$S22US41US21$IEEE1$IW$USESV6$~STKCKD$USESV7$~SHL$OTIME$ROPI$EBA8$UX$STANDARDLIB$REQ8$PRES8$EABIv2 0x00000000   Number         0  anon$$obj.o ABSOLUTE
    __ARM_use_no_argv                        0x00000000   Number         0  main.o ABSOLUTE
    __GpvVectorTable                         0x00000000   Data         204  vector_table.o(.constdata)
    __ARM_exceptions_init                     - Undefined Weak Reference
    __alloca_initialize                       - Undefined Weak Reference
    __cpp_initialize__aeabi_                  - Undefined Weak Reference
    __cxa_finalize                            - Undefined Weak Reference
    __rt_locale                               - Undefined Weak Reference
    __sigvec_lookup                           - Undefined Weak Reference
    __user_heap_extent                        - Undefined Weak Reference
    _atexit_init                              - Undefined Weak Reference
    _call_atexit_fns                          - Undefined Weak Reference
    _clock_init                               - Undefined Weak Reference
    _fp_trap_init                             - Undefined Weak Reference
    _fp_trap_shutdown                         - Undefined Weak Reference
    _get_lc_collate                           - Undefined Weak Reference
    _get_lc_ctype                             - Undefined Weak Reference
    _get_lc_monetary                          - Undefined Weak Reference
    _get_lc_numeric                           - Undefined Weak Reference
    _get_lc_time                              - Undefined Weak Reference
    _getenv_init                              - Undefined Weak Reference
    _handle_redirection                       - Undefined Weak Reference
    _initio                                   - Undefined Weak Reference
    _mutex_acquire                            - Undefined Weak Reference
    _mutex_free                               - Undefined Weak Reference
    _mutex_release                            - Undefined Weak Reference
    _rand_init                                - Undefined Weak Reference
    _signal_finish                            - Undefined Weak Reference
    _signal_init                              - Undefined Weak Reference
    _terminateio                              - Undefined Weak Reference
    __main                                   0x000000cd   Thumb Code     8  __main.o(!!!main)
    __scatterload                            0x000000d5   Thumb Code     0  __scatter.o(!!!scatter)
    __scatterload_rt2                        0x000000d5   Thumb Code    44  __scatter.o(!!!scatter)
    __scatterload_rt2_thumb_only             0x000000d5   Thumb Code     0  __scatter.o(!!!scatter)
    __scatterload_null                       0x000000e3   Thumb Code     0  __scatter.o(!!!scatter)
    __scatterload_copy                       0x00000109   Thumb Code    26  __scatter_copy.o(!!handler_copy)
    __scatterload_zeroinit                   0x00000125   Thumb Code    28  __scatter_zi.o(!!handler_zi)
    __rt_lib_init                            0x00000141   Thumb Code     0  libinit.o(.ARM.Collect$$libinit$$00000000)
    __rt_lib_init_heap_2                     0x00000147   Thumb Code     0  libinit2.o(.ARM.Collect$$libinit$$00000001)
    __rt_lib_init_alloca_1                   0x0000014f   Thumb Code     0  libinit2.o(.ARM.Collect$$libinit$$0000002A)
    __rt_lib_init_argv_1                     0x0000014f   Thumb Code     0  libinit2.o(.ARM.Collect$$libinit$$00000028)
    __rt_lib_init_atexit_1                   0x0000014f   Thumb Code     0  libinit2.o(.ARM.Collect$$libinit$$00000017)
    __rt_lib_init_clock_1                    0x0000014f   Thumb Code     0  libinit2.o(.ARM.Collect$$libinit$$0000001D)
    __rt_lib_init_cpp_1                      0x0000014f   Thumb Code     0  libinit2.o(.ARM.Collect$$libinit$$0000002E)
    __rt_lib_init_exceptions_1               0x0000014f   Thumb Code     0  libinit2.o(.ARM.Collect$$libinit$$0000002C)
    __rt_lib_init_fp_trap_1                  0x0000014f   Thumb Code     0  libinit2.o(.ARM.Collect$$libinit$$0000001B)
    __rt_lib_init_getenv_1                   0x0000014f   Thumb Code     0  libinit2.o(.ARM.Collect$$libinit$$0000001F)
    __rt_lib_init_heap_1                     0x0000014f   Thumb Code     0  libinit2.o(.ARM.Collect$$libinit$$00000006)
    __rt_lib_init_lc_collate_1               0x0000014f   Thumb Code     0  libinit2.o(.ARM.Collect$$libinit$$0000000D)
    __rt_lib_init_lc_ctype_1                 0x0000014f   Thumb Code     0  libinit2.o(.ARM.Collect$$libinit$$0000000F)
    __rt_lib_init_lc_monetary_1              0x0000014f   Thumb Code     0  libinit2.o(.ARM.Collect$$libinit$$00000011)
    __rt_lib_init_lc_numeric_1               0x0000014f   Thumb Code     0  libinit2.o(.ARM.Collect$$libinit$$00000013)
    __rt_lib_init_lc_time_1                  0x0000014f   Thumb Code     0  libinit2.o(.ARM.Collect$$libinit$$00000015)
    __rt_lib_init_rand_1                     0x0000014f   Thumb Code     0  libinit2.o(.ARM.Collect$$libinit$$0000000A)
    __rt_lib_init_return                     0x0000014f   Thumb Code     0  libinit2.o(.ARM.Collect$$libinit$$0000002F)
    __rt_lib_init_signal_1                   0x0000014f   Thumb Code     0  libinit2.o(.ARM.Collect$$libinit$$00000019)
    __rt_lib_init_stdio_1                    0x0000014f   Thumb Code     0  libinit2.o(.ARM.Collect$$libinit$$00000021)
    __rt_lib_init_user_alloc_1               0x0000014f   Thumb Code     0  libinit2.o(.ARM.Collect$$libinit$$00000008)
    __rt_lib_shutdown                        0x00000151   Thumb Code     0  libshutdown.o(.ARM.Collect$$libshutdown$$00000000)
    __rt_lib_shutdown_fp_trap_1              0x00000153   Thumb Code     0  libshutdown2.o(.ARM.Collect$$libshutdown$$00000006)
    __rt_lib_shutdown_heap_1                 0x00000153   Thumb Code     0  libshutdown2.o(.ARM.Collect$$libshutdown$$0000000E)
    __rt_lib_shutdown_return                 0x00000153   Thumb Code     0  libshutdown2.o(.ARM.Collect$$libshutdown$$0000000F)
    __rt_lib_shutdown_signal_1               0x00000153   Thumb Code     0  libshutdown2.o(.ARM.Collect$$libshutdown$$00000009)
    __rt_lib_shutdown_stdio_1                0x00000153   Thumb Code     0  libshutdown2.o(.ARM.Collect$$libshutdown$$00000003)
    __rt_lib_shutdown_user_alloc_1           0x00000153   Thumb Code     0  libshutdown2.o(.ARM.Collect$$libshutdown$$0000000B)
    __rt_entry                               0x00000155   Thumb Code     0  rtentry.o(.ARM.Collect$$rtentry$$00000000)
    __rt_entry_presh_1                       0x00000155   Thumb Code     0  rtentry2.o(.ARM.Collect$$rtentry$$00000002)
    __rt_entry_sh                            0x00000155   Thumb Code     0  rtentry4.o(.ARM.Collect$$rtentry$$00000004)
    __rt_entry_li                            0x0000015b   Thumb Code     0  rtentry2.o(.ARM.Collect$$rtentry$$0000000A)
    __rt_entry_postsh_1                      0x0000015b   Thumb Code     0  rtentry2.o(.ARM.Collect$$rtentry$$00000009)
    __rt_entry_main                          0x0000015f   Thumb Code     0  rtentry2.o(.ARM.Collect$$rtentry$$0000000D)
    __rt_entry_postli_1                      0x0000015f   Thumb Code     0  rtentry2.o(.ARM.Collect$$rtentry$$0000000C)
    __rt_exit                                0x00000167   Thumb Code     0  rtexit.o(.ARM.Collect$$rtexit$$00000000)
    __rt_exit_ls                             0x00000167   Thumb Code     0  rtexit2.o(.ARM.Collect$$rtexit$$00000003)
    __rt_exit_prels_1                        0x00000167   Thumb Code     0  rtexit2.o(.ARM.Collect$$rtexit$$00000002)
    __rt_exit_exit                           0x0000016b   Thumb Code     0  rtexit2.o(.ARM.Collect$$rtexit$$00000004)
    svcallHandle                             0x00000171   Thumb Code    36  os_cpu_c.o(.emb_text)
    __OSStartHighRdy                         0x00000195   Thumb Code    10  os_cpu_c.o(.emb_text)
    __s_OSStartHighRdy                       0x0000019f   Thumb Code    42  os_cpu_c.o(.emb_text)
    __s_OSCtxSw                              0x000001d9   Thumb Code    80  os_cpu_c.o(.emb_text)
    __s_OS_ENTER_CRITICAL                    0x0000023d   Thumb Code    28  os_cpu_c.o(.emb_text)
    __s_OS_EXIT_CRITICAL                     0x0000025d   Thumb Code    28  os_cpu_c.o(.emb_text)
    __s_changeToSYSMode                      0x0000027d   Thumb Code    10  os_cpu_c.o(.emb_text)
    changeToUSRMode                          0x00000287   Thumb Code    10  os_cpu_c.o(.emb_text)
    taskEntry                                0x00000291   Thumb Code    10  os_cpu_c.o(.emb_text)
    _maybe_terminate_alloc                   0x0000029d   Thumb Code     0  maybetermalloc1.o(.emb_text)
    mainTask                                 0x0000029d   Thumb Code    54  main.o(.text)
    main                                     0x000002d3   Thumb Code    36  main.o(.text)
    pinInit                                  0x00000301   Thumb Code    54  lpc1700pincfg.o(.text)
    pconpInit                                0x00000337   Thumb Code     8  lpc1700pincfg.o(.text)
    defaultVectorHandle                      0x00000355   Thumb Code     4  target.o(.text)
    targetInit                               0x00000359   Thumb Code   362  target.o(.text)
    zyIfInit                                 0x000004dd   Thumb Code     4  zy_if.o(.text)
    zyReset                                  0x000004e1   Thumb Code    50  zy_if.o(.text)
    zyIrqDisable                             0x00000513   Thumb Code     8  zy_if.o(.text)
    zyIrqEnable                              0x0000051b   Thumb Code     8  zy_if.o(.text)
    zyIsrSet                                 0x00000523   Thumb Code   180  zy_if.o(.text)
    __s_zyIsrClr                             0x000005d7   Thumb Code   178  zy_if.o(.text)
    __s_zyIsrDisable                         0x00000689   Thumb Code   158  zy_if.o(.text)
    zyIsrEnable                              0x00000727   Thumb Code   148  zy_if.o(.text)
    zyHeapMalloc                             0x000007bb   Thumb Code    26  zy_if.o(.text)
    zyHeapFree                               0x000007d5   Thumb Code    22  zy_if.o(.text)
    zyThreadCreate                           0x000007eb   Thumb Code    78  zy_if.o(.text)
    zyThreadGetCurId                         0x00000839   Thumb Code     6  zy_if.o(.text)
    zyThreadDel                              0x0000083f   Thumb Code    70  zy_if.o(.text)
    zyThreadSuspendSelf                      0x00000885   Thumb Code    12  zy_if.o(.text)
    zyThreadResume                           0x00000891   Thumb Code    20  zy_if.o(.text)
    zyThreadSuspendCheck                     0x000008a5   Thumb Code    26  zy_if.o(.text)
    zyThreadDelay                            0x000008bf   Thumb Code    62  zy_if.o(.text)
    zySemCreate                              0x000008fd   Thumb Code    12  zy_if.o(.text)
    zySemDel                                 0x00000909   Thumb Code    62  zy_if.o(.text)
    zySemAccept                              0x00000947   Thumb Code    12  zy_if.o(.text)
    zySemPend                                0x00000953   Thumb Code    88  zy_if.o(.text)
    zySemPost                                0x000009ab   Thumb Code    56  zy_if.o(.text)
    zyMsgCreate                              0x000009e3   Thumb Code   124  zy_if.o(.text)
    zyMsgDel                                 0x00000a5f   Thumb Code    42  zy_if.o(.text)
    zyMsgAccept                              0x00000a89   Thumb Code    58  zy_if.o(.text)
    zyMsgPend                                0x00000ac3   Thumb Code   130  zy_if.o(.text)
    zyMsgPost                                0x00000b45   Thumb Code   150  zy_if.o(.text)
    _sys_exit                                0x00000bdb   Thumb Code     4  rt_sys_c.o(.text)
    _ttywrch                                 0x00000bdf   Thumb Code     2  rt_sys_c.o(.text)
    _sys_open                                0x00000be1   Thumb Code     8  rt_sys_c.o(.text)
    _sys_close                               0x00000be9   Thumb Code     8  rt_sys_c.o(.text)
    _sys_read                                0x00000bf1   Thumb Code    10  rt_sys_c.o(.text)
    _sys_write                               0x00000bfb   Thumb Code    10  rt_sys_c.o(.text)
    _sys_ensure                              0x00000c05   Thumb Code     6  rt_sys_c.o(.text)
    _sys_flen                                0x00000c0b   Thumb Code     8  rt_sys_c.o(.text)
    _sys_seek                                0x00000c13   Thumb Code     8  rt_sys_c.o(.text)
    _sys_istty                               0x00000c1b   Thumb Code     8  rt_sys_c.o(.text)
    _sys_tmpnam                              0x00000c23   Thumb Code     6  rt_sys_c.o(.text)
    _sys_command_string                      0x00000c29   Thumb Code     6  rt_sys_c.o(.text)
    clock                                    0x00000c2f   Thumb Code     4  rt_sys_c.o(.text)
    time                                     0x00000c33   Thumb Code    24  rt_sys_c.o(.text)
    remove                                   0x00000c4b   Thumb Code     8  rt_sys_c.o(.text)
    rename                                   0x00000c53   Thumb Code     8  rt_sys_c.o(.text)
    system                                   0x00000c5b   Thumb Code     6  rt_sys_c.o(.text)
    OSMemCreate                              0x00000c61   Thumb Code   152  os_mem.o(.text)
    OSMemGet                                 0x00000cf9   Thumb Code    60  os_mem.o(.text)
    OSMemPut                                 0x00000d35   Thumb Code    58  os_mem.o(.text)
    OSMemQuery                               0x00000d6f   Thumb Code    58  os_mem.o(.text)
    OS_MemInit                               0x00000da9   Thumb Code    60  os_mem.o(.text)
    OSQAccept                                0x00000ded   Thumb Code    70  os_q.o(.text)
    OSQCreate                                0x00000e33   Thumb Code   128  os_q.o(.text)
    OSQDel                                   0x00000eb3   Thumb Code   208  os_q.o(.text)
    OSQFlush                                 0x00000f83   Thumb Code    46  os_q.o(.text)
    OSQPend                                  0x00000fb1   Thumb Code   214  os_q.o(.text)
    OSQPost                                  0x00001087   Thumb Code   110  os_q.o(.text)
    OSQPostFront                             0x000010f5   Thumb Code   112  os_q.o(.text)
    OSQPostOpt                               0x00001165   Thumb Code   172  os_q.o(.text)
    OSQQuery                                 0x00001211   Thumb Code   156  os_q.o(.text)
    OS_QInit                                 0x000012ad   Thumb Code    38  os_q.o(.text)
    OSSemAccept                              0x000012dd   Thumb Code    44  os_sem.o(.text)
    OSSemCreate                              0x00001309   Thumb Code    64  os_sem.o(.text)
    OSSemDel                                 0x00001349   Thumb Code   172  os_sem.o(.text)
    OSSemPend                                0x000013f5   Thumb Code   160  os_sem.o(.text)
    OSSemPost                                0x00001495   Thumb Code    82  os_sem.o(.text)
    OSSemQuery                               0x000014e7   Thumb Code   112  os_sem.o(.text)
    OSTaskChangePrio                         0x00001565   Thumb Code   314  os_task.o(.text)
    OSTaskCreate                             0x0000169f   Thumb Code   148  os_task.o(.text)
    OSTaskCreateExt                          0x00001733   Thumb Code   188  os_task.o(.text)
    OSTaskDel                                0x000017ef   Thumb Code   292  os_task.o(.text)
    OSTaskDelReq                             0x00001913   Thumb Code   130  os_task.o(.text)
    OSTaskResume                             0x00001995   Thumb Code   118  os_task.o(.text)
    OSTaskStkChk                             0x00001a0b   Thumb Code   120  os_task.o(.text)
    OSTaskSuspend                            0x00001a83   Thumb Code   142  os_task.o(.text)
    OSTaskQuery                              0x00001b11   Thumb Code    68  os_task.o(.text)
    OSTimeDly                                0x00001b65   Thumb Code    82  os_time.o(.text)
    OSTimeDlyHMSM                            0x00001bb7   Thumb Code   152  os_time.o(.text)
    OSTimeDlyResume                          0x00001c4f   Thumb Code   108  os_time.o(.text)
    OSTimeGet                                0x00001cbb   Thumb Code    18  os_time.o(.text)
    OSTimeSet                                0x00001ccd   Thumb Code    18  os_time.o(.text)
    OS_TaskStat                              0x00001cf5   Thumb Code   120  os_core.o(.text)
    OS_TaskIdle                              0x00001d9d   Thumb Code    30  os_core.o(.text)
    OSInit                                   0x00001eb1   Thumb Code    48  os_core.o(.text)
    OSIntEnter                               0x00001ee1   Thumb Code    28  os_core.o(.text)
    OSIntExit                                0x00001efd   Thumb Code   124  os_core.o(.text)
    OSSchedLock                              0x00001f79   Thumb Code    36  os_core.o(.text)
    OS_Sched                                 0x00001f9d   Thumb Code    88  os_core.o(.text)
    OSSchedUnlock                            0x00001ff5   Thumb Code    66  os_core.o(.text)
    OSStart                                  0x00002037   Thumb Code    68  os_core.o(.text)
    OSStatInit                               0x0000207b   Thumb Code    52  os_core.o(.text)
    OSTimeTick                               0x000020af   Thumb Code   234  os_core.o(.text)
    OSVersion                                0x00002199   Thumb Code     4  os_core.o(.text)
    OS_Dummy                                 0x0000219d   Thumb Code     2  os_core.o(.text)
    OS_EventTaskRdy                          0x0000219f   Thumb Code   176  os_core.o(.text)
    OS_EventTaskWait                         0x0000224f   Thumb Code   114  os_core.o(.text)
    OS_EventTO                               0x000022c1   Thumb Code    72  os_core.o(.text)
    OS_EventWaitListInit                     0x00002309   Thumb Code    40  os_core.o(.text)
    OS_TCBInit                               0x00002331   Thumb Code   250  os_core.o(.text)
    OSFlagAccept                             0x0000244d   Thumb Code   268  os_flag.o(.text)
    OSFlagCreate                             0x00002559   Thumb Code    72  os_flag.o(.text)
    OS_FlagUnlink                            0x000025a1   Thumb Code    34  os_flag.o(.text)
    OSFlagDel                                0x00002611   Thumb Code   180  os_flag.o(.text)
    OSFlagPend                               0x00002741   Thumb Code   532  os_flag.o(.text)
    OSFlagPost                               0x00002955   Thumb Code   288  os_flag.o(.text)
    OSFlagQuery                              0x00002a75   Thumb Code    48  os_flag.o(.text)
    OS_FlagInit                              0x00002aa5   Thumb Code    42  os_flag.o(.text)
    __sysTickIsr                             0x00002ad9   Thumb Code    22  os_cpu_c.o(.text)
    OSStartHighRdy                           0x00002aef   Thumb Code    74  os_cpu_c.o(.text)
    OSIntCtxSw                               0x00002b39   Thumb Code    10  os_cpu_c.o(.text)
    OSTaskStkInit                            0x00002b43   Thumb Code   120  os_cpu_c.o(.text)
    OSInitHookBegin                          0x00002bcd   Thumb Code     2  osinithookbegin.o(.text)
    OSInitHookEnd                            0x00002bcf   Thumb Code     2  osinithookend.o(.text)
    OSTaskCreateHook                         0x00002bd1   Thumb Code     4  ostaskcreatehook.o(.text)
    OSTaskDelHook                            0x00002bd5   Thumb Code     4  ostaskdelhook.o(.text)
    OSTaskIdleHook                           0x00002bd9   Thumb Code     2  ostaskidlehook.o(.text)
    OSTaskStatHook                           0x00002bdb   Thumb Code     2  ostaskstathook.o(.text)
    OSTaskSwHook                             0x00002bdd   Thumb Code     2  ostaskswhook.o(.text)
    OSTCBInitHook                            0x00002bdf   Thumb Code     4  ostcbinithook.o(.text)
    OSTimeTickHook                           0x00002be3   Thumb Code     2  ostimetickhook.o(.text)
    __semihosting$guard                      0x00002be5   Thumb Code     0  use_no_semi.o(.text)
    __use_no_semihosting_swi                 0x00002be5   Thumb Code     2  use_no_semi.o(.text)
    malloc                                   0x00002be7   Thumb Code    98  h1_alloc.o(.text)
    free                                     0x00002c49   Thumb Code    78  h1_free.o(.text)
    __aeabi_memcpy                           0x00002c97   Thumb Code     0  rt_memcpy_v6.o(.text)
    __rt_memcpy                              0x00002c97   Thumb Code   140  rt_memcpy_v6.o(.text)
    _memcpy_lastbytes                        0x00002cff   Thumb Code     0  rt_memcpy_v6.o(.text)
    __aeabi_memcpy4                          0x00002d23   Thumb Code     0  rt_memcpy_w.o(.text)
    __aeabi_memcpy8                          0x00002d23   Thumb Code     0  rt_memcpy_w.o(.text)
    __rt_memcpy_w                            0x00002d23   Thumb Code   100  rt_memcpy_w.o(.text)
    _memcpy_lastbytes_aligned                0x00002d6b   Thumb Code     0  rt_memcpy_w.o(.text)
    __aeabi_memclr4                          0x00002d87   Thumb Code     0  rt_memclr_w.o(.text)
    __aeabi_memclr8                          0x00002d87   Thumb Code     0  rt_memclr_w.o(.text)
    __rt_memclr_w                            0x00002d87   Thumb Code    78  rt_memclr_w.o(.text)
    _memset_w                                0x00002d8b   Thumb Code     0  rt_memclr_w.o(.text)
    mktime                                   0x00002e0b   Thumb Code   352  mktime.o(.text)
    __rt_heap_descriptor                     0x00002f75   Thumb Code    12  rt_heap_descriptor_intlibspace.o(.text)
    __use_no_heap                            0x00002f81   Thumb Code     2  hguard.o(.text)
    __heap$guard                             0x00002f83   Thumb Code     2  hguard.o(.text)
    _terminate_user_alloc                    0x00002f85   Thumb Code     2  init_alloc.o(.text)
    _init_user_alloc                         0x00002f87   Thumb Code     2  init_alloc.o(.text)
    __Heap_Full                              0x00002f89   Thumb Code    34  init_alloc.o(.text)
    __Heap_Broken                            0x00002fab   Thumb Code     6  init_alloc.o(.text)
    _init_alloc                              0x00002fb1   Thumb Code    94  init_alloc.o(.text)
    __Heap_Initialize                        0x0000300f   Thumb Code    10  h1_init.o(.text)
    __Heap_DescSize                          0x00003019   Thumb Code     4  h1_init.o(.text)
    __user_libspace                          0x0000301d   Thumb Code     8  libspace.o(.text)
    __user_perproc_libspace                  0x0000301d   Thumb Code     0  libspace.o(.text)
    __user_perthread_libspace                0x0000301d   Thumb Code     0  libspace.o(.text)
    __Heap_ProvideMemory                     0x00003025   Thumb Code    52  h1_extend.o(.text)
    __rt_SIGRTMEM                            0x00003059   Thumb Code    14  defsig_rtmem_outer.o(.text)
    __rt_heap_escrow                         0x00003069   Thumb Code    20  heapauxa.o(.text)
    __rt_heap_expand                         0x0000307d   Thumb Code    46  heapauxa.o(.text)
    __user_setup_stackheap                   0x000030b5   Thumb Code    74  sys_stackheap_outer.o(.text)
    exit                                     0x000030ff   Thumb Code    12  exit.o(.text)
    __sig_exit                               0x0000310b   Thumb Code    10  defsig_exit.o(.text)
    __rt_SIGRTMEM_inner                      0x00003115   Thumb Code    20  defsig_rtmem_inner.o(.text)
    __default_signal_display                 0x00003161   Thumb Code    50  defsig_general.o(.text)
    __user_initial_stackheap                 0x00003195   Thumb Code     0  rt_sys_s.o(rt_sys)
    OSMapTbl                                 0x0000319c   Data           8  os_core.o(.constdata)
    OSUnMapTbl                               0x000031a4   Data         256  os_core.o(.constdata)
    _monlen                                  0x000032a4   Data          12  _monlen.o(.constdata)
    Region$$Table$$Base                      0x000032b0   Number         0  anon$$obj.o(Region$$Table)
    Region$$Table$$Limit                     0x000032d0   Number         0  anon$$obj.o(Region$$Table)
    OSCtxSwCtr                               0x10000000   Data           4  os_core.o(.data)
    OSEventFreeList                          0x10000004   Data           4  os_core.o(.data)
    OSFlagFreeList                           0x10000008   Data           4  os_core.o(.data)
    OSCPUUsage                               0x1000000c   Data           1  os_core.o(.data)
    OSIdleCtrMax                             0x10000010   Data           4  os_core.o(.data)
    OSIdleCtrRun                             0x10000014   Data           4  os_core.o(.data)
    OSStatRdy                                0x10000018   Data           1  os_core.o(.data)
    OSIntNesting                             0x10000019   Data           1  os_core.o(.data)
    OSIntExitY                               0x1000001a   Data           1  os_core.o(.data)
    OSLockNesting                            0x1000001b   Data           1  os_core.o(.data)
    OSPrioCur                                0x1000001c   Data           1  os_core.o(.data)
    OSPrioHighRdy                            0x1000001d   Data           1  os_core.o(.data)
    OSRdyGrp                                 0x1000001e   Data           1  os_core.o(.data)
    OSRdyTbl                                 0x1000001f   Data           8  os_core.o(.data)
    OSRunning                                0x10000027   Data           1  os_core.o(.data)
    OSTaskCtr                                0x10000028   Data           1  os_core.o(.data)
    OSIdleCtr                                0x1000002c   Data           4  os_core.o(.data)
    OSTCBCur                                 0x10000030   Data           4  os_core.o(.data)
    OSTCBFreeList                            0x10000034   Data           4  os_core.o(.data)
    OSTCBHighRdy                             0x10000038   Data           4  os_core.o(.data)
    OSTCBList                                0x1000003c   Data           4  os_core.o(.data)
    OSMemFreeList                            0x10000040   Data           4  os_core.o(.data)
    OSQFreeList                              0x10000044   Data           4  os_core.o(.data)
    OSTime                                   0x10000048   Data           4  os_core.o(.data)
    __GuiOsEnterSum                          0x1000004c   Data           4  os_cpu_c.o(.data)
    OSEventTbl                               0x10000454   Data        1088  os_core.o(.bss)
    OSFlagTbl                                0x10000894   Data         180  os_core.o(.bss)
    OSTaskStatStk                            0x10000948   Data        1024  os_core.o(.bss)
    OSTaskIdleStk                            0x10000d48   Data        1024  os_core.o(.bss)
    OSTCBPrioTbl                             0x10001148   Data         256  os_core.o(.bss)
    OSTCBTbl                                 0x10001248   Data        1144  os_core.o(.bss)
    OSMemTbl                                 0x100016c0   Data         300  os_core.o(.bss)
    OSQTbl                                   0x100017ec   Data         288  os_core.o(.bss)
    __libspace_start                         0x1000190c   Data          96  libspace.o(.bss)
    __temporary_stack_top$libspace           0x1000196c   Data           0  libspace.o(.bss)



==============================================================================

Memory Map of the image

  Image Entry point : 0x000000cd

  Load Region ROM_LOAD (Base: 0x00000000, Size: 0x00003324, Max: 0xffffffff, ABSOLUTE)

    Execution Region VECTOR (Base: 0x00000000, Size: 0x000000cc, Max: 0xffffffff, ABSOLUTE)

    Base Addr    Size         Type   Attr      Idx    E Section Name        Object

    0x00000000   0x000000cc   Data   RO          122    .constdata          vector_table.o


    Execution Region ROM_EXEC (Base: 0x000000cc, Size: 0x00003204, Max: 0xffffffff, ABSOLUTE)

    Base Addr    Size         Type   Attr      Idx    E Section Name        Object

    0x000000cc   0x00000008   Code   RO          650  * !!!main             __main.o(c_w.l)
    0x000000d4   0x00000034   Code   RO          848    !!!scatter          __scatter.o(c_w.l)
    0x00000108   0x0000001a   Code   RO          850    !!handler_copy      __scatter_copy.o(c_w.l)
    0x00000122   0x00000002   PAD
    0x00000124   0x0000001c   Code   RO          852    !!handler_zi        __scatter_zi.o(c_w.l)
    0x00000140   0x00000006   Code   RO          789    .ARM.Collect$$libinit$$00000000  libinit.o(c_w.l)
    0x00000146   0x00000008   Code   RO          684    .ARM.Collect$$libinit$$00000001  libinit2.o(c_w.l)
    0x0000014e   0x00000000   Code   RO          686    .ARM.Collect$$libinit$$00000006  libinit2.o(c_w.l)
    0x0000014e   0x00000000   Code   RO          688    .ARM.Collect$$libinit$$00000008  libinit2.o(c_w.l)
    0x0000014e   0x00000000   Code   RO          690    .ARM.Collect$$libinit$$0000000A  libinit2.o(c_w.l)
    0x0000014e   0x00000000   Code   RO          693    .ARM.Collect$$libinit$$0000000D  libinit2.o(c_w.l)
    0x0000014e   0x00000000   Code   RO          695    .ARM.Collect$$libinit$$0000000F  libinit2.o(c_w.l)
    0x0000014e   0x00000000   Code   RO          697    .ARM.Collect$$libinit$$00000011  libinit2.o(c_w.l)
    0x0000014e   0x00000000   Code   RO          699    .ARM.Collect$$libinit$$00000013  libinit2.o(c_w.l)
    0x0000014e   0x00000000   Code   RO          701    .ARM.Collect$$libinit$$00000015  libinit2.o(c_w.l)
    0x0000014e   0x00000000   Code   RO          703    .ARM.Collect$$libinit$$00000017  libinit2.o(c_w.l)
    0x0000014e   0x00000000   Code   RO          705    .ARM.Collect$$libinit$$00000019  libinit2.o(c_w.l)
    0x0000014e   0x00000000   Code   RO          707    .ARM.Collect$$libinit$$0000001B  libinit2.o(c_w.l)
    0x0000014e   0x00000000   Code   RO          709    .ARM.Collect$$libinit$$0000001D  libinit2.o(c_w.l)
    0x0000014e   0x00000000   Code   RO          711    .ARM.Collect$$libinit$$0000001F  libinit2.o(c_w.l)
    0x0000014e   0x00000000   Code   RO          713    .ARM.Collect$$libinit$$00000021  libinit2.o(c_w.l)
    0x0000014e   0x00000000   Code   RO          717    .ARM.Collect$$libinit$$00000028  libinit2.o(c_w.l)
    0x0000014e   0x00000000   Code   RO          719    .ARM.Collect$$libinit$$0000002A  libinit2.o(c_w.l)
    0x0000014e   0x00000000   Code   RO          721    .ARM.Collect$$libinit$$0000002C  libinit2.o(c_w.l)
    0x0000014e   0x00000000   Code   RO          723    .ARM.Collect$$libinit$$0000002E  libinit2.o(c_w.l)
    0x0000014e   0x00000002   Code   RO          724    .ARM.Collect$$libinit$$0000002F  libinit2.o(c_w.l)
    0x00000150   0x00000002   Code   RO          845    .ARM.Collect$$libshutdown$$00000000  libshutdown.o(c_w.l)
    0x00000152   0x00000000   Code   RO          802    .ARM.Collect$$libshutdown$$00000003  libshutdown2.o(c_w.l)
    0x00000152   0x00000000   Code   RO          805    .ARM.Collect$$libshutdown$$00000006  libshutdown2.o(c_w.l)
    0x00000152   0x00000000   Code   RO          808    .ARM.Collect$$libshutdown$$00000009  libshutdown2.o(c_w.l)
    0x00000152   0x00000000   Code   RO          810    .ARM.Collect$$libshutdown$$0000000B  libshutdown2.o(c_w.l)
    0x00000152   0x00000000   Code   RO          813    .ARM.Collect$$libshutdown$$0000000E  libshutdown2.o(c_w.l)
    0x00000152   0x00000002   Code   RO          814    .ARM.Collect$$libshutdown$$0000000F  libshutdown2.o(c_w.l)
    0x00000154   0x00000000   Code   RO          654    .ARM.Collect$$rtentry$$00000000  rtentry.o(c_w.l)
    0x00000154   0x00000000   Code   RO          729    .ARM.Collect$$rtentry$$00000002  rtentry2.o(c_w.l)
    0x00000154   0x00000006   Code   RO          744    .ARM.Collect$$rtentry$$00000004  rtentry4.o(c_w.l)
    0x0000015a   0x00000000   Code   RO          731    .ARM.Collect$$rtentry$$00000009  rtentry2.o(c_w.l)
    0x0000015a   0x00000004   Code   RO          732    .ARM.Collect$$rtentry$$0000000A  rtentry2.o(c_w.l)
    0x0000015e   0x00000000   Code   RO          734    .ARM.Collect$$rtentry$$0000000C  rtentry2.o(c_w.l)
    0x0000015e   0x00000008   Code   RO          735    .ARM.Collect$$rtentry$$0000000D  rtentry2.o(c_w.l)
    0x00000166   0x00000000   Code   RO          790    .ARM.Collect$$rtexit$$00000000  rtexit.o(c_w.l)
    0x00000166   0x00000000   Code   RO          818    .ARM.Collect$$rtexit$$00000002  rtexit2.o(c_w.l)
    0x00000166   0x00000004   Code   RO          819    .ARM.Collect$$rtexit$$00000003  rtexit2.o(c_w.l)
    0x0000016a   0x00000004   Code   RO          820    .ARM.Collect$$rtexit$$00000004  rtexit2.o(c_w.l)
    0x0000016e   0x00000002   PAD
    0x00000170   0x0000012a   Code   RO          373    .emb_text           os_cpu_c.o
    0x0000029a   0x00000002   PAD
    0x0000029c   0x00000000   Code   RO          748    .emb_text           maybetermalloc1.o(c_w.l)
    0x0000029c   0x00000064   Code   RO            1    .text               main.o
    0x00000300   0x00000054   Code   RO           66    .text               lpc1700pincfg.o
    0x00000354   0x00000188   Code   RO          109    .text               target.o
    0x000004dc   0x000006fe   Code   RO          134    .text               zy_if.o
    0x00000bda   0x00000086   Code   RO          188    .text               rt_sys_c.o
    0x00000c60   0x0000018c   Code   RO          266    .text               os_mem.o
    0x00000dec   0x000004f0   Code   RO          290    .text               os_q.o
    0x000012dc   0x00000288   Code   RO          302    .text               os_sem.o
    0x00001564   0x00000600   Code   RO          314    .text               os_task.o
    0x00001b64   0x00000190   Code   RO          326    .text               os_time.o
    0x00001cf4   0x00000758   Code   RO          338    .text               os_core.o
    0x0000244c   0x0000068c   Code   RO          358    .text               os_flag.o
    0x00002ad8   0x000000f4   Code   RO          374    .text               os_cpu_c.o
    0x00002bcc   0x00000002   Code   RO          423    .text               osinithookbegin.o(uCOS-II hook.lib)
    0x00002bce   0x00000002   Code   RO          484    .text               osinithookend.o(uCOS-II hook.lib)
    0x00002bd0   0x00000004   Code   RO          496    .text               ostaskcreatehook.o(uCOS-II hook.lib)
    0x00002bd4   0x00000004   Code   RO          508    .text               ostaskdelhook.o(uCOS-II hook.lib)
    0x00002bd8   0x00000002   Code   RO          520    .text               ostaskidlehook.o(uCOS-II hook.lib)
    0x00002bda   0x00000002   Code   RO          532    .text               ostaskstathook.o(uCOS-II hook.lib)
    0x00002bdc   0x00000002   Code   RO          544    .text               ostaskswhook.o(uCOS-II hook.lib)
    0x00002bde   0x00000004   Code   RO          556    .text               ostcbinithook.o(uCOS-II hook.lib)
    0x00002be2   0x00000002   Code   RO          568    .text               ostimetickhook.o(uCOS-II hook.lib)
    0x00002be4   0x00000002   Code   RO          582    .text               use_no_semi.o(c_w.l)
    0x00002be6   0x00000062   Code   RO          588    .text               h1_alloc.o(c_w.l)
    0x00002c48   0x0000004e   Code   RO          590    .text               h1_free.o(c_w.l)
    0x00002c96   0x0000008c   Code   RO          642    .text               rt_memcpy_v6.o(c_w.l)
    0x00002d22   0x00000064   Code   RO          644    .text               rt_memcpy_w.o(c_w.l)
    0x00002d86   0x0000004e   Code   RO          646    .text               rt_memclr_w.o(c_w.l)
    0x00002dd4   0x000001a0   Code   RO          648    .text               mktime.o(c_w.l)
    0x00002f74   0x0000000c   Code   RO          659    .text               rt_heap_descriptor_intlibspace.o(c_w.l)
    0x00002f80   0x00000004   Code   RO          661    .text               hguard.o(c_w.l)
    0x00002f84   0x0000008a   Code   RO          663    .text               init_alloc.o(c_w.l)
    0x0000300e   0x0000000e   Code   RO          667    .text               h1_init.o(c_w.l)
    0x0000301c   0x00000008   Code   RO          725    .text               libspace.o(c_w.l)
    0x00003024   0x00000034   Code   RO          752    .text               h1_extend.o(c_w.l)
    0x00003058   0x0000000e   Code   RO          756    .text               defsig_rtmem_outer.o(c_w.l)
    0x00003066   0x00000002   PAD
    0x00003068   0x0000004c   Code   RO          760    .text               heapauxa.o(c_w.l)
    0x000030b4   0x0000004a   Code   RO          767    .text               sys_stackheap_outer.o(c_w.l)
    0x000030fe   0x0000000c   Code   RO          773    .text               exit.o(c_w.l)
    0x0000310a   0x0000000a   Code   RO          775    .text               defsig_exit.o(c_w.l)
    0x00003114   0x0000004c   Code   RO          777    .text               defsig_rtmem_inner.o(c_w.l)
    0x00003160   0x00000032   Code   RO          798    .text               defsig_general.o(c_w.l)
    0x00003192   0x00000002   PAD
    0x00003194   0x00000008   Code   RO          183  * rt_sys              rt_sys_s.o
    0x0000319c   0x00000108   Data   RO          340    .constdata          os_core.o
    0x000032a4   0x0000000c   Data   RO          681    .constdata          _monlen.o(c_w.l)
    0x000032b0   0x00000020   Data   RO          846    Region$$Table       anon$$obj.o


    Execution Region SRAM (Base: 0x10000000, Size: 0x0000196c, Max: 0xffffffff, ABSOLUTE)

    Base Addr    Size         Type   Attr      Idx    E Section Name        Object

    0x10000000   0x0000004c   Data   RW          341    .data               os_core.o
    0x1000004c   0x00000004   Data   RW          375    .data               os_cpu_c.o
    0x10000050   0x00000004   Data   RW          761    .data               heapauxa.o(c_w.l)
    0x10000054   0x00000400   Zero   RW            2    .bss                main.o
    0x10000454   0x000014b8   Zero   RW          339    .bss                os_core.o
    0x1000190c   0x00000060   Zero   RW          726    .bss                libspace.o(c_w.l)


    Execution Region HEAP (Base: 0x1000196c, Size: 0x00000000, Max: 0xffffffff, ABSOLUTE, UNINIT)

    Base Addr    Size         Type   Attr      Idx    E Section Name        Object

    0x1000196c   0x00000000   Zero   RW          184    Heap                rt_sys_s.o


==============================================================================

Image component sizes


      Code (inc. data)   RO Data    RW Data    ZI Data      Debug   Object Name

        84         22          0          0          0        604   lpc1700pincfg.o
       100         10          0          0       1024       3600   main.o
      1880        142        264         76       5304      11669   os_core.o
       542         82          0          4          0       3321   os_cpu_c.o
      1676         30          0          0          0       5454   os_flag.o
         0          0          0          0          0       7767   os_mbox.o
       396          8          0          0          0       2414   os_mem.o
      1264         26          0          0          0       4592   os_q.o
       648         14          0          0          0       2790   os_sem.o
      1536         62          0          0          0       4939   os_task.o
       400         22          0          0          0       1766   os_time.o
       134          0          0          0          0       5621   rt_sys_c.o
         8          4          0          0          0        304   rt_sys_s.o
       392         26          0          0          0        853   target.o
         0          0        204          0          0        699   vector_table.o
      1790         16          0          0          0      16314   zy_if.o

    ----------------------------------------------------------------------
     10852        464        500         80       6328      72707   Object Totals
         0          0         32          0          0          0   (incl. Generated)
         2          0          0          0          0          3   (incl. Padding)

    ----------------------------------------------------------------------

      Code (inc. data)   RO Data    RW Data    ZI Data      Debug   Library Member Name

         8          0          0          0          0         68   __main.o
        52          8          0          0          0          0   __scatter.o
        26          0          0          0          0          0   __scatter_copy.o
        28          0          0          0          0          0   __scatter_zi.o
         0          0         12          0          0          0   _monlen.o
        10          0          0          0          0         68   defsig_exit.o
        50          0          0          0          0         84   defsig_general.o
        76         56          0          0          0         76   defsig_rtmem_inner.o
        14          0          0          0          0         80   defsig_rtmem_outer.o
        12          0          0          0          0         68   exit.o
        98          0          0          0          0         80   h1_alloc.o
        52          0          0          0          0         68   h1_extend.o
        78          0          0          0          0         80   h1_free.o
        14          0          0          0          0         84   h1_init.o
        76         10          0          4          0         92   heapauxa.o
         4          0          0          0          0        132   hguard.o
       138          0          0          0          0        160   init_alloc.o
         6          0          0          0          0          0   libinit.o
        10          0          0          0          0          0   libinit2.o
         2          0          0          0          0          0   libshutdown.o
         2          0          0          0          0          0   libshutdown2.o
         8          4          0          0         96         68   libspace.o
         0          0          0          0          0         68   maybetermalloc1.o
       416         10          0          0          0        116   mktime.o
         2          0          0          0          0       8109   osinithookbegin.o
         2          0          0          0          0        408   osinithookend.o
         4          0          0          0          0        459   ostaskcreatehook.o
         4          0          0          0          0        444   ostaskdelhook.o
         2          0          0          0          0        413   ostaskidlehook.o
         2          0          0          0          0        413   ostaskstathook.o
         2          0          0          0          0        403   ostaskswhook.o
         4          0          0          0          0        444   ostcbinithook.o
         2          0          0          0          0        413   ostimetickhook.o
        12          6          0          0          0         68   rt_heap_descriptor_intlibspace.o
        78          0          0          0          0         76   rt_memclr_w.o
       140          0          0          0          0         68   rt_memcpy_v6.o
       100          0          0          0          0         80   rt_memcpy_w.o
         0          0          0          0          0          0   rtentry.o
        12          0          0          0          0          0   rtentry2.o
         6          0          0          0          0          0   rtentry4.o
         0          0          0          0          0          0   rtexit.o
         8          0          0          0          0          0   rtexit2.o
        74          0          0          0          0         80   sys_stackheap_outer.o
         2          0          0          0          0         68   use_no_semi.o

    ----------------------------------------------------------------------
      1644         94         12          4         96      13338   Library Totals
         8          0          0          0          0          0   (incl. Padding)

    ----------------------------------------------------------------------

      Code (inc. data)   RO Data    RW Data    ZI Data      Debug   Library Name

      1612         94         12          4         96       1832   c_w.l
        24          0          0          0          0      11506   uCOS-II hook.lib

    ----------------------------------------------------------------------
      1644         94         12          4         96      13338   Library Totals

    ----------------------------------------------------------------------

==============================================================================


      Code (inc. data)   RO Data    RW Data    ZI Data      Debug   

     12496        558        512         84       6424      83548   Grand Totals
     12496        558        512         84       6424      83548   ELF Image Totals
     12496        558        512         84          0          0   ROM Totals

==============================================================================

    Total RO  Size (Code + RO Data)                13008 (  12.70kB)
    Total RW  Size (RW Data + ZI Data)              6508 (   6.36kB)
    Total ROM Size (Code + RO Data + RW Data)      13092 (  12.79kB)

==============================================================================

