<!doctype html public "-//w3c//dtd html 4.0 transitional//en">
<html><head>
<title>Static Call Graph - [.\out\Cortex-M3-vx.xx.axf]</title></head>
<body><HR>
<H1>Static Call Graph for image .\out\Cortex-M3-vx.xx.axf</H1><HR>
<BR><P>#&#060CALLGRAPH&#062# ARM Linker, 4.1 [Build 481]: Last Updated: Sun Sep 22 12:02:26 2013
<BR><P>
<H3>Maximum Stack Usage =       1704 bytes + Unknown(Functions without stacksize, Untraceable Function Pointers)</H3><H3>
Call chain for Maximum Stack Depth:</H3>
TASKB &rArr; menu &rArr; isAdminSet &rArr; JudgeHLight &rArr; DispMenu_SubReader &rArr; DispTextLine &rArr; Write_LCD &rArr; GetScriptUnicode &rArr; DispStrZiFu &rArr; lcd_send
<P>
<H3>
Functions with no stack information
</H3><UL>
 <LI><a href="#[13c]">__user_initial_stackheap</a>
</UL>
</UL>
<P>
<H3>
Function Pointers
</H3><UL>
 <LI><a href="#[7]">MenuFunctionPW</a> from menu.o(.text) referenced 2 times from dispmenu.o(.data)
 <LI><a href="#[8]">MenuInitPWIN</a> from menuinit.o(.text) referenced 8 times from dispmenu.o(.data)
 <LI><a href="#[9]">MenuFunctionDemo1</a> from menu.o(.text) referenced 28 times from dispmenu.o(.data)
 <LI><a href="#[a]">MenuInit0</a> from menuinit.o(.text) referenced 130 times from dispmenu.o(.data)
 <LI><a href="#[b]">MenuFunctionCHIN</a> from menu.o(.text) referenced 6 times from dispmenu.o(.data)
 <LI><a href="#[c]">MenuInitCHIN</a> from menuinit.o(.text) referenced 8 times from dispmenu.o(.data)
 <LI><a href="#[d]">MenuInitCHNO</a> from menuinit.o(.text) referenced 6 times from dispmenu.o(.data)
 <LI><a href="#[e]">MenuFunctionCHPR</a> from menu.o(.text) referenced 2 times from dispmenu.o(.data)
 <LI><a href="#[f]">MenuInitCHPR</a> from menuinit.o(.text) referenced 2 times from dispmenu.o(.data)
 <LI><a href="#[10]">MenuFunctionCHLF</a> from menu.o(.text) referenced 2 times from dispmenu.o(.data)
 <LI><a href="#[11]">MenuInitCHLF</a> from menuinit.o(.text) referenced 2 times from dispmenu.o(.data)
 <LI><a href="#[12]">MenuFunctionCHST</a> from menu.o(.text) referenced 2 times from dispmenu.o(.data)
 <LI><a href="#[13]">MenuInitCHST</a> from menuinit.o(.text) referenced 2 times from dispmenu.o(.data)
 <LI><a href="#[14]">MenuFunctionCHGOODS</a> from menu.o(.text) referenced 2 times from dispmenu.o(.data)
 <LI><a href="#[15]">MenuInitCHGOODS</a> from menuinit.o(.text) referenced 2 times from dispmenu.o(.data)
 <LI><a href="#[16]">MenuFunctionADDLAYIN</a> from menu.o(.text) referenced 2 times from dispmenu.o(.data)
 <LI><a href="#[17]">MenuInitLAYIN</a> from menuinit.o(.text) referenced 4 times from dispmenu.o(.data)
 <LI><a href="#[18]">MenuFunctionAddGoods</a> from menu.o(.text) referenced 2 times from dispmenu.o(.data)
 <LI><a href="#[19]">MenuInitAddGoods</a> from menuinit.o(.text) referenced 2 times from dispmenu.o(.data)
 <LI><a href="#[1a]">MenuFunctionDemo6</a> from menu.o(.text) referenced 2 times from dispmenu.o(.data)
 <LI><a href="#[1b]">MenuFunctionDemo7</a> from menu.o(.text) referenced 2 times from dispmenu.o(.data)
 <LI><a href="#[1c]">MenuInitNOST</a> from menuinit.o(.text) referenced 2 times from dispmenu.o(.data)
 <LI><a href="#[1d]">MenuFunctionDemo8</a> from menu.o(.text) referenced 2 times from dispmenu.o(.data)
 <LI><a href="#[1e]">MenuInitCOST</a> from menuinit.o(.text) referenced 2 times from dispmenu.o(.data)
 <LI><a href="#[1f]">Hopper1Test</a> from menu.o(.text) referenced 2 times from dispmenu.o(.data)
 <LI><a href="#[20]">MenuInitHOST1</a> from menuinit.o(.text) referenced 2 times from dispmenu.o(.data)
 <LI><a href="#[21]">Hopper2Test</a> from menu.o(.text) referenced 2 times from dispmenu.o(.data)
 <LI><a href="#[22]">MenuInitHOST2</a> from menuinit.o(.text) referenced 2 times from dispmenu.o(.data)
 <LI><a href="#[23]">Hopper3Test</a> from menu.o(.text) referenced 2 times from dispmenu.o(.data)
 <LI><a href="#[24]">MenuInitHOST3</a> from menuinit.o(.text) referenced 2 times from dispmenu.o(.data)
 <LI><a href="#[25]">MenuFunctionDemo12</a> from menu.o(.text) referenced 2 times from dispmenu.o(.data)
 <LI><a href="#[26]">MenuFunctionDemo13</a> from menu.o(.text) referenced 2 times from dispmenu.o(.data)
 <LI><a href="#[27]">MenuFunctionKeyTest</a> from menu.o(.text) referenced 2 times from dispmenu.o(.data)
 <LI><a href="#[28]">MenuFunctionAllChannelStat</a> from menu.o(.text) referenced 2 times from dispmenu.o(.data)
 <LI><a href="#[29]">MenuFunctionChannelTest</a> from menu.o(.text) referenced 2 times from dispmenu.o(.data)
 <LI><a href="#[2a]">MenuFunctionTESTCHIN</a> from menu.o(.text) referenced 2 times from dispmenu.o(.data)
 <LI><a href="#[2b]">MenuFunctionAllCHResult</a> from menu.o(.text) referenced 2 times from dispmenu.o(.data)
 <LI><a href="#[2c]">MenuFunctionIRTest</a> from menu.o(.text) referenced 2 times from dispmenu.o(.data)
 <LI><a href="#[2d]">MenuFunctionLCDTest</a> from menu.o(.text) referenced 2 times from dispmenu.o(.data)
 <LI><a href="#[2e]">MenuFunctionDOLCDTest</a> from menu.o(.text) referenced 2 times from dispmenu.o(.data)
 <LI><a href="#[2f]">MenuFunctionTemperatureTest</a> from menu.o(.text) referenced 2 times from dispmenu.o(.data)
 <LI><a href="#[30]">MenuFunctionDoTempeTest</a> from menu.o(.text) referenced 2 times from dispmenu.o(.data)
 <LI><a href="#[31]">MenuFunctionXuanhuoTest</a> from menu.o(.text) referenced 2 times from dispmenu.o(.data)
 <LI><a href="#[32]">MenuFunctionDoXuanhuoTest</a> from menu.o(.text) referenced 2 times from dispmenu.o(.data)
 <LI><a href="#[33]">MenuFunctionTempTest</a> from menu.o(.text) referenced 2 times from dispmenu.o(.data)
 <LI><a href="#[34]">MenuFunctionDoTempsTest</a> from menu.o(.text) referenced 2 times from dispmenu.o(.data)
 <LI><a href="#[35]">MenuFunctionLEDTest</a> from menu.o(.text) referenced 2 times from dispmenu.o(.data)
 <LI><a href="#[36]">MenuFunctionDoLEDTest</a> from menu.o(.text) referenced 2 times from dispmenu.o(.data)
 <LI><a href="#[37]">MenuFunctionDemo38</a> from menu.o(.text) referenced 8 times from dispmenu.o(.data)
 <LI><a href="#[38]">MenuInitFLASH</a> from menuinit.o(.text) referenced 2 times from dispmenu.o(.data)
 <LI><a href="#[39]">MenuFunctionDemo14</a> from menu.o(.text) referenced 8 times from dispmenu.o(.data)
 <LI><a href="#[3a]">MenuFunctionOCOIN</a> from menu.o(.text) referenced 2 times from dispmenu.o(.data)
 <LI><a href="#[3b]">MenuInitOCOIN</a> from menuinit.o(.text) referenced 2 times from dispmenu.o(.data)
 <LI><a href="#[3c]">MenuFunctionONOTE</a> from menu.o(.text) referenced 2 times from dispmenu.o(.data)
 <LI><a href="#[3d]">MenuInitONOTE</a> from menuinit.o(.text) referenced 2 times from dispmenu.o(.data)
 <LI><a href="#[3e]">MenuFunctionOCHANGE</a> from menu.o(.text) referenced 2 times from dispmenu.o(.data)
 <LI><a href="#[3f]">MenuInitOCHANGE</a> from menuinit.o(.text) referenced 2 times from dispmenu.o(.data)
 <LI><a href="#[40]">MenuFunctionONREADER</a> from menu.o(.text) referenced 2 times from dispmenu.o(.data)
 <LI><a href="#[41]">MenuInitONREADER</a> from menuinit.o(.text) referenced 2 times from dispmenu.o(.data)
 <LI><a href="#[42]">MenuFunctionREADERSetOFF</a> from menu.o(.text) referenced 2 times from dispmenu.o(.data)
 <LI><a href="#[43]">MenuFunctionREADERSetMDB</a> from menu.o(.text) referenced 2 times from dispmenu.o(.data)
 <LI><a href="#[44]">MenuFunctionONREADERCOST</a> from menu.o(.text) referenced 2 times from dispmenu.o(.data)
 <LI><a href="#[45]">MenuInitOREADERCOST</a> from menuinit.o(.text) referenced 2 times from dispmenu.o(.data)
 <LI><a href="#[46]">MenuFunctionCGSV</a> from menu.o(.text) referenced 2 times from dispmenu.o(.data)
 <LI><a href="#[47]">MenuInitCGSV</a> from menuinit.o(.text) referenced 2 times from dispmenu.o(.data)
 <LI><a href="#[48]">MenuFunctionNBUY</a> from menu.o(.text) referenced 2 times from dispmenu.o(.data)
 <LI><a href="#[49]">MenuInitNBUY</a> from menuinit.o(.text) referenced 2 times from dispmenu.o(.data)
 <LI><a href="#[4a]">MenuFunctionRCOIN</a> from menu.o(.text) referenced 2 times from dispmenu.o(.data)
 <LI><a href="#[4b]">MenuInitRCOIN</a> from menuinit.o(.text) referenced 2 times from dispmenu.o(.data)
 <LI><a href="#[4c]">MenuFunctionBMIN</a> from menu.o(.text) referenced 2 times from dispmenu.o(.data)
 <LI><a href="#[4d]">MenuInitBMIN</a> from menuinit.o(.text) referenced 2 times from dispmenu.o(.data)
 <LI><a href="#[4e]">MenuFunctionMMAX</a> from menu.o(.text) referenced 2 times from dispmenu.o(.data)
 <LI><a href="#[4f]">MenuInitMMAX</a> from menuinit.o(.text) referenced 2 times from dispmenu.o(.data)
 <LI><a href="#[50]">MenuFunctionDemo15</a> from menu.o(.text) referenced 2 times from dispmenu.o(.data)
 <LI><a href="#[51]">MenuInitIOU</a> from menuinit.o(.text) referenced 2 times from dispmenu.o(.data)
 <LI><a href="#[52]">MenuFunctionDBMN</a> from menu.o(.text) referenced 2 times from dispmenu.o(.data)
 <LI><a href="#[53]">MenuInitDBMN</a> from menuinit.o(.text) referenced 2 times from dispmenu.o(.data)
 <LI><a href="#[54]">MenuFunctionPONO</a> from menu.o(.text) referenced 2 times from dispmenu.o(.data)
 <LI><a href="#[55]">MenuInitPONO</a> from menuinit.o(.text) referenced 2 times from dispmenu.o(.data)
 <LI><a href="#[56]">MenuFunctionSACON</a> from menu.o(.text) referenced 2 times from dispmenu.o(.data)
 <LI><a href="#[57]">MenuInitSACON</a> from menuinit.o(.text) referenced 2 times from dispmenu.o(.data)
 <LI><a href="#[58]">MenuFunctionPOSEN</a> from menu.o(.text) referenced 2 times from dispmenu.o(.data)
 <LI><a href="#[59]">MenuInitPOSEN</a> from menuinit.o(.text) referenced 2 times from dispmenu.o(.data)
 <LI><a href="#[5a]">MenuFunctionPCEN</a> from menu.o(.text) referenced 2 times from dispmenu.o(.data)
 <LI><a href="#[5b]">MenuInitPCEN</a> from menuinit.o(.text) referenced 2 times from dispmenu.o(.data)
 <LI><a href="#[5c]">MenuFunctionLCDSEL</a> from menu.o(.text) referenced 2 times from dispmenu.o(.data)
 <LI><a href="#[5d]">MenuInitLCDSEL</a> from menuinit.o(.text) referenced 2 times from dispmenu.o(.data)
 <LI><a href="#[5e]">MenuFunctionKeySel</a> from menu.o(.text) referenced 2 times from dispmenu.o(.data)
 <LI><a href="#[5f]">MenuInitKeySel</a> from menuinit.o(.text) referenced 2 times from dispmenu.o(.data)
 <LI><a href="#[60]">MenuFunctionLogoSel</a> from menu.o(.text) referenced 2 times from dispmenu.o(.data)
 <LI><a href="#[61]">MenuInitLogoSel</a> from menuinit.o(.text) referenced 2 times from dispmenu.o(.data)
 <LI><a href="#[62]">MenuFunctionAutoColumn</a> from menu.o(.text) referenced 2 times from dispmenu.o(.data)
 <LI><a href="#[63]">MenuInitAutoColumn</a> from menuinit.o(.text) referenced 2 times from dispmenu.o(.data)
 <LI><a href="#[64]">MenuFunctionTenColumn</a> from menu.o(.text) referenced 2 times from dispmenu.o(.data)
 <LI><a href="#[65]">MenuInitTenColumn</a> from menuinit.o(.text) referenced 2 times from dispmenu.o(.data)
 <LI><a href="#[66]">MenuFunctionHOLDNOTE</a> from menu.o(.text) referenced 2 times from dispmenu.o(.data)
 <LI><a href="#[67]">MenuInitHOLDNOTE</a> from menuinit.o(.text) referenced 2 times from dispmenu.o(.data)
 <LI><a href="#[68]">MenuFunctionHOLDNOTE5</a> from menu.o(.text) referenced 2 times from dispmenu.o(.data)
 <LI><a href="#[69]">MenuInitHOLDNOTE5</a> from menuinit.o(.text) referenced 2 times from dispmenu.o(.data)
 <LI><a href="#[6a]">MenuFunctionHOLDNOTE10</a> from menu.o(.text) referenced 4 times from dispmenu.o(.data)
 <LI><a href="#[6b]">MenuInitHOLDNOTE10</a> from menuinit.o(.text) referenced 4 times from dispmenu.o(.data)
 <LI><a href="#[6c]">MenuFunctionDemo23</a> from menu.o(.text) referenced 6 times from dispmenu.o(.data)
 <LI><a href="#[6d]">MenuFunctionDemo24</a> from menu.o(.text) referenced 4 times from dispmenu.o(.data)
 <LI><a href="#[6e]">MenuFunctionDemo25</a> from menu.o(.text) referenced 4 times from dispmenu.o(.data)
 <LI><a href="#[6f]">MenuInitINCOME</a> from menuinit.o(.text) referenced 2 times from dispmenu.o(.data)
 <LI><a href="#[70]">MenuFunctionDemo26</a> from menu.o(.text) referenced 4 times from dispmenu.o(.data)
 <LI><a href="#[71]">MenuInitNOIN</a> from menuinit.o(.text) referenced 2 times from dispmenu.o(.data)
 <LI><a href="#[72]">MenuFunctionDemo27</a> from menu.o(.text) referenced 4 times from dispmenu.o(.data)
 <LI><a href="#[73]">MenuInitCOIN</a> from menuinit.o(.text) referenced 2 times from dispmenu.o(.data)
 <LI><a href="#[74]">MenuFunctionDemo28</a> from menu.o(.text) referenced 4 times from dispmenu.o(.data)
 <LI><a href="#[75]">MenuInitTOTR</a> from menuinit.o(.text) referenced 2 times from dispmenu.o(.data)
 <LI><a href="#[76]">MenuFunctionDemo29</a> from menu.o(.text) referenced 4 times from dispmenu.o(.data)
 <LI><a href="#[77]">MenuInitTOCH</a> from menuinit.o(.text) referenced 2 times from dispmenu.o(.data)
 <LI><a href="#[78]">MenuFunctionDemo30</a> from menu.o(.text) referenced 12 times from dispmenu.o(.data)
 <LI><a href="#[79]">MenuInitCOVA1</a> from menuinit.o(.text) referenced 2 times from dispmenu.o(.data)
 <LI><a href="#[7a]">MenuInitCOVA2</a> from menuinit.o(.text) referenced 2 times from dispmenu.o(.data)
 <LI><a href="#[7b]">MenuInitCOVA3</a> from menuinit.o(.text) referenced 2 times from dispmenu.o(.data)
 <LI><a href="#[7c]">MenuFunctionDemo31</a> from menu.o(.text) referenced 4 times from dispmenu.o(.data)
 <LI><a href="#[7d]">MenuFunctionDemo32</a> from menu.o(.text) referenced 2 times from dispmenu.o(.data)
 <LI><a href="#[7e]">MenuInitSUNUM</a> from menuinit.o(.text) referenced 2 times from dispmenu.o(.data)
 <LI><a href="#[7f]">MenuFunctionDemo33</a> from menu.o(.text) referenced 2 times from dispmenu.o(.data)
 <LI><a href="#[80]">MenuInitDBNUM</a> from menuinit.o(.text) referenced 2 times from dispmenu.o(.data)
 <LI><a href="#[81]">MenuFunctionDemo34</a> from menu.o(.text) referenced 4 times from dispmenu.o(.data)
 <LI><a href="#[82]">MenuFunctionDemo36</a> from menu.o(.text) referenced 4 times from dispmenu.o(.data)
 <LI><a href="#[83]">MenuFunctionDemo37</a> from menu.o(.text) referenced 8 times from dispmenu.o(.data)
 <LI><a href="#[84]">MenuInitCHSU</a> from menuinit.o(.text) referenced 2 times from dispmenu.o(.data)
 <LI><a href="#[85]">MenuInitCHMONEY</a> from menuinit.o(.text) referenced 2 times from dispmenu.o(.data)
 <LI><a href="#[86]">MenuInitCHDO</a> from menuinit.o(.text) referenced 2 times from dispmenu.o(.data)
 <LI><a href="#[87]">MenuFunctionCONF</a> from menu.o(.text) referenced 2 times from dispmenu.o(.data)
 <LI><a href="#[88]">MenuInitINCOMEJIDU</a> from menuinit.o(.text) referenced 2 times from dispmenu.o(.data)
 <LI><a href="#[89]">MenuInitNOINJIDU</a> from menuinit.o(.text) referenced 2 times from dispmenu.o(.data)
 <LI><a href="#[8a]">MenuInitCOINJIDU</a> from menuinit.o(.text) referenced 2 times from dispmenu.o(.data)
 <LI><a href="#[8b]">MenuInitTOTRJIDU</a> from menuinit.o(.text) referenced 2 times from dispmenu.o(.data)
 <LI><a href="#[8c]">MenuInitTOCHJIDU</a> from menuinit.o(.text) referenced 2 times from dispmenu.o(.data)
 <LI><a href="#[8d]">MenuInitCOVA1JIDU</a> from menuinit.o(.text) referenced 2 times from dispmenu.o(.data)
 <LI><a href="#[8e]">MenuInitCOVA2JIDU</a> from menuinit.o(.text) referenced 2 times from dispmenu.o(.data)
 <LI><a href="#[8f]">MenuInitCOVA3JIDU</a> from menuinit.o(.text) referenced 2 times from dispmenu.o(.data)
 <LI><a href="#[90]">MenuInitCHSUJIDU</a> from menuinit.o(.text) referenced 2 times from dispmenu.o(.data)
 <LI><a href="#[91]">MenuInitCHMONEYJIDU</a> from menuinit.o(.text) referenced 2 times from dispmenu.o(.data)
 <LI><a href="#[92]">MenuFunctionCONFJIDU</a> from menu.o(.text) referenced 2 times from dispmenu.o(.data)
 <LI><a href="#[93]">MenuFunctionENG</a> from menu.o(.text) referenced 4 times from dispmenu.o(.data)
 <LI><a href="#[94]">MenuFunctionCHN</a> from menu.o(.text) referenced 4 times from dispmenu.o(.data)
 <LI><a href="#[95]">MenuFunctionRussian</a> from menu.o(.text) referenced 4 times from dispmenu.o(.data)
 <LI><a href="#[96]">MenuFunctionYear</a> from menu.o(.text) referenced 2 times from dispmenu.o(.data)
 <LI><a href="#[97]">MenuInitYear</a> from menuinit.o(.text) referenced 2 times from dispmenu.o(.data)
 <LI><a href="#[98]">MenuFunctionMonth</a> from menu.o(.text) referenced 2 times from dispmenu.o(.data)
 <LI><a href="#[99]">MenuInitMonth</a> from menuinit.o(.text) referenced 2 times from dispmenu.o(.data)
 <LI><a href="#[9a]">MenuFunctionDate</a> from menu.o(.text) referenced 2 times from dispmenu.o(.data)
 <LI><a href="#[9b]">MenuInitDate</a> from menuinit.o(.text) referenced 2 times from dispmenu.o(.data)
 <LI><a href="#[9c]">MenuFunctionHour</a> from menu.o(.text) referenced 2 times from dispmenu.o(.data)
 <LI><a href="#[9d]">MenuInitHour</a> from menuinit.o(.text) referenced 2 times from dispmenu.o(.data)
 <LI><a href="#[9e]">MenuFunctionMinute</a> from menu.o(.text) referenced 2 times from dispmenu.o(.data)
 <LI><a href="#[9f]">MenuInitMinute</a> from menuinit.o(.text) referenced 2 times from dispmenu.o(.data)
 <LI><a href="#[a0]">MenuFunctionNEWPW</a> from menu.o(.text) referenced 2 times from dispmenu.o(.data)
 <LI><a href="#[a1]">MenuFunctionNEWPW2</a> from menu.o(.text) referenced 2 times from dispmenu.o(.data)
 <LI><a href="#[a2]">MenuFunctionGPRS</a> from menu.o(.text) referenced 2 times from dispmenu.o(.data)
 <LI><a href="#[a3]">MenuInitGPRS</a> from menuinit.o(.text) referenced 2 times from dispmenu.o(.data)
 <LI><a href="#[a4]">MenuFunctionSENO</a> from menu.o(.text) referenced 2 times from dispmenu.o(.data)
 <LI><a href="#[a5]">MenuInitSENO</a> from menuinit.o(.text) referenced 2 times from dispmenu.o(.data)
 <LI><a href="#[a6]">MenuFunctionGSMNO</a> from menu.o(.text) referenced 2 times from dispmenu.o(.data)
 <LI><a href="#[a7]">MenuInitGSMNO</a> from menuinit.o(.text) referenced 2 times from dispmenu.o(.data)
 <LI><a href="#[a8]">MenuFunctionTemprature</a> from menu.o(.text) referenced 2 times from dispmenu.o(.data)
 <LI><a href="#[a9]">MenuInitTemerature</a> from menuinit.o(.text) referenced 2 times from dispmenu.o(.data)
 <LI><a href="#[aa]">MenuFunctionTurkey</a> from menu.o(.text) referenced 2 times from dispmenu.o(.data)
 <LI><a href="#[ab]">MenuFunctionCompressOn</a> from menu.o(.text) referenced 2 times from dispmenu.o(.data)
 <LI><a href="#[ac]">MenuInitCompressOn</a> from menuinit.o(.text) referenced 2 times from dispmenu.o(.data)
 <LI><a href="#[ad]">MenuFunctionCompressHourOn</a> from menu.o(.text) referenced 2 times from dispmenu.o(.data)
 <LI><a href="#[ae]">MenuInitCompressHourOn</a> from menuinit.o(.text) referenced 2 times from dispmenu.o(.data)
 <LI><a href="#[af]">MenuFunctionCompressMinuteOn</a> from menu.o(.text) referenced 2 times from dispmenu.o(.data)
 <LI><a href="#[b0]">MenuInitCompressMinuteOn</a> from menuinit.o(.text) referenced 2 times from dispmenu.o(.data)
 <LI><a href="#[b1]">MenuFunctionCompressHourOff</a> from menu.o(.text) referenced 2 times from dispmenu.o(.data)
 <LI><a href="#[b2]">MenuInitCompressHourOff</a> from menuinit.o(.text) referenced 2 times from dispmenu.o(.data)
 <LI><a href="#[b3]">MenuFunctionCompressMinuteOff</a> from menu.o(.text) referenced 2 times from dispmenu.o(.data)
 <LI><a href="#[b4]">MenuInitCompressMinuteOff</a> from menuinit.o(.text) referenced 2 times from dispmenu.o(.data)
 <LI><a href="#[b5]">MenuFunctionLEDOn</a> from menu.o(.text) referenced 2 times from dispmenu.o(.data)
 <LI><a href="#[b6]">MenuInitLEDOn</a> from menuinit.o(.text) referenced 2 times from dispmenu.o(.data)
 <LI><a href="#[b7]">MenuFunctionLEDHourOn</a> from menu.o(.text) referenced 2 times from dispmenu.o(.data)
 <LI><a href="#[b8]">MenuInitLEDHourOn</a> from menuinit.o(.text) referenced 2 times from dispmenu.o(.data)
 <LI><a href="#[b9]">MenuFunctionLEDMinuteOn</a> from menu.o(.text) referenced 2 times from dispmenu.o(.data)
 <LI><a href="#[ba]">MenuInitLEDMinuteOn</a> from menuinit.o(.text) referenced 2 times from dispmenu.o(.data)
 <LI><a href="#[bb]">MenuFunctionLEDHourOff</a> from menu.o(.text) referenced 2 times from dispmenu.o(.data)
 <LI><a href="#[bc]">MenuInitLEDHourOff</a> from menuinit.o(.text) referenced 2 times from dispmenu.o(.data)
 <LI><a href="#[bd]">MenuFunctionLEDMinuteOff</a> from menu.o(.text) referenced 2 times from dispmenu.o(.data)
 <LI><a href="#[be]">MenuInitLEDMinuteOff</a> from menuinit.o(.text) referenced 2 times from dispmenu.o(.data)
 <LI><a href="#[bf]">MenuFunctionLAYIN</a> from menu.o(.text) referenced 2 times from dispmenu.o(.data)
 <LI><a href="#[c0]">MenuInitLAYNO</a> from menuinit.o(.text) referenced 2 times from dispmenu.o(.data)
 <LI><a href="#[c1]">MenuFunctionLAYENABLE</a> from menu.o(.text) referenced 2 times from dispmenu.o(.data)
 <LI><a href="#[c2]">MenuInitLAYENABLE</a> from menuinit.o(.text) referenced 2 times from dispmenu.o(.data)
 <LI><a href="#[c3]">MenuFunctionMAXGOODS</a> from menu.o(.text) referenced 2 times from dispmenu.o(.data)
 <LI><a href="#[c4]">MenuInitMAXGOODS</a> from menuinit.o(.text) referenced 2 times from dispmenu.o(.data)
 <LI><a href="#[c5]">MenuFunctionCH1</a> from menu.o(.text) referenced 2 times from dispmenu.o(.data)
 <LI><a href="#[c6]">MenuInitCH1</a> from menuinit.o(.text) referenced 2 times from dispmenu.o(.data)
 <LI><a href="#[c7]">MenuFunctionCH1Num</a> from menu.o(.text) referenced 2 times from dispmenu.o(.data)
 <LI><a href="#[c8]">MenuInitCH1Num</a> from menuinit.o(.text) referenced 2 times from dispmenu.o(.data)
 <LI><a href="#[c9]">MenuFunctionCH2</a> from menu.o(.text) referenced 2 times from dispmenu.o(.data)
 <LI><a href="#[ca]">MenuInitCH2</a> from menuinit.o(.text) referenced 2 times from dispmenu.o(.data)
 <LI><a href="#[cb]">MenuFunctionCH2Num</a> from menu.o(.text) referenced 2 times from dispmenu.o(.data)
 <LI><a href="#[cc]">MenuInitCH2Num</a> from menuinit.o(.text) referenced 2 times from dispmenu.o(.data)
 <LI><a href="#[cd]">MenuFunctionCH3</a> from menu.o(.text) referenced 2 times from dispmenu.o(.data)
 <LI><a href="#[ce]">MenuInitCH3</a> from menuinit.o(.text) referenced 2 times from dispmenu.o(.data)
 <LI><a href="#[cf]">MenuFunctionCH3Num</a> from menu.o(.text) referenced 2 times from dispmenu.o(.data)
 <LI><a href="#[d0]">MenuInitCH3Num</a> from menuinit.o(.text) referenced 2 times from dispmenu.o(.data)
 <LI><a href="#[d1]">MenuFunctionCH4</a> from menu.o(.text) referenced 2 times from dispmenu.o(.data)
 <LI><a href="#[d2]">MenuInitCH4</a> from menuinit.o(.text) referenced 2 times from dispmenu.o(.data)
 <LI><a href="#[d3]">MenuFunctionCH4Num</a> from menu.o(.text) referenced 2 times from dispmenu.o(.data)
 <LI><a href="#[d4]">MenuInitCH4Num</a> from menuinit.o(.text) referenced 2 times from dispmenu.o(.data)
 <LI><a href="#[d5]">MenuFunctionCH5</a> from menu.o(.text) referenced 2 times from dispmenu.o(.data)
 <LI><a href="#[d6]">MenuInitCH5</a> from menuinit.o(.text) referenced 2 times from dispmenu.o(.data)
 <LI><a href="#[d7]">MenuFunctionCH5Num</a> from menu.o(.text) referenced 2 times from dispmenu.o(.data)
 <LI><a href="#[d8]">MenuInitCH5Num</a> from menuinit.o(.text) referenced 2 times from dispmenu.o(.data)
 <LI><a href="#[d9]">MenuFunctionCH6</a> from menu.o(.text) referenced 2 times from dispmenu.o(.data)
 <LI><a href="#[da]">MenuInitCH6</a> from menuinit.o(.text) referenced 2 times from dispmenu.o(.data)
 <LI><a href="#[db]">MenuFunctionCH6Num</a> from menu.o(.text) referenced 2 times from dispmenu.o(.data)
 <LI><a href="#[dc]">MenuInitCH6Num</a> from menuinit.o(.text) referenced 2 times from dispmenu.o(.data)
 <LI><a href="#[dd]">MenuFunctionCH7</a> from menu.o(.text) referenced 2 times from dispmenu.o(.data)
 <LI><a href="#[de]">MenuInitCH7</a> from menuinit.o(.text) referenced 2 times from dispmenu.o(.data)
 <LI><a href="#[df]">MenuFunctionCH7Num</a> from menu.o(.text) referenced 2 times from dispmenu.o(.data)
 <LI><a href="#[e0]">MenuInitCH7Num</a> from menuinit.o(.text) referenced 2 times from dispmenu.o(.data)
 <LI><a href="#[e1]">MenuFunctionCH8</a> from menu.o(.text) referenced 2 times from dispmenu.o(.data)
 <LI><a href="#[e2]">MenuInitCH8</a> from menuinit.o(.text) referenced 2 times from dispmenu.o(.data)
 <LI><a href="#[e3]">MenuFunctionCH8Num</a> from menu.o(.text) referenced 2 times from dispmenu.o(.data)
 <LI><a href="#[e4]">MenuInitCH8Num</a> from menuinit.o(.text) referenced 2 times from dispmenu.o(.data)
 <LI><a href="#[e5]">MenuFunctionCH9</a> from menu.o(.text) referenced 2 times from dispmenu.o(.data)
 <LI><a href="#[e6]">MenuInitCH9</a> from menuinit.o(.text) referenced 2 times from dispmenu.o(.data)
 <LI><a href="#[e7]">MenuFunctionCH9Num</a> from menu.o(.text) referenced 2 times from dispmenu.o(.data)
 <LI><a href="#[e8]">MenuInitCH9Num</a> from menuinit.o(.text) referenced 2 times from dispmenu.o(.data)
 <LI><a href="#[e9]">MenuFunctionCH0</a> from menu.o(.text) referenced 2 times from dispmenu.o(.data)
 <LI><a href="#[ea]">MenuInitCH0</a> from menuinit.o(.text) referenced 2 times from dispmenu.o(.data)
 <LI><a href="#[eb]">MenuFunctionCH0Num</a> from menu.o(.text) referenced 2 times from dispmenu.o(.data)
 <LI><a href="#[ec]">MenuInitCH0Num</a> from menuinit.o(.text) referenced 2 times from dispmenu.o(.data)
 <LI><a href="#[ed]">MenuFunctionNOCH1</a> from menu.o(.text) referenced 2 times from dispmenu.o(.data)
 <LI><a href="#[ee]">MenuInitNOCH1</a> from menuinit.o(.text) referenced 2 times from dispmenu.o(.data)
 <LI><a href="#[ef]">MenuFunctionNOCH2</a> from menu.o(.text) referenced 2 times from dispmenu.o(.data)
 <LI><a href="#[f0]">MenuInitNOCH2</a> from menuinit.o(.text) referenced 2 times from dispmenu.o(.data)
 <LI><a href="#[f1]">MenuFunctionNOCH3</a> from menu.o(.text) referenced 2 times from dispmenu.o(.data)
 <LI><a href="#[f2]">MenuInitNOCH3</a> from menuinit.o(.text) referenced 2 times from dispmenu.o(.data)
 <LI><a href="#[f3]">MenuFunctionNOCH4</a> from menu.o(.text) referenced 2 times from dispmenu.o(.data)
 <LI><a href="#[f4]">MenuInitNOCH4</a> from menuinit.o(.text) referenced 2 times from dispmenu.o(.data)
 <LI><a href="#[f5]">MenuFunctionNOCH5</a> from menu.o(.text) referenced 2 times from dispmenu.o(.data)
 <LI><a href="#[125]">__s_OSCtxSw</a> from os_cpu_c.o(.emb_text) referenced from os_cpu_c.o(.emb_text)
 <LI><a href="#[f6]">MenuInitNOCH5</a> from menuinit.o(.text) referenced 2 times from dispmenu.o(.data)
 <LI><a href="#[f7]">MenuFunctionNOCH6</a> from menu.o(.text) referenced 2 times from dispmenu.o(.data)
 <LI><a href="#[f8]">MenuInitNOCH6</a> from menuinit.o(.text) referenced 2 times from dispmenu.o(.data)
 <LI><a href="#[f9]">MenuFunctionNOCH7</a> from menu.o(.text) referenced 2 times from dispmenu.o(.data)
 <LI><a href="#[fa]">MenuInitNOCH7</a> from menuinit.o(.text) referenced 2 times from dispmenu.o(.data)
 <LI><a href="#[fb]">MenuFunctionNOCH8</a> from menu.o(.text) referenced 2 times from dispmenu.o(.data)
 <LI><a href="#[fc]">MenuInitNOCH8</a> from menuinit.o(.text) referenced 2 times from dispmenu.o(.data)
 <LI><a href="#[fd]">MenuFunctionCOCH1</a> from menu.o(.text) referenced 2 times from dispmenu.o(.data)
 <LI><a href="#[fe]">MenuInitCOCH1</a> from menuinit.o(.text) referenced 2 times from dispmenu.o(.data)
 <LI><a href="#[ff]">MenuFunctionCOCH2</a> from menu.o(.text) referenced 2 times from dispmenu.o(.data)
 <LI><a href="#[100]">MenuInitCOCH2</a> from menuinit.o(.text) referenced 2 times from dispmenu.o(.data)
 <LI><a href="#[101]">MenuFunctionCOCH3</a> from menu.o(.text) referenced 2 times from dispmenu.o(.data)
 <LI><a href="#[102]">MenuInitCOCH3</a> from menuinit.o(.text) referenced 2 times from dispmenu.o(.data)
 <LI><a href="#[103]">MenuFunctionCOCH4</a> from menu.o(.text) referenced 2 times from dispmenu.o(.data)
 <LI><a href="#[104]">MenuInitCOCH4</a> from menuinit.o(.text) referenced 2 times from dispmenu.o(.data)
 <LI><a href="#[105]">MenuFunctionCOCH5</a> from menu.o(.text) referenced 2 times from dispmenu.o(.data)
 <LI><a href="#[106]">MenuInitCOCH5</a> from menuinit.o(.text) referenced 2 times from dispmenu.o(.data)
 <LI><a href="#[107]">MenuFunctionCOCH6</a> from menu.o(.text) referenced 2 times from dispmenu.o(.data)
 <LI><a href="#[108]">MenuInitCOCH6</a> from menuinit.o(.text) referenced 2 times from dispmenu.o(.data)
 <LI><a href="#[109]">MenuFunctionCOCH7</a> from menu.o(.text) referenced 2 times from dispmenu.o(.data)
 <LI><a href="#[10a]">MenuInitCOCH7</a> from menuinit.o(.text) referenced 2 times from dispmenu.o(.data)
 <LI><a href="#[10b]">MenuFunctionCOCH8</a> from menu.o(.text) referenced 2 times from dispmenu.o(.data)
 <LI><a href="#[10c]">MenuInitCOCH8</a> from menuinit.o(.text) referenced 2 times from dispmenu.o(.data)
 <LI><a href="#[10d]">MenuFunctionCGVA1</a> from menu.o(.text) referenced 2 times from dispmenu.o(.data)
 <LI><a href="#[10e]">MenuInitCGVA1</a> from menuinit.o(.text) referenced 2 times from dispmenu.o(.data)
 <LI><a href="#[10f]">MenuFunctionCGVA2</a> from menu.o(.text) referenced 2 times from dispmenu.o(.data)
 <LI><a href="#[110]">MenuInitCGVA2</a> from menuinit.o(.text) referenced 2 times from dispmenu.o(.data)
 <LI><a href="#[111]">MenuFunctionCGVA3</a> from menu.o(.text) referenced 2 times from dispmenu.o(.data)
 <LI><a href="#[112]">MenuInitCGVA3</a> from menuinit.o(.text) referenced 2 times from dispmenu.o(.data)
 <LI><a href="#[113]">MenuFunctionCONFSET</a> from menu.o(.text) referenced 2 times from dispmenu.o(.data)
 <LI><a href="#[114]">MenuFunctionNOTETEST</a> from menu.o(.text) referenced 2 times from dispmenu.o(.data)
 <LI><a href="#[115]">MenuFunctionCOINSTEST</a> from menu.o(.text) referenced 2 times from dispmenu.o(.data)
 <LI><a href="#[116]">MenuFunctionSetMEI</a> from menu.o(.text) referenced 2 times from dispmenu.o(.data)
 <LI><a href="#[117]">MenuFunctionSetGBA</a> from menu.o(.text) referenced 2 times from dispmenu.o(.data)
 <LI><a href="#[118]">MenuFunctionSetITL</a> from menu.o(.text) referenced 2 times from dispmenu.o(.data)
 <LI><a href="#[119]">MenuFunctionSetClose</a> from menu.o(.text) referenced 2 times from dispmenu.o(.data)
 <LI><a href="#[11a]">MenuFunctionPW2</a> from menu.o(.text) referenced 2 times from dispmenu.o(.data)
 <LI><a href="#[11b]">MenuFunctionPW3</a> from menu.o(.text) referenced 2 times from dispmenu.o(.data)
 <LI><a href="#[11c]">MenuFunctionPWAdmin</a> from menu.o(.text) referenced 2 times from dispmenu.o(.data)
 <LI><a href="#[11d]">UartDev_Init</a> from uartdev_lpc17xx.o(.text) referenced 2 times from uartdev_lpc17xx.o(.data)
 <LI><a href="#[11e]">UartDev_UnInit</a> from uartdev_lpc17xx.o(.text) referenced 2 times from uartdev_lpc17xx.o(.data)
 <LI><a href="#[11f]">UartDev_BufTx</a> from uartdev_lpc17xx.o(.text) referenced 2 times from uartdev_lpc17xx.o(.data)
 <LI><a href="#[120]">UartDev_BufRx</a> from uartdev_lpc17xx.o(.text) referenced 2 times from uartdev_lpc17xx.o(.data)
 <LI><a href="#[121]">UartDev_BufFlush</a> from uartdev_lpc17xx.o(.text) referenced 2 times from uartdev_lpc17xx.o(.data)
 <LI><a href="#[13b]">__main</a> from __main.o(!!!main) referenced from vector_table.o(.constdata)
 <LI><a href="#[123]">defaultVectorHandle</a> from target.o(.text) referenced 37 times from vector_table.o(.constdata)
 <LI><a href="#[124]">svcallHandle</a> from os_cpu_c.o(.emb_text) referenced from vector_table.o(.constdata)
 <LI><a href="#[125]">__s_OSCtxSw</a> from os_cpu_c.o(.emb_text) referenced from vector_table.o(.constdata)
 <LI><a href="#[126]">__sysTickIsr</a> from os_cpu_c.o(.text) referenced from vector_table.o(.constdata)
 <LI><a href="#[127]">TIMER0_IRQHandler</a> from timer.o(.text) referenced from vector_table.o(.constdata)
 <LI><a href="#[128]">TIMER1_IRQHandler</a> from timer.o(.text) referenced from vector_table.o(.constdata)
 <LI><a href="#[129]">UART0_StdIntHandler</a> from lpc17xx_uart.o(.text) referenced from vector_table.o(.constdata)
 <LI><a href="#[12a]">Uart1_IRQHandler</a> from uart1.o(.text) referenced from vector_table.o(.constdata)
 <LI><a href="#[12b]">Uart2_IRQHandler</a> from uart.o(.text) referenced from vector_table.o(.constdata)
 <LI><a href="#[12c]">Uart3_IRQHandler</a> from uart.o(.text) referenced from vector_table.o(.constdata)
 <LI><a href="#[12d]">I2C0_IRQHandler</a> from i2c.o(.text) referenced from vector_table.o(.constdata)
 <LI><a href="#[12e]">EINT2_IRQHandler</a> from keypad.o(.text) referenced from vector_table.o(.constdata)
 <LI><a href="#[12f]">__s_OSStartHighRdy</a> from os_cpu_c.o(.emb_text) referenced from os_cpu_c.o(.emb_text)
 <LI><a href="#[130]">__s_OS_ENTER_CRITICAL</a> from os_cpu_c.o(.emb_text) referenced from os_cpu_c.o(.emb_text)
 <LI><a href="#[131]">__s_OS_EXIT_CRITICAL</a> from os_cpu_c.o(.emb_text) referenced from os_cpu_c.o(.emb_text)
 <LI><a href="#[132]">__s_changeToSYSMode</a> from os_cpu_c.o(.emb_text) referenced from os_cpu_c.o(.emb_text)
 <LI><a href="#[133]">TASKB</a> from main.o(.text) referenced from main.o(.text)
 <LI><a href="#[134]">TASKC</a> from main.o(.text) referenced from main.o(.text)
 <LI><a href="#[135]">Task_CoinPlus</a> from main.o(.text) referenced 2 times from main.o(.text)
 <LI><a href="#[136]">Task_DEXServer</a> from main.o(.text) referenced from main.o(.text)
 <LI><a href="#[124]">svcallHandle</a> from os_cpu_c.o(.emb_text) referenced from target.o(.text)
 <LI><a href="#[125]">__s_OSCtxSw</a> from os_cpu_c.o(.emb_text) referenced from os_cpu_c.o(.text)
 <LI><a href="#[124]">svcallHandle</a> from os_cpu_c.o(.emb_text) referenced from os_cpu_c.o(.text)
 <LI><a href="#[137]">taskEntry</a> from os_cpu_c.o(.emb_text) referenced from os_cpu_c.o(.text)
 <LI><a href="#[138]">_sputc</a> from _sputc.o(.text) referenced from c89vsprintf.o(.text)
 <LI><a href="#[138]">_sputc</a> from _sputc.o(.text) referenced from __2sprintf.o(.text)
 <LI><a href="#[139]">_printf_input_char</a> from _printf_char_common.o(.text) referenced from _printf_char_common.o(.text)
 <LI><a href="#[13a]">_get_lc_ctype</a> from lc_ctype_c.o(locale$$code) referenced from rt_ctype_table.o(.text)
 <LI><a href="#[1f0]">TASK0</a> from main.o(.text) referenced from main.o(.text)
 <LI><a href="#[12e]">EINT2_IRQHandler</a> from keypad.o(.text) referenced from keypad.o(.text)
 <LI><a href="#[127]">TIMER0_IRQHandler</a> from timer.o(.text) referenced from timer.o(.text)
 <LI><a href="#[128]">TIMER1_IRQHandler</a> from timer.o(.text) referenced from timer.o(.text)
 <LI><a href="#[12b]">Uart2_IRQHandler</a> from uart.o(.text) referenced from uart.o(.text)
 <LI><a href="#[12c]">Uart3_IRQHandler</a> from uart.o(.text) referenced from uart.o(.text)
 <LI><a href="#[12d]">I2C0_IRQHandler</a> from i2c.o(.text) referenced from i2c.o(.text)
 <LI><a href="#[12a]">Uart1_IRQHandler</a> from uart1.o(.text) referenced from uart1.o(.text)
 <LI><a href="#[393]">Reader_SetupConfigData</a> from reader.o(.text) referenced from reader.o(.text)
 <LI><a href="#[395]">Reader_Poll</a> from reader.o(.text) referenced 2 times from reader.o(.text)
 <LI><a href="#[39a]">Reader_SessionComplete</a> from reader.o(.text) referenced 2 times from reader.o(.text)
 <LI><a href="#[3e2]">OS_TaskStat</a> from os_core.o(.text) referenced from os_core.o(.text)
 <LI><a href="#[3e5]">OS_TaskIdle</a> from os_core.o(.text) referenced from os_core.o(.text)
 <LI><a href="#[126]">__sysTickIsr</a> from os_cpu_c.o(.text) referenced from os_cpu_c.o(.text)
 <LI><a href="#[41f]">UartRxCallBack</a> from uartdev_lpc17xx.o(.text) referenced from uartdev_lpc17xx.o(.text)
 <LI><a href="#[41d]">UartTxCallBack</a> from uartdev_lpc17xx.o(.text) referenced from uartdev_lpc17xx.o(.text)
</UL>
<P>
<H3>
Global Symbols
</H3>
<P><STRONG><a name="[13b]"></a>__main</STRONG> (Thumb, 8 bytes, Stack size 0 bytes, __main.o(!!!main))
<BR><BR>[Calls]<UL><LI><a href="#[13d]">&gt;&gt;</a>&nbsp;&nbsp;&nbsp;__scatterload
<LI><a href="#[13e]">&gt;&gt;</a>&nbsp;&nbsp;&nbsp;__rt_entry
</UL>

<P><STRONG><a name="[13d]"></a>__scatterload</STRONG> (Thumb, 0 bytes, Stack size unknown bytes, __scatter.o(!!!scatter))
<BR><BR>[Called By]<UL><LI><a href="#[13b]">&gt;&gt;</a>&nbsp;&nbsp;&nbsp;__main
</UL>

<P><STRONG><a name="[13f]"></a>__scatterload_rt2</STRONG> (Thumb, 44 bytes, Stack size unknown bytes, __scatter.o(!!!scatter), UNUSED)
<BR><BR>[Calls]<UL><LI><a href="#[13e]">&gt;&gt;</a>&nbsp;&nbsp;&nbsp;__rt_entry
</UL>

<P><STRONG><a name="[488]"></a>__scatterload_rt2_thumb_only</STRONG> (Thumb, 0 bytes, Stack size unknown bytes, __scatter.o(!!!scatter), UNUSED)

<P><STRONG><a name="[489]"></a>__scatterload_null</STRONG> (Thumb, 0 bytes, Stack size unknown bytes, __scatter.o(!!!scatter), UNUSED)

<P><STRONG><a name="[48a]"></a>__decompress</STRONG> (Thumb, 90 bytes, Stack size unknown bytes, __dczerorl2.o(!!dczerorl2), UNUSED)

<P><STRONG><a name="[48b]"></a>__decompress1</STRONG> (Thumb, 0 bytes, Stack size unknown bytes, __dczerorl2.o(!!dczerorl2), UNUSED)

<P><STRONG><a name="[48c]"></a>__scatterload_zeroinit</STRONG> (Thumb, 28 bytes, Stack size unknown bytes, __scatter_zi.o(!!handler_zi), UNUSED)

<P><STRONG><a name="[140]"></a>_printf_n</STRONG> (Thumb, 0 bytes, Stack size unknown bytes, _printf_n.o(.ARM.Collect$$_printf_percent$$00000001))
<BR><BR>[Calls]<UL><LI><a href="#[141]">&gt;&gt;</a>&nbsp;&nbsp;&nbsp;_printf_charcount
</UL>

<P><STRONG><a name="[464]"></a>_printf_percent</STRONG> (Thumb, 0 bytes, Stack size unknown bytes, _printf_percent.o(.ARM.Collect$$_printf_percent$$00000000))
<BR><BR>[Called By]<UL><LI><a href="#[463]">&gt;&gt;</a>&nbsp;&nbsp;&nbsp;__printf
</UL>

<P><STRONG><a name="[142]"></a>_printf_p</STRONG> (Thumb, 0 bytes, Stack size unknown bytes, _printf_p.o(.ARM.Collect$$_printf_percent$$00000002))
<BR><BR>[Stack]<UL><LI>Max Depth = 64 + Unknown Stack Size
<LI>Call Chain = _printf_p &rArr; _printf_hex_ptr &rArr; _printf_longlong_hex &rArr; _printf_int_common &rArr; _printf_post_padding
</UL>
<BR>[Calls]<UL><LI><a href="#[143]">&gt;&gt;</a>&nbsp;&nbsp;&nbsp;_printf_hex_ptr
</UL>

<P><STRONG><a name="[144]"></a>_printf_f</STRONG> (Thumb, 0 bytes, Stack size unknown bytes, _printf_f.o(.ARM.Collect$$_printf_percent$$00000003))
<BR><BR>[Stack]<UL><LI>Max Depth = 312 + Unknown Stack Size
<LI>Call Chain = _printf_f &rArr; _printf_fp_dec &rArr; _printf_fp_dec_real &rArr; _fp_digits &rArr; _btod_etento &rArr; _btod_emul &rArr; _e2e
</UL>
<BR>[Calls]<UL><LI><a href="#[145]">&gt;&gt;</a>&nbsp;&nbsp;&nbsp;_printf_fp_dec
</UL>

<P><STRONG><a name="[146]"></a>_printf_e</STRONG> (Thumb, 0 bytes, Stack size unknown bytes, _printf_e.o(.ARM.Collect$$_printf_percent$$00000004))
<BR><BR>[Stack]<UL><LI>Max Depth = 312 + Unknown Stack Size
<LI>Call Chain = _printf_e &rArr; _printf_fp_dec &rArr; _printf_fp_dec_real &rArr; _fp_digits &rArr; _btod_etento &rArr; _btod_emul &rArr; _e2e
</UL>
<BR>[Calls]<UL><LI><a href="#[145]">&gt;&gt;</a>&nbsp;&nbsp;&nbsp;_printf_fp_dec
</UL>

<P><STRONG><a name="[147]"></a>_printf_g</STRONG> (Thumb, 0 bytes, Stack size unknown bytes, _printf_g.o(.ARM.Collect$$_printf_percent$$00000005))
<BR><BR>[Stack]<UL><LI>Max Depth = 312 + Unknown Stack Size
<LI>Call Chain = _printf_g &rArr; _printf_fp_dec &rArr; _printf_fp_dec_real &rArr; _fp_digits &rArr; _btod_etento &rArr; _btod_emul &rArr; _e2e
</UL>
<BR>[Calls]<UL><LI><a href="#[145]">&gt;&gt;</a>&nbsp;&nbsp;&nbsp;_printf_fp_dec
</UL>

<P><STRONG><a name="[48d]"></a>_printf_a</STRONG> (Thumb, 0 bytes, Stack size unknown bytes, _printf_a.o(.ARM.Collect$$_printf_percent$$00000006))

<P><STRONG><a name="[48e]"></a>_printf_ll</STRONG> (Thumb, 0 bytes, Stack size unknown bytes, _printf_ll.o(.ARM.Collect$$_printf_percent$$00000007))

<P><STRONG><a name="[148]"></a>_printf_i</STRONG> (Thumb, 0 bytes, Stack size unknown bytes, _printf_i.o(.ARM.Collect$$_printf_percent$$00000008))
<BR><BR>[Stack]<UL><LI>Max Depth = 72 + Unknown Stack Size
<LI>Call Chain = _printf_i &rArr; _printf_int_dec &rArr; _printf_int_common &rArr; _printf_post_padding
</UL>
<BR>[Calls]<UL><LI><a href="#[149]">&gt;&gt;</a>&nbsp;&nbsp;&nbsp;_printf_int_dec
</UL>

<P><STRONG><a name="[14a]"></a>_printf_d</STRONG> (Thumb, 0 bytes, Stack size unknown bytes, _printf_d.o(.ARM.Collect$$_printf_percent$$00000009))
<BR><BR>[Stack]<UL><LI>Max Depth = 72 + Unknown Stack Size
<LI>Call Chain = _printf_d &rArr; _printf_int_dec &rArr; _printf_int_common &rArr; _printf_post_padding
</UL>
<BR>[Calls]<UL><LI><a href="#[149]">&gt;&gt;</a>&nbsp;&nbsp;&nbsp;_printf_int_dec
</UL>

<P><STRONG><a name="[14b]"></a>_printf_u</STRONG> (Thumb, 0 bytes, Stack size unknown bytes, _printf_u.o(.ARM.Collect$$_printf_percent$$0000000A))
<BR><BR>[Stack]<UL><LI>Max Depth = 72 + Unknown Stack Size
<LI>Call Chain = _printf_u &rArr; _printf_int_dec &rArr; _printf_int_common &rArr; _printf_post_padding
</UL>
<BR>[Calls]<UL><LI><a href="#[149]">&gt;&gt;</a>&nbsp;&nbsp;&nbsp;_printf_int_dec
</UL>

<P><STRONG><a name="[14c]"></a>_printf_o</STRONG> (Thumb, 0 bytes, Stack size unknown bytes, _printf_o.o(.ARM.Collect$$_printf_percent$$0000000B))
<BR><BR>[Stack]<UL><LI>Max Depth = 64 + Unknown Stack Size
<LI>Call Chain = _printf_o &rArr; _printf_int_oct &rArr; _printf_longlong_oct &rArr; _printf_int_common &rArr; _printf_post_padding
</UL>
<BR>[Calls]<UL><LI><a href="#[14d]">&gt;&gt;</a>&nbsp;&nbsp;&nbsp;_printf_int_oct
</UL>

<P><STRONG><a name="[14e]"></a>_printf_x</STRONG> (Thumb, 0 bytes, Stack size unknown bytes, _printf_x.o(.ARM.Collect$$_printf_percent$$0000000C))
<BR><BR>[Stack]<UL><LI>Max Depth = 80 + Unknown Stack Size
<LI>Call Chain = _printf_x &rArr; _printf_int_hex &rArr; _printf_longlong_hex &rArr; _printf_int_common &rArr; _printf_post_padding
</UL>
<BR>[Calls]<UL><LI><a href="#[14f]">&gt;&gt;</a>&nbsp;&nbsp;&nbsp;_printf_int_hex
</UL>

<P><STRONG><a name="[150]"></a>_printf_lli</STRONG> (Thumb, 0 bytes, Stack size unknown bytes, _printf_lli.o(.ARM.Collect$$_printf_percent$$0000000D))
<BR><BR>[Stack]<UL><LI>Max Depth = 72 + Unknown Stack Size
<LI>Call Chain = _printf_lli &rArr; _printf_longlong_dec &rArr; _printf_int_common &rArr; _printf_post_padding
</UL>
<BR>[Calls]<UL><LI><a href="#[151]">&gt;&gt;</a>&nbsp;&nbsp;&nbsp;_printf_longlong_dec
</UL>

<P><STRONG><a name="[152]"></a>_printf_lld</STRONG> (Thumb, 0 bytes, Stack size unknown bytes, _printf_lld.o(.ARM.Collect$$_printf_percent$$0000000E))
<BR><BR>[Stack]<UL><LI>Max Depth = 72 + Unknown Stack Size
<LI>Call Chain = _printf_lld &rArr; _printf_longlong_dec &rArr; _printf_int_common &rArr; _printf_post_padding
</UL>
<BR>[Calls]<UL><LI><a href="#[151]">&gt;&gt;</a>&nbsp;&nbsp;&nbsp;_printf_longlong_dec
</UL>

<P><STRONG><a name="[153]"></a>_printf_llu</STRONG> (Thumb, 0 bytes, Stack size unknown bytes, _printf_llu.o(.ARM.Collect$$_printf_percent$$0000000F))
<BR><BR>[Stack]<UL><LI>Max Depth = 72 + Unknown Stack Size
<LI>Call Chain = _printf_llu &rArr; _printf_longlong_dec &rArr; _printf_int_common &rArr; _printf_post_padding
</UL>
<BR>[Calls]<UL><LI><a href="#[151]">&gt;&gt;</a>&nbsp;&nbsp;&nbsp;_printf_longlong_dec
</UL>

<P><STRONG><a name="[154]"></a>_printf_llo</STRONG> (Thumb, 0 bytes, Stack size unknown bytes, _printf_llo.o(.ARM.Collect$$_printf_percent$$00000010))
<BR><BR>[Stack]<UL><LI>Max Depth = 56 + Unknown Stack Size
<LI>Call Chain = _printf_llo &rArr; _printf_ll_oct &rArr; _printf_longlong_oct &rArr; _printf_int_common &rArr; _printf_post_padding
</UL>
<BR>[Calls]<UL><LI><a href="#[155]">&gt;&gt;</a>&nbsp;&nbsp;&nbsp;_printf_ll_oct
</UL>

<P><STRONG><a name="[156]"></a>_printf_llx</STRONG> (Thumb, 0 bytes, Stack size unknown bytes, _printf_llx.o(.ARM.Collect$$_printf_percent$$00000011))
<BR><BR>[Stack]<UL><LI>Max Depth = 64 + Unknown Stack Size
<LI>Call Chain = _printf_llx &rArr; _printf_ll_hex &rArr; _printf_longlong_hex &rArr; _printf_int_common &rArr; _printf_post_padding
</UL>
<BR>[Calls]<UL><LI><a href="#[157]">&gt;&gt;</a>&nbsp;&nbsp;&nbsp;_printf_ll_hex
</UL>

<P><STRONG><a name="[48f]"></a>_printf_l</STRONG> (Thumb, 0 bytes, Stack size unknown bytes, _printf_l.o(.ARM.Collect$$_printf_percent$$00000012))

<P><STRONG><a name="[158]"></a>_printf_c</STRONG> (Thumb, 0 bytes, Stack size unknown bytes, _printf_c.o(.ARM.Collect$$_printf_percent$$00000013))
<BR><BR>[Stack]<UL><LI>Max Depth = 40 + Unknown Stack Size
<LI>Call Chain = _printf_c &rArr; _printf_char &rArr; _printf_cs_common &rArr; _printf_str &rArr; _printf_post_padding
</UL>
<BR>[Calls]<UL><LI><a href="#[159]">&gt;&gt;</a>&nbsp;&nbsp;&nbsp;_printf_char
</UL>

<P><STRONG><a name="[15a]"></a>_printf_s</STRONG> (Thumb, 0 bytes, Stack size unknown bytes, _printf_s.o(.ARM.Collect$$_printf_percent$$00000014))
<BR><BR>[Stack]<UL><LI>Max Depth = 40 + Unknown Stack Size
<LI>Call Chain = _printf_s &rArr; _printf_string &rArr; _printf_cs_common &rArr; _printf_str &rArr; _printf_post_padding
</UL>
<BR>[Calls]<UL><LI><a href="#[15b]">&gt;&gt;</a>&nbsp;&nbsp;&nbsp;_printf_string
</UL>

<P><STRONG><a name="[15c]"></a>_printf_lc</STRONG> (Thumb, 0 bytes, Stack size unknown bytes, _printf_lc.o(.ARM.Collect$$_printf_percent$$00000015))
<BR><BR>[Stack]<UL><LI>Max Depth = 88 + Unknown Stack Size
<LI>Call Chain = _printf_lc &rArr; _printf_wchar &rArr; _printf_lcs_common &rArr; _printf_wctomb &rArr; _wcrtomb &rArr; __rt_ctype_table
</UL>
<BR>[Calls]<UL><LI><a href="#[15d]">&gt;&gt;</a>&nbsp;&nbsp;&nbsp;_printf_wchar
</UL>

<P><STRONG><a name="[15e]"></a>_printf_ls</STRONG> (Thumb, 0 bytes, Stack size unknown bytes, _printf_ls.o(.ARM.Collect$$_printf_percent$$00000016))
<BR><BR>[Stack]<UL><LI>Max Depth = 88 + Unknown Stack Size
<LI>Call Chain = _printf_ls &rArr; _printf_wstring &rArr; _printf_lcs_common &rArr; _printf_wctomb &rArr; _wcrtomb &rArr; __rt_ctype_table
</UL>
<BR>[Calls]<UL><LI><a href="#[15f]">&gt;&gt;</a>&nbsp;&nbsp;&nbsp;_printf_wstring
</UL>

<P><STRONG><a name="[490]"></a>_printf_percent_end</STRONG> (Thumb, 0 bytes, Stack size unknown bytes, _printf_percent_end.o(.ARM.Collect$$_printf_percent$$00000017))

<P><STRONG><a name="[160]"></a>__rt_lib_init</STRONG> (Thumb, 0 bytes, Stack size unknown bytes, libinit.o(.ARM.Collect$$libinit$$00000000))
<BR><BR>[Stack]<UL><LI>Max Depth = 8 + Unknown Stack Size
<LI>Call Chain = __rt_lib_init &rArr; _fp_init
</UL>
<BR>[Calls]<UL><LI><a href="#[161]">&gt;&gt;</a>&nbsp;&nbsp;&nbsp;_fp_init
</UL>
<BR>[Called By]<UL><LI><a href="#[16b]">&gt;&gt;</a>&nbsp;&nbsp;&nbsp;__rt_entry_li
</UL>

<P><STRONG><a name="[162]"></a>__rt_lib_init_heap_2</STRONG> (Thumb, 0 bytes, Stack size unknown bytes, libinit2.o(.ARM.Collect$$libinit$$00000001))
<BR><BR>[Stack]<UL><LI>Max Depth = 56 + Unknown Stack Size
<LI>Call Chain = __rt_lib_init_heap_2 &rArr; _init_alloc &rArr; __rt_SIGRTMEM &rArr; __rt_SIGRTMEM_inner &rArr; __default_signal_display
</UL>
<BR>[Calls]<UL><LI><a href="#[163]">&gt;&gt;</a>&nbsp;&nbsp;&nbsp;_init_alloc
</UL>

<P><STRONG><a name="[491]"></a>__rt_lib_init_heap_1</STRONG> (Thumb, 0 bytes, Stack size unknown bytes, libinit2.o(.ARM.Collect$$libinit$$00000006))

<P><STRONG><a name="[164]"></a>__rt_lib_init_lc_common</STRONG> (Thumb, 0 bytes, Stack size unknown bytes, libinit2.o(.ARM.Collect$$libinit$$0000000B))
<BR><BR>[Calls]<UL><LI><a href="#[165]">&gt;&gt;</a>&nbsp;&nbsp;&nbsp;__rt_locale
</UL>

<P><STRONG><a name="[492]"></a>__rt_lib_init_rand_1</STRONG> (Thumb, 0 bytes, Stack size unknown bytes, libinit2.o(.ARM.Collect$$libinit$$0000000A))

<P><STRONG><a name="[493]"></a>__rt_lib_init_user_alloc_1</STRONG> (Thumb, 0 bytes, Stack size unknown bytes, libinit2.o(.ARM.Collect$$libinit$$00000008))

<P><STRONG><a name="[494]"></a>__rt_lib_init_lc_collate_1</STRONG> (Thumb, 0 bytes, Stack size unknown bytes, libinit2.o(.ARM.Collect$$libinit$$0000000D))

<P><STRONG><a name="[166]"></a>__rt_lib_init_lc_ctype_2</STRONG> (Thumb, 0 bytes, Stack size unknown bytes, libinit2.o(.ARM.Collect$$libinit$$0000000E))
<BR><BR>[Stack]<UL><LI>Max Depth = 8 + Unknown Stack Size
<LI>Call Chain = __rt_lib_init_lc_ctype_2 &rArr; _get_lc_ctype
</UL>
<BR>[Calls]<UL><LI><a href="#[13a]">&gt;&gt;</a>&nbsp;&nbsp;&nbsp;_get_lc_ctype
</UL>

<P><STRONG><a name="[495]"></a>__rt_lib_init_lc_ctype_1</STRONG> (Thumb, 0 bytes, Stack size unknown bytes, libinit2.o(.ARM.Collect$$libinit$$0000000F))

<P><STRONG><a name="[496]"></a>__rt_lib_init_lc_monetary_1</STRONG> (Thumb, 0 bytes, Stack size unknown bytes, libinit2.o(.ARM.Collect$$libinit$$00000011))

<P><STRONG><a name="[167]"></a>__rt_lib_init_lc_numeric_2</STRONG> (Thumb, 0 bytes, Stack size unknown bytes, libinit2.o(.ARM.Collect$$libinit$$00000012))
<BR><BR>[Stack]<UL><LI>Max Depth = 8 + Unknown Stack Size
<LI>Call Chain = __rt_lib_init_lc_numeric_2 &rArr; _get_lc_numeric
</UL>
<BR>[Calls]<UL><LI><a href="#[168]">&gt;&gt;</a>&nbsp;&nbsp;&nbsp;_get_lc_numeric
</UL>

<P><STRONG><a name="[497]"></a>__rt_lib_init_alloca_1</STRONG> (Thumb, 0 bytes, Stack size unknown bytes, libinit2.o(.ARM.Collect$$libinit$$0000002A))

<P><STRONG><a name="[498]"></a>__rt_lib_init_argv_1</STRONG> (Thumb, 0 bytes, Stack size unknown bytes, libinit2.o(.ARM.Collect$$libinit$$00000028))

<P><STRONG><a name="[499]"></a>__rt_lib_init_atexit_1</STRONG> (Thumb, 0 bytes, Stack size unknown bytes, libinit2.o(.ARM.Collect$$libinit$$00000017))

<P><STRONG><a name="[49a]"></a>__rt_lib_init_clock_1</STRONG> (Thumb, 0 bytes, Stack size unknown bytes, libinit2.o(.ARM.Collect$$libinit$$0000001D))

<P><STRONG><a name="[49b]"></a>__rt_lib_init_cpp_1</STRONG> (Thumb, 0 bytes, Stack size unknown bytes, libinit2.o(.ARM.Collect$$libinit$$0000002E))

<P><STRONG><a name="[49c]"></a>__rt_lib_init_exceptions_1</STRONG> (Thumb, 0 bytes, Stack size unknown bytes, libinit2.o(.ARM.Collect$$libinit$$0000002C))

<P><STRONG><a name="[49d]"></a>__rt_lib_init_fp_trap_1</STRONG> (Thumb, 0 bytes, Stack size unknown bytes, libinit2.o(.ARM.Collect$$libinit$$0000001B))

<P><STRONG><a name="[49e]"></a>__rt_lib_init_getenv_1</STRONG> (Thumb, 0 bytes, Stack size unknown bytes, libinit2.o(.ARM.Collect$$libinit$$0000001F))

<P><STRONG><a name="[49f]"></a>__rt_lib_init_lc_numeric_1</STRONG> (Thumb, 0 bytes, Stack size unknown bytes, libinit2.o(.ARM.Collect$$libinit$$00000013))

<P><STRONG><a name="[4a0]"></a>__rt_lib_init_lc_time_1</STRONG> (Thumb, 0 bytes, Stack size unknown bytes, libinit2.o(.ARM.Collect$$libinit$$00000015))

<P><STRONG><a name="[4a1]"></a>__rt_lib_init_return</STRONG> (Thumb, 0 bytes, Stack size unknown bytes, libinit2.o(.ARM.Collect$$libinit$$0000002F))

<P><STRONG><a name="[4a2]"></a>__rt_lib_init_signal_1</STRONG> (Thumb, 0 bytes, Stack size unknown bytes, libinit2.o(.ARM.Collect$$libinit$$00000019))

<P><STRONG><a name="[4a3]"></a>__rt_lib_init_stdio_1</STRONG> (Thumb, 0 bytes, Stack size unknown bytes, libinit2.o(.ARM.Collect$$libinit$$00000021))

<P><STRONG><a name="[170]"></a>__rt_lib_shutdown</STRONG> (Thumb, 0 bytes, Stack size unknown bytes, libshutdown.o(.ARM.Collect$$libshutdown$$00000000))
<BR><BR>[Called By]<UL><LI><a href="#[16f]">&gt;&gt;</a>&nbsp;&nbsp;&nbsp;__rt_exit_ls
</UL>

<P><STRONG><a name="[4a4]"></a>__rt_lib_shutdown_fp_trap_1</STRONG> (Thumb, 0 bytes, Stack size unknown bytes, libshutdown2.o(.ARM.Collect$$libshutdown$$00000006))

<P><STRONG><a name="[4a5]"></a>__rt_lib_shutdown_heap_1</STRONG> (Thumb, 0 bytes, Stack size unknown bytes, libshutdown2.o(.ARM.Collect$$libshutdown$$0000000E))

<P><STRONG><a name="[4a6]"></a>__rt_lib_shutdown_return</STRONG> (Thumb, 0 bytes, Stack size unknown bytes, libshutdown2.o(.ARM.Collect$$libshutdown$$0000000F))

<P><STRONG><a name="[4a7]"></a>__rt_lib_shutdown_signal_1</STRONG> (Thumb, 0 bytes, Stack size unknown bytes, libshutdown2.o(.ARM.Collect$$libshutdown$$00000009))

<P><STRONG><a name="[4a8]"></a>__rt_lib_shutdown_stdio_1</STRONG> (Thumb, 0 bytes, Stack size unknown bytes, libshutdown2.o(.ARM.Collect$$libshutdown$$00000003))

<P><STRONG><a name="[4a9]"></a>__rt_lib_shutdown_user_alloc_1</STRONG> (Thumb, 0 bytes, Stack size unknown bytes, libshutdown2.o(.ARM.Collect$$libshutdown$$0000000B))

<P><STRONG><a name="[13e]"></a>__rt_entry</STRONG> (Thumb, 0 bytes, Stack size unknown bytes, rtentry.o(.ARM.Collect$$rtentry$$00000000))
<BR><BR>[Called By]<UL><LI><a href="#[13f]">&gt;&gt;</a>&nbsp;&nbsp;&nbsp;__scatterload_rt2
<LI><a href="#[13b]">&gt;&gt;</a>&nbsp;&nbsp;&nbsp;__main
</UL>

<P><STRONG><a name="[4aa]"></a>__rt_entry_presh_1</STRONG> (Thumb, 0 bytes, Stack size unknown bytes, rtentry2.o(.ARM.Collect$$rtentry$$00000002))

<P><STRONG><a name="[169]"></a>__rt_entry_sh</STRONG> (Thumb, 0 bytes, Stack size unknown bytes, rtentry4.o(.ARM.Collect$$rtentry$$00000004))
<BR><BR>[Stack]<UL><LI>Max Depth = 8 + Unknown Stack Size
<LI>Call Chain = __rt_entry_sh &rArr; __user_setup_stackheap
</UL>
<BR>[Calls]<UL><LI><a href="#[16a]">&gt;&gt;</a>&nbsp;&nbsp;&nbsp;__user_setup_stackheap
</UL>

<P><STRONG><a name="[16b]"></a>__rt_entry_li</STRONG> (Thumb, 0 bytes, Stack size unknown bytes, rtentry2.o(.ARM.Collect$$rtentry$$0000000A))
<BR><BR>[Stack]<UL><LI>Max Depth = 8 + Unknown Stack Size
<LI>Call Chain = __rt_entry_li &rArr; __rt_lib_init &rArr; _fp_init
</UL>
<BR>[Calls]<UL><LI><a href="#[160]">&gt;&gt;</a>&nbsp;&nbsp;&nbsp;__rt_lib_init
</UL>

<P><STRONG><a name="[4ab]"></a>__rt_entry_postsh_1</STRONG> (Thumb, 0 bytes, Stack size unknown bytes, rtentry2.o(.ARM.Collect$$rtentry$$00000009))

<P><STRONG><a name="[16c]"></a>__rt_entry_main</STRONG> (Thumb, 0 bytes, Stack size unknown bytes, rtentry2.o(.ARM.Collect$$rtentry$$0000000D))
<BR><BR>[Stack]<UL><LI>Max Depth = 152 + Unknown Stack Size
<LI>Call Chain = __rt_entry_main &rArr; main &rArr; OSInit &rArr; OS_InitTaskIdle &rArr; OSTaskCreateExt &rArr; OS_TCBInit
</UL>
<BR>[Calls]<UL><LI><a href="#[16d]">&gt;&gt;</a>&nbsp;&nbsp;&nbsp;main
<LI><a href="#[16e]">&gt;&gt;</a>&nbsp;&nbsp;&nbsp;exit
</UL>

<P><STRONG><a name="[4ac]"></a>__rt_entry_postli_1</STRONG> (Thumb, 0 bytes, Stack size unknown bytes, rtentry2.o(.ARM.Collect$$rtentry$$0000000C))

<P><STRONG><a name="[47e]"></a>__rt_exit</STRONG> (Thumb, 0 bytes, Stack size unknown bytes, rtexit.o(.ARM.Collect$$rtexit$$00000000))
<BR><BR>[Called By]<UL><LI><a href="#[16e]">&gt;&gt;</a>&nbsp;&nbsp;&nbsp;exit
</UL>

<P><STRONG><a name="[16f]"></a>__rt_exit_ls</STRONG> (Thumb, 0 bytes, Stack size unknown bytes, rtexit2.o(.ARM.Collect$$rtexit$$00000003))
<BR><BR>[Calls]<UL><LI><a href="#[170]">&gt;&gt;</a>&nbsp;&nbsp;&nbsp;__rt_lib_shutdown
</UL>

<P><STRONG><a name="[4ad]"></a>__rt_exit_prels_1</STRONG> (Thumb, 0 bytes, Stack size unknown bytes, rtexit2.o(.ARM.Collect$$rtexit$$00000002))

<P><STRONG><a name="[171]"></a>__rt_exit_exit</STRONG> (Thumb, 0 bytes, Stack size unknown bytes, rtexit2.o(.ARM.Collect$$rtexit$$00000004))
<BR><BR>[Calls]<UL><LI><a href="#[172]">&gt;&gt;</a>&nbsp;&nbsp;&nbsp;_sys_exit
</UL>

<P><STRONG><a name="[124]"></a>svcallHandle</STRONG> (Thumb, 36 bytes, Stack size 0 bytes, os_cpu_c.o(.emb_text))
<BR>[Address Reference Count : 3]<UL><LI> vector_table.o(.constdata)
<LI> target.o(.text)
<LI> os_cpu_c.o(.text)
</UL>
<P><STRONG><a name="[3fd]"></a>__OSStartHighRdy</STRONG> (Thumb, 10 bytes, Stack size 0 bytes, os_cpu_c.o(.emb_text))
<BR><BR>[Called By]<UL><LI><a href="#[3f2]">&gt;&gt;</a>&nbsp;&nbsp;&nbsp;OSStartHighRdy
</UL>

<P><STRONG><a name="[12f]"></a>__s_OSStartHighRdy</STRONG> (Thumb, 42 bytes, Stack size 0 bytes, os_cpu_c.o(.emb_text))
<BR><BR>[Calls]<UL><LI><a href="#[173]">&gt;&gt;</a>&nbsp;&nbsp;&nbsp;OSTaskSwHook
</UL>
<BR>[Address Reference Count : 1]<UL><LI> os_cpu_c.o(.emb_text)
</UL>
<P><STRONG><a name="[125]"></a>__s_OSCtxSw</STRONG> (Thumb, 80 bytes, Stack size 0 bytes, os_cpu_c.o(.emb_text))
<BR><BR>[Calls]<UL><LI><a href="#[173]">&gt;&gt;</a>&nbsp;&nbsp;&nbsp;OSTaskSwHook
</UL>
<BR>[Address Reference Count : 3]<UL><LI> vector_table.o(.constdata)
<LI> os_cpu_c.o(.emb_text)
<LI> os_cpu_c.o(.text)
</UL>
<P><STRONG><a name="[130]"></a>__s_OS_ENTER_CRITICAL</STRONG> (Thumb, 28 bytes, Stack size 0 bytes, os_cpu_c.o(.emb_text))
<BR>[Address Reference Count : 1]<UL><LI> os_cpu_c.o(.emb_text)
</UL>
<P><STRONG><a name="[131]"></a>__s_OS_EXIT_CRITICAL</STRONG> (Thumb, 28 bytes, Stack size 0 bytes, os_cpu_c.o(.emb_text))
<BR>[Address Reference Count : 1]<UL><LI> os_cpu_c.o(.emb_text)
</UL>
<P><STRONG><a name="[132]"></a>__s_changeToSYSMode</STRONG> (Thumb, 10 bytes, Stack size 0 bytes, os_cpu_c.o(.emb_text))
<BR>[Address Reference Count : 1]<UL><LI> os_cpu_c.o(.emb_text)
</UL>
<P><STRONG><a name="[3ac]"></a>changeToUSRMode</STRONG> (Thumb, 10 bytes, Stack size 0 bytes, os_cpu_c.o(.emb_text))
<BR><BR>[Called By]<UL><LI><a href="#[222]">&gt;&gt;</a>&nbsp;&nbsp;&nbsp;zyIsrSet
<LI><a href="#[3af]">&gt;&gt;</a>&nbsp;&nbsp;&nbsp;zyIsrEnable
<LI><a href="#[3ae]">&gt;&gt;</a>&nbsp;&nbsp;&nbsp;__s_zyIsrDisable
<LI><a href="#[3ad]">&gt;&gt;</a>&nbsp;&nbsp;&nbsp;__s_zyIsrClr
</UL>

<P><STRONG><a name="[137]"></a>taskEntry</STRONG> (Thumb, 10 bytes, Stack size 0 bytes, os_cpu_c.o(.emb_text))
<BR><BR>[Stack]<UL><LI>Max Depth = 36<LI>Call Chain = taskEntry &rArr; OSTaskDel &rArr; OS_FlagUnlink
</UL>
<BR>[Calls]<UL><LI><a href="#[174]">&gt;&gt;</a>&nbsp;&nbsp;&nbsp;OSTaskDel
</UL>
<BR>[Address Reference Count : 1]<UL><LI> os_cpu_c.o(.text)
</UL>
<P><STRONG><a name="[175]"></a>CreateMbox</STRONG> (Thumb, 138 bytes, Stack size 8 bytes, main.o(.text))
<BR><BR>[Stack]<UL><LI>Max Depth = 32<LI>Call Chain = CreateMbox &rArr; OSQCreate
</UL>
<BR>[Calls]<UL><LI><a href="#[176]">&gt;&gt;</a>&nbsp;&nbsp;&nbsp;OSSemCreate
<LI><a href="#[178]">&gt;&gt;</a>&nbsp;&nbsp;&nbsp;OSQCreate
<LI><a href="#[177]">&gt;&gt;</a>&nbsp;&nbsp;&nbsp;OSMboxCreate
</UL>
<BR>[Called By]<UL><LI><a href="#[1f0]">&gt;&gt;</a>&nbsp;&nbsp;&nbsp;TASK0
</UL>

<P><STRONG><a name="[4ae]"></a>_maybe_terminate_alloc</STRONG> (Thumb, 0 bytes, Stack size 8 bytes, maybetermalloc1.o(.emb_text), UNUSED)

<P><STRONG><a name="[179]"></a>systeminit</STRONG> (Thumb, 292 bytes, Stack size 24 bytes, main.o(.text))
<BR><BR>[Stack]<UL><LI>Max Depth = 256<LI>Call Chain = systeminit &rArr; RstSystemPara &rArr; ClearScreen &rArr; Pitu_LCDClrScreen &rArr; Pitu_LCDSetCursor &rArr; Pitu_LCDPutCmd
</UL>
<BR>[Calls]<UL><LI><a href="#[17e]">&gt;&gt;</a>&nbsp;&nbsp;&nbsp;XTransaction
<LI><a href="#[180]">&gt;&gt;</a>&nbsp;&nbsp;&nbsp;XSystemPara2
<LI><a href="#[17b]">&gt;&gt;</a>&nbsp;&nbsp;&nbsp;XSystemPara1
<LI><a href="#[17a]">&gt;&gt;</a>&nbsp;&nbsp;&nbsp;XSystemPara
<LI><a href="#[182]">&gt;&gt;</a>&nbsp;&nbsp;&nbsp;XKeySystemVisible
<LI><a href="#[181]">&gt;&gt;</a>&nbsp;&nbsp;&nbsp;XColSystemPara
<LI><a href="#[17d]">&gt;&gt;</a>&nbsp;&nbsp;&nbsp;XChannels
<LI><a href="#[17c]">&gt;&gt;</a>&nbsp;&nbsp;&nbsp;RstSystemPara
<LI><a href="#[17f]">&gt;&gt;</a>&nbsp;&nbsp;&nbsp;RTC_WriteGPREG
</UL>
<BR>[Called By]<UL><LI><a href="#[1f0]">&gt;&gt;</a>&nbsp;&nbsp;&nbsp;TASK0
</UL>

<P><STRONG><a name="[184]"></a>SendChar</STRONG> (Thumb, 4 bytes, Stack size 0 bytes, main.o(.text), UNUSED)
<BR><BR>[Called By]<UL><LI><a href="#[183]">&gt;&gt;</a>&nbsp;&nbsp;&nbsp;SendString
</UL>

<P><STRONG><a name="[183]"></a>SendString</STRONG> (Thumb, 22 bytes, Stack size 4 bytes, main.o(.text), UNUSED)
<BR><BR>[Calls]<UL><LI><a href="#[184]">&gt;&gt;</a>&nbsp;&nbsp;&nbsp;SendChar
</UL>

<P><STRONG><a name="[4af]"></a>GetKey</STRONG> (Thumb, 38 bytes, Stack size 16 bytes, main.o(.text), UNUSED)

<P><STRONG><a name="[4b0]"></a>IsInTime</STRONG> (Thumb, 18 bytes, Stack size 0 bytes, main.o(.text), UNUSED)

<P><STRONG><a name="[185]"></a>AutoAddColumn</STRONG> (Thumb, 260 bytes, Stack size 16 bytes, main.o(.text))
<BR><BR>[Stack]<UL><LI>Max Depth = 16<LI>Call Chain = AutoAddColumn
</UL>
<BR>[Calls]<UL><LI><a href="#[186]">&gt;&gt;</a>&nbsp;&nbsp;&nbsp;isDontReduceNum
</UL>
<BR>[Called By]<UL><LI><a href="#[62]">&gt;&gt;</a>&nbsp;&nbsp;&nbsp;MenuFunctionAutoColumn
<LI><a href="#[133]">&gt;&gt;</a>&nbsp;&nbsp;&nbsp;TASKB
</UL>

<P><STRONG><a name="[1c1]"></a>TurkeySystemSet</STRONG> (Thumb, 10 bytes, Stack size 0 bytes, main.o(.text))
<BR><BR>[Called By]<UL><LI><a href="#[133]">&gt;&gt;</a>&nbsp;&nbsp;&nbsp;TASKB
</UL>

<P><STRONG><a name="[135]"></a>Task_CoinPlus</STRONG> (Thumb, 62 bytes, Stack size 8 bytes, main.o(.text))
<BR><BR>[Stack]<UL><LI>Max Depth = 52<LI>Call Chain = Task_CoinPlus &rArr; OSMboxPost &rArr; OS_EventTaskRdy
</UL>
<BR>[Calls]<UL><LI><a href="#[188]">&gt;&gt;</a>&nbsp;&nbsp;&nbsp;OSTimeDly
<LI><a href="#[187]">&gt;&gt;</a>&nbsp;&nbsp;&nbsp;OSQPend
<LI><a href="#[189]">&gt;&gt;</a>&nbsp;&nbsp;&nbsp;OSMboxPost
</UL>
<BR>[Address Reference Count : 1]<UL><LI> main.o(.text)
</UL>
<P><STRONG><a name="[18a]"></a>StartCoinplusTask</STRONG> (Thumb, 44 bytes, Stack size 24 bytes, main.o(.text), UNUSED)
<BR><BR>[Calls]<UL><LI><a href="#[18b]">&gt;&gt;</a>&nbsp;&nbsp;&nbsp;OSTaskCreateExt
</UL>

<P><STRONG><a name="[136]"></a>Task_DEXServer</STRONG> (Thumb, 72 bytes, Stack size 8 bytes, main.o(.text))
<BR><BR>[Stack]<UL><LI>Max Depth = 24<LI>Call Chain = Task_DEXServer &rArr; OSTimeDly &rArr; OS_Sched
</UL>
<BR>[Calls]<UL><LI><a href="#[188]">&gt;&gt;</a>&nbsp;&nbsp;&nbsp;OSTimeDly
</UL>
<BR>[Address Reference Count : 1]<UL><LI> main.o(.text)
</UL>
<P><STRONG><a name="[134]"></a>TASKC</STRONG> (Thumb, 1768 bytes, Stack size 8 bytes, main.o(.text))
<BR><BR>[Stack]<UL><LI>Max Depth = 1568 + Unknown Stack Size
<LI>Call Chain = TASKC &rArr; BillAcceptor_PollProc &rArr; BillAcceptor_PackAnalysis &rArr; BillAcceptor_EscrowProc &rArr; BillAcceptor_Stack &rArr; VPMission_Payin_RPT &rArr; VPBusFrameUnPack &rArr; Trace &rArr; __c89vsprintf &rArr; _printf_char_common &rArr; __printf
</UL>
<BR>[Calls]<UL><LI><a href="#[1ae]">&gt;&gt;</a>&nbsp;&nbsp;&nbsp;VPMission_Poll
<LI><a href="#[1a2]">&gt;&gt;</a>&nbsp;&nbsp;&nbsp;VPMission_Init
<LI><a href="#[1bb]">&gt;&gt;</a>&nbsp;&nbsp;&nbsp;VPMission_Debt_RPT
<LI><a href="#[1bc]">&gt;&gt;</a>&nbsp;&nbsp;&nbsp;VPMission_Cost_RPT
<LI><a href="#[1bd]">&gt;&gt;</a>&nbsp;&nbsp;&nbsp;VPMission_Button_RPT
<LI><a href="#[1ba]">&gt;&gt;</a>&nbsp;&nbsp;&nbsp;VPMission_Admin_RPT
<LI><a href="#[190]">&gt;&gt;</a>&nbsp;&nbsp;&nbsp;Uart3_Init
<LI><a href="#[18f]">&gt;&gt;</a>&nbsp;&nbsp;&nbsp;Uart2_Init
<LI><a href="#[192]">&gt;&gt;</a>&nbsp;&nbsp;&nbsp;Uart1_Init
<LI><a href="#[191]">&gt;&gt;</a>&nbsp;&nbsp;&nbsp;Uart0_Init
<LI><a href="#[18e]">&gt;&gt;</a>&nbsp;&nbsp;&nbsp;Trace
<LI><a href="#[1a3]">&gt;&gt;</a>&nbsp;&nbsp;&nbsp;SelectKey_InitProc
<LI><a href="#[1a6]">&gt;&gt;</a>&nbsp;&nbsp;&nbsp;Reader_MainProc
<LI><a href="#[1a7]">&gt;&gt;</a>&nbsp;&nbsp;&nbsp;Reader_IsComErr
<LI><a href="#[1a4]">&gt;&gt;</a>&nbsp;&nbsp;&nbsp;Reader_InitPara
<LI><a href="#[19b]">&gt;&gt;</a>&nbsp;&nbsp;&nbsp;RTCn_Init
<LI><a href="#[188]">&gt;&gt;</a>&nbsp;&nbsp;&nbsp;OSTimeDly
<LI><a href="#[1a1]">&gt;&gt;</a>&nbsp;&nbsp;&nbsp;OSSemPost
<LI><a href="#[1a9]">&gt;&gt;</a>&nbsp;&nbsp;&nbsp;OSQPost
<LI><a href="#[189]">&gt;&gt;</a>&nbsp;&nbsp;&nbsp;OSMboxPost
<LI><a href="#[1a5]">&gt;&gt;</a>&nbsp;&nbsp;&nbsp;OSMboxPend
<LI><a href="#[193]">&gt;&gt;</a>&nbsp;&nbsp;&nbsp;InitMoneyDevStat
<LI><a href="#[1b1]">&gt;&gt;</a>&nbsp;&nbsp;&nbsp;HopperPayoutCmd
<LI><a href="#[1a8]">&gt;&gt;</a>&nbsp;&nbsp;&nbsp;GetSelectKey
<LI><a href="#[196]">&gt;&gt;</a>&nbsp;&nbsp;&nbsp;GetNoteEnBit
<LI><a href="#[198]">&gt;&gt;</a>&nbsp;&nbsp;&nbsp;GetEscrowMinCh
<LI><a href="#[197]">&gt;&gt;</a>&nbsp;&nbsp;&nbsp;GetCoinEnBit
<LI><a href="#[18d]">&gt;&gt;</a>&nbsp;&nbsp;&nbsp;GPIO_SetValue
<LI><a href="#[18c]">&gt;&gt;</a>&nbsp;&nbsp;&nbsp;GPIO_SetDir
<LI><a href="#[19f]">&gt;&gt;</a>&nbsp;&nbsp;&nbsp;EnableMoneyType
<LI><a href="#[1b9]">&gt;&gt;</a>&nbsp;&nbsp;&nbsp;EnNoteDevCmd
<LI><a href="#[1b8]">&gt;&gt;</a>&nbsp;&nbsp;&nbsp;EnCoinDevCmd
<LI><a href="#[1b0]">&gt;&gt;</a>&nbsp;&nbsp;&nbsp;DrvOutCommand
<LI><a href="#[1af]">&gt;&gt;</a>&nbsp;&nbsp;&nbsp;DrvCheckCommand
<LI><a href="#[1b7]">&gt;&gt;</a>&nbsp;&nbsp;&nbsp;DisNoteDevCmd
<LI><a href="#[1b6]">&gt;&gt;</a>&nbsp;&nbsp;&nbsp;DisCoinDevCmd
<LI><a href="#[1ab]">&gt;&gt;</a>&nbsp;&nbsp;&nbsp;CoinAcceptor_PollProc
<LI><a href="#[19e]">&gt;&gt;</a>&nbsp;&nbsp;&nbsp;CoinAcceptor_Init
<LI><a href="#[1aa]">&gt;&gt;</a>&nbsp;&nbsp;&nbsp;CoinAcceptor_Available
<LI><a href="#[19c]">&gt;&gt;</a>&nbsp;&nbsp;&nbsp;CheckVMCStat
<LI><a href="#[194]">&gt;&gt;</a>&nbsp;&nbsp;&nbsp;CheckPricePara
<LI><a href="#[199]">&gt;&gt;</a>&nbsp;&nbsp;&nbsp;CheckNotePara
<LI><a href="#[195]">&gt;&gt;</a>&nbsp;&nbsp;&nbsp;CheckDriverStat
<LI><a href="#[19a]">&gt;&gt;</a>&nbsp;&nbsp;&nbsp;CheckCoinPara
<LI><a href="#[1b3]">&gt;&gt;</a>&nbsp;&nbsp;&nbsp;Changer_Payout
<LI><a href="#[19d]">&gt;&gt;</a>&nbsp;&nbsp;&nbsp;Changer_Init
<LI><a href="#[1b4]">&gt;&gt;</a>&nbsp;&nbsp;&nbsp;BillAcceptor_Stack
<LI><a href="#[1b5]">&gt;&gt;</a>&nbsp;&nbsp;&nbsp;BillAcceptor_Return
<LI><a href="#[1ad]">&gt;&gt;</a>&nbsp;&nbsp;&nbsp;BillAcceptor_PollProc
<LI><a href="#[1a0]">&gt;&gt;</a>&nbsp;&nbsp;&nbsp;BillAcceptor_Init
<LI><a href="#[1ac]">&gt;&gt;</a>&nbsp;&nbsp;&nbsp;BillAcceptor_Available
<LI><a href="#[1b2]">&gt;&gt;</a>&nbsp;&nbsp;&nbsp;ACDCModuleQuery
</UL>
<BR>[Address Reference Count : 1]<UL><LI> main.o(.text)
</UL>
<P><STRONG><a name="[133]"></a>TASKB</STRONG> (Thumb, 4452 bytes, Stack size 72 bytes, main.o(.text))
<BR><BR>[Stack]<UL><LI>Max Depth = 1704 + Unknown Stack Size
<LI>Call Chain = TASKB &rArr; menu &rArr; isAdminSet &rArr; JudgeHLight &rArr; DispMenu_SubReader &rArr; DispTextLine &rArr; Write_LCD &rArr; GetScriptUnicode &rArr; DispStrZiFu &rArr; lcd_send
</UL>
<BR>[Calls]<UL><LI><a href="#[1ce]">&gt;&gt;</a>&nbsp;&nbsp;&nbsp;menu
<LI><a href="#[1d3]">&gt;&gt;</a>&nbsp;&nbsp;&nbsp;isBillSingleWork
<LI><a href="#[1c3]">&gt;&gt;</a>&nbsp;&nbsp;&nbsp;init_timer
<LI><a href="#[1c4]">&gt;&gt;</a>&nbsp;&nbsp;&nbsp;enable_timer
<LI><a href="#[17e]">&gt;&gt;</a>&nbsp;&nbsp;&nbsp;XTransaction
<LI><a href="#[17d]">&gt;&gt;</a>&nbsp;&nbsp;&nbsp;XChannels
<LI><a href="#[1df]">&gt;&gt;</a>&nbsp;&nbsp;&nbsp;Vmc_PostToReader
<LI><a href="#[1e2]">&gt;&gt;</a>&nbsp;&nbsp;&nbsp;Vmc_PendFromReader
<LI><a href="#[1d0]">&gt;&gt;</a>&nbsp;&nbsp;&nbsp;Vmc_HandleReaderMsg
<LI><a href="#[1d4]">&gt;&gt;</a>&nbsp;&nbsp;&nbsp;VP_CMD_Opt
<LI><a href="#[1c9]">&gt;&gt;</a>&nbsp;&nbsp;&nbsp;UpdateSelectionLed
<LI><a href="#[18e]">&gt;&gt;</a>&nbsp;&nbsp;&nbsp;Trace
<LI><a href="#[1cc]">&gt;&gt;</a>&nbsp;&nbsp;&nbsp;SetTouBiStat
<LI><a href="#[1d1]">&gt;&gt;</a>&nbsp;&nbsp;&nbsp;SaleTimeoutProc
<LI><a href="#[1e1]">&gt;&gt;</a>&nbsp;&nbsp;&nbsp;Reader_SetItemValue
<LI><a href="#[1d6]">&gt;&gt;</a>&nbsp;&nbsp;&nbsp;Reader_GetFundsMultiplyUnit
<LI><a href="#[1ee]">&gt;&gt;</a>&nbsp;&nbsp;&nbsp;RTCn_GetFullTime
<LI><a href="#[17f]">&gt;&gt;</a>&nbsp;&nbsp;&nbsp;RTC_WriteGPREG
<LI><a href="#[1c0]">&gt;&gt;</a>&nbsp;&nbsp;&nbsp;RTC_ReadGPREG
<LI><a href="#[188]">&gt;&gt;</a>&nbsp;&nbsp;&nbsp;OSTimeDly
<LI><a href="#[1c8]">&gt;&gt;</a>&nbsp;&nbsp;&nbsp;OSSemPend
<LI><a href="#[187]">&gt;&gt;</a>&nbsp;&nbsp;&nbsp;OSQPend
<LI><a href="#[1da]">&gt;&gt;</a>&nbsp;&nbsp;&nbsp;OSQFlush
<LI><a href="#[1ca]">&gt;&gt;</a>&nbsp;&nbsp;&nbsp;OSQAccept
<LI><a href="#[189]">&gt;&gt;</a>&nbsp;&nbsp;&nbsp;OSMboxPost
<LI><a href="#[1a5]">&gt;&gt;</a>&nbsp;&nbsp;&nbsp;OSMboxPend
<LI><a href="#[1cb]">&gt;&gt;</a>&nbsp;&nbsp;&nbsp;OSMboxAccept
<LI><a href="#[1be]">&gt;&gt;</a>&nbsp;&nbsp;&nbsp;LCD_WhiteBlock
<LI><a href="#[1c2]">&gt;&gt;</a>&nbsp;&nbsp;&nbsp;LCD_Init
<LI><a href="#[1d7]">&gt;&gt;</a>&nbsp;&nbsp;&nbsp;KeyProcess
<LI><a href="#[1c5]">&gt;&gt;</a>&nbsp;&nbsp;&nbsp;InitKey
<LI><a href="#[1eb]">&gt;&gt;</a>&nbsp;&nbsp;&nbsp;DoPayOutMsg
<LI><a href="#[1e5]">&gt;&gt;</a>&nbsp;&nbsp;&nbsp;DoNoteStackMsg
<LI><a href="#[1ea]">&gt;&gt;</a>&nbsp;&nbsp;&nbsp;DoNoteReturnMsg
<LI><a href="#[1d2]">&gt;&gt;</a>&nbsp;&nbsp;&nbsp;DoDingshiMsg
<LI><a href="#[1e6]">&gt;&gt;</a>&nbsp;&nbsp;&nbsp;DoChuhuoMsg
<LI><a href="#[1e3]">&gt;&gt;</a>&nbsp;&nbsp;&nbsp;DispWuhuoText
<LI><a href="#[1c6]">&gt;&gt;</a>&nbsp;&nbsp;&nbsp;DispVersionText
<LI><a href="#[1de]">&gt;&gt;</a>&nbsp;&nbsp;&nbsp;DispSaleText
<LI><a href="#[1e9]">&gt;&gt;</a>&nbsp;&nbsp;&nbsp;DispPayoutText
<LI><a href="#[1e0]">&gt;&gt;</a>&nbsp;&nbsp;&nbsp;DispOverText
<LI><a href="#[1e7]">&gt;&gt;</a>&nbsp;&nbsp;&nbsp;DispLessText
<LI><a href="#[1dc]">&gt;&gt;</a>&nbsp;&nbsp;&nbsp;DispInputText
<LI><a href="#[1dd]">&gt;&gt;</a>&nbsp;&nbsp;&nbsp;DispInputErrText
<LI><a href="#[1c7]">&gt;&gt;</a>&nbsp;&nbsp;&nbsp;DispInitText
<LI><a href="#[1ec]">&gt;&gt;</a>&nbsp;&nbsp;&nbsp;DispIOUText
<LI><a href="#[1d5]">&gt;&gt;</a>&nbsp;&nbsp;&nbsp;DispErrText
<LI><a href="#[1ef]">&gt;&gt;</a>&nbsp;&nbsp;&nbsp;DispEndText
<LI><a href="#[1e4]">&gt;&gt;</a>&nbsp;&nbsp;&nbsp;DispChuhuoText
<LI><a href="#[1d9]">&gt;&gt;</a>&nbsp;&nbsp;&nbsp;DispChaxunText
<LI><a href="#[1db]">&gt;&gt;</a>&nbsp;&nbsp;&nbsp;DispChaoshiText
<LI><a href="#[1ed]">&gt;&gt;</a>&nbsp;&nbsp;&nbsp;DispChangeText
<LI><a href="#[1cf]">&gt;&gt;</a>&nbsp;&nbsp;&nbsp;DispBeginText
<LI><a href="#[1e8]">&gt;&gt;</a>&nbsp;&nbsp;&nbsp;DispAddMoneyText
<LI><a href="#[1d8]">&gt;&gt;</a>&nbsp;&nbsp;&nbsp;DRV_ChnChk
<LI><a href="#[1cd]">&gt;&gt;</a>&nbsp;&nbsp;&nbsp;Cursor_Off
<LI><a href="#[1bf]">&gt;&gt;</a>&nbsp;&nbsp;&nbsp;ClearScreen
<LI><a href="#[1c1]">&gt;&gt;</a>&nbsp;&nbsp;&nbsp;TurkeySystemSet
<LI><a href="#[185]">&gt;&gt;</a>&nbsp;&nbsp;&nbsp;AutoAddColumn
</UL>
<BR>[Address Reference Count : 1]<UL><LI> main.o(.text)
</UL>
<P><STRONG><a name="[1f0]"></a>TASK0</STRONG> (Thumb, 284 bytes, Stack size 24 bytes, main.o(.text))
<BR><BR>[Stack]<UL><LI>Max Depth = 280<LI>Call Chain = TASK0 &rArr; systeminit &rArr; RstSystemPara &rArr; ClearScreen &rArr; Pitu_LCDClrScreen &rArr; Pitu_LCDSetCursor &rArr; Pitu_LCDPutCmd
</UL>
<BR>[Calls]<UL><LI><a href="#[1f2]">&gt;&gt;</a>&nbsp;&nbsp;&nbsp;WDT_Start
<LI><a href="#[1f1]">&gt;&gt;</a>&nbsp;&nbsp;&nbsp;WDT_Init
<LI><a href="#[1f6]">&gt;&gt;</a>&nbsp;&nbsp;&nbsp;WDT_Feed
<LI><a href="#[19b]">&gt;&gt;</a>&nbsp;&nbsp;&nbsp;RTCn_Init
<LI><a href="#[188]">&gt;&gt;</a>&nbsp;&nbsp;&nbsp;OSTimeDly
<LI><a href="#[174]">&gt;&gt;</a>&nbsp;&nbsp;&nbsp;OSTaskDel
<LI><a href="#[18b]">&gt;&gt;</a>&nbsp;&nbsp;&nbsp;OSTaskCreateExt
<LI><a href="#[1f4]">&gt;&gt;</a>&nbsp;&nbsp;&nbsp;AT45DB_WaitOK
<LI><a href="#[1f3]">&gt;&gt;</a>&nbsp;&nbsp;&nbsp;AT45DB_Init
<LI><a href="#[1f5]">&gt;&gt;</a>&nbsp;&nbsp;&nbsp;AT45DB_GetFlashPara
<LI><a href="#[179]">&gt;&gt;</a>&nbsp;&nbsp;&nbsp;systeminit
<LI><a href="#[175]">&gt;&gt;</a>&nbsp;&nbsp;&nbsp;CreateMbox
</UL>
<BR>[Address Reference Count : 1]<UL><LI> main.o(.text)
</UL>
<P><STRONG><a name="[16d]"></a>main</STRONG> (Thumb, 76 bytes, Stack size 8 bytes, main.o(.text))
<BR><BR>[Stack]<UL><LI>Max Depth = 152<LI>Call Chain = main &rArr; OSInit &rArr; OS_InitTaskIdle &rArr; OSTaskCreateExt &rArr; OS_TCBInit
</UL>
<BR>[Calls]<UL><LI><a href="#[1f7]">&gt;&gt;</a>&nbsp;&nbsp;&nbsp;targetInit
<LI><a href="#[1f8]">&gt;&gt;</a>&nbsp;&nbsp;&nbsp;pinInit
<LI><a href="#[1fb]">&gt;&gt;</a>&nbsp;&nbsp;&nbsp;OSTaskCreate
<LI><a href="#[1fc]">&gt;&gt;</a>&nbsp;&nbsp;&nbsp;OSStart
<LI><a href="#[1fa]">&gt;&gt;</a>&nbsp;&nbsp;&nbsp;OSInit
<LI><a href="#[18d]">&gt;&gt;</a>&nbsp;&nbsp;&nbsp;GPIO_SetValue
<LI><a href="#[18c]">&gt;&gt;</a>&nbsp;&nbsp;&nbsp;GPIO_SetDir
<LI><a href="#[1f9]">&gt;&gt;</a>&nbsp;&nbsp;&nbsp;GPIO_ClearValue
</UL>
<BR>[Called By]<UL><LI><a href="#[16c]">&gt;&gt;</a>&nbsp;&nbsp;&nbsp;__rt_entry_main
</UL>

<P><STRONG><a name="[1ff]"></a>lcd_delay</STRONG> (Thumb, 26 bytes, Stack size 0 bytes, lcd.o(.text))
<BR><BR>[Called By]<UL><LI><a href="#[200]">&gt;&gt;</a>&nbsp;&nbsp;&nbsp;lcd_send_up
<LI><a href="#[1fd]">&gt;&gt;</a>&nbsp;&nbsp;&nbsp;lcd_send
</UL>

<P><STRONG><a name="[1fe]"></a>delay_nms</STRONG> (Thumb, 64 bytes, Stack size 0 bytes, lcd.o(.text))
<BR><BR>[Called By]<UL><LI><a href="#[200]">&gt;&gt;</a>&nbsp;&nbsp;&nbsp;lcd_send_up
<LI><a href="#[1fd]">&gt;&gt;</a>&nbsp;&nbsp;&nbsp;lcd_send
</UL>

<P><STRONG><a name="[4b1]"></a>delay_ns</STRONG> (Thumb, 24 bytes, Stack size 0 bytes, lcd.o(.text), UNUSED)

<P><STRONG><a name="[1fd]"></a>lcd_send</STRONG> (Thumb, 502 bytes, Stack size 24 bytes, lcd.o(.text))
<BR><BR>[Stack]<UL><LI>Max Depth = 24<LI>Call Chain = lcd_send
</UL>
<BR>[Calls]<UL><LI><a href="#[1fe]">&gt;&gt;</a>&nbsp;&nbsp;&nbsp;delay_nms
<LI><a href="#[1ff]">&gt;&gt;</a>&nbsp;&nbsp;&nbsp;lcd_delay
</UL>
<BR>[Called By]<UL><LI><a href="#[214]">&gt;&gt;</a>&nbsp;&nbsp;&nbsp;Cursor_On
<LI><a href="#[213]">&gt;&gt;</a>&nbsp;&nbsp;&nbsp;SetCursorPost
<LI><a href="#[212]">&gt;&gt;</a>&nbsp;&nbsp;&nbsp;Line_Reverse
<LI><a href="#[211]">&gt;&gt;</a>&nbsp;&nbsp;&nbsp;WriteFull_LCD
<LI><a href="#[20d]">&gt;&gt;</a>&nbsp;&nbsp;&nbsp;Write_LCD
<LI><a href="#[1be]">&gt;&gt;</a>&nbsp;&nbsp;&nbsp;LCD_WhiteBlock
<LI><a href="#[1c2]">&gt;&gt;</a>&nbsp;&nbsp;&nbsp;LCD_Init
<LI><a href="#[1cd]">&gt;&gt;</a>&nbsp;&nbsp;&nbsp;Cursor_Off
<LI><a href="#[1bf]">&gt;&gt;</a>&nbsp;&nbsp;&nbsp;ClearScreen
<LI><a href="#[376]">&gt;&gt;</a>&nbsp;&nbsp;&nbsp;DispStrZiFu
<LI><a href="#[375]">&gt;&gt;</a>&nbsp;&nbsp;&nbsp;nLCD_WhiteBlock
<LI><a href="#[374]">&gt;&gt;</a>&nbsp;&nbsp;&nbsp;nDraw_RECT
</UL>

<P><STRONG><a name="[200]"></a>lcd_send_up</STRONG> (Thumb, 488 bytes, Stack size 20 bytes, lcd.o(.text))
<BR><BR>[Stack]<UL><LI>Max Depth = 20<LI>Call Chain = lcd_send_up
</UL>
<BR>[Calls]<UL><LI><a href="#[1fe]">&gt;&gt;</a>&nbsp;&nbsp;&nbsp;delay_nms
<LI><a href="#[1ff]">&gt;&gt;</a>&nbsp;&nbsp;&nbsp;lcd_delay
</UL>
<BR>[Called By]<UL><LI><a href="#[214]">&gt;&gt;</a>&nbsp;&nbsp;&nbsp;Cursor_On
<LI><a href="#[213]">&gt;&gt;</a>&nbsp;&nbsp;&nbsp;SetCursorPost
<LI><a href="#[212]">&gt;&gt;</a>&nbsp;&nbsp;&nbsp;Line_Reverse
<LI><a href="#[211]">&gt;&gt;</a>&nbsp;&nbsp;&nbsp;WriteFull_LCD
<LI><a href="#[20d]">&gt;&gt;</a>&nbsp;&nbsp;&nbsp;Write_LCD
<LI><a href="#[1be]">&gt;&gt;</a>&nbsp;&nbsp;&nbsp;LCD_WhiteBlock
<LI><a href="#[1c2]">&gt;&gt;</a>&nbsp;&nbsp;&nbsp;LCD_Init
<LI><a href="#[1cd]">&gt;&gt;</a>&nbsp;&nbsp;&nbsp;Cursor_Off
<LI><a href="#[1bf]">&gt;&gt;</a>&nbsp;&nbsp;&nbsp;ClearScreen
<LI><a href="#[376]">&gt;&gt;</a>&nbsp;&nbsp;&nbsp;DispStrZiFu
</UL>

<P><STRONG><a name="[202]"></a>Pitu_LCDPutByte</STRONG> (Thumb, 112 bytes, Stack size 0 bytes, lcd.o(.text))
<BR><BR>[Called By]<UL><LI><a href="#[204]">&gt;&gt;</a>&nbsp;&nbsp;&nbsp;Pitu_LCDPutData
<LI><a href="#[201]">&gt;&gt;</a>&nbsp;&nbsp;&nbsp;Pitu_LCDPutCmd
</UL>

<P><STRONG><a name="[201]"></a>Pitu_LCDPutCmd</STRONG> (Thumb, 96 bytes, Stack size 8 bytes, lcd.o(.text))
<BR><BR>[Stack]<UL><LI>Max Depth = 8<LI>Call Chain = Pitu_LCDPutCmd
</UL>
<BR>[Calls]<UL><LI><a href="#[202]">&gt;&gt;</a>&nbsp;&nbsp;&nbsp;Pitu_LCDPutByte
</UL>
<BR>[Called By]<UL><LI><a href="#[21a]">&gt;&gt;</a>&nbsp;&nbsp;&nbsp;Pitu_DisplayPoint
<LI><a href="#[205]">&gt;&gt;</a>&nbsp;&nbsp;&nbsp;Pitu_LCDSetCursor
<LI><a href="#[203]">&gt;&gt;</a>&nbsp;&nbsp;&nbsp;Pitu_LCDInit
</UL>

<P><STRONG><a name="[203]"></a>Pitu_LCDInit</STRONG> (Thumb, 64 bytes, Stack size 8 bytes, lcd.o(.text))
<BR><BR>[Stack]<UL><LI>Max Depth = 24<LI>Call Chain = Pitu_LCDInit &rArr; OSTimeDly &rArr; OS_Sched
</UL>
<BR>[Calls]<UL><LI><a href="#[201]">&gt;&gt;</a>&nbsp;&nbsp;&nbsp;Pitu_LCDPutCmd
<LI><a href="#[188]">&gt;&gt;</a>&nbsp;&nbsp;&nbsp;OSTimeDly
</UL>
<BR>[Called By]<UL><LI><a href="#[1c2]">&gt;&gt;</a>&nbsp;&nbsp;&nbsp;LCD_Init
</UL>

<P><STRONG><a name="[1c2]"></a>LCD_Init</STRONG> (Thumb, 150 bytes, Stack size 8 bytes, lcd.o(.text))
<BR><BR>[Stack]<UL><LI>Max Depth = 32<LI>Call Chain = LCD_Init &rArr; Pitu_LCDInit &rArr; OSTimeDly &rArr; OS_Sched
</UL>
<BR>[Calls]<UL><LI><a href="#[203]">&gt;&gt;</a>&nbsp;&nbsp;&nbsp;Pitu_LCDInit
<LI><a href="#[200]">&gt;&gt;</a>&nbsp;&nbsp;&nbsp;lcd_send_up
<LI><a href="#[1fd]">&gt;&gt;</a>&nbsp;&nbsp;&nbsp;lcd_send
</UL>
<BR>[Called By]<UL><LI><a href="#[133]">&gt;&gt;</a>&nbsp;&nbsp;&nbsp;TASKB
</UL>

<P><STRONG><a name="[204]"></a>Pitu_LCDPutData</STRONG> (Thumb, 96 bytes, Stack size 8 bytes, lcd.o(.text))
<BR><BR>[Stack]<UL><LI>Max Depth = 8<LI>Call Chain = Pitu_LCDPutData
</UL>
<BR>[Calls]<UL><LI><a href="#[202]">&gt;&gt;</a>&nbsp;&nbsp;&nbsp;Pitu_LCDPutByte
</UL>
<BR>[Called By]<UL><LI><a href="#[21a]">&gt;&gt;</a>&nbsp;&nbsp;&nbsp;Pitu_DisplayPoint
<LI><a href="#[217]">&gt;&gt;</a>&nbsp;&nbsp;&nbsp;Pitu_LCDPutLOGOBmp
<LI><a href="#[216]">&gt;&gt;</a>&nbsp;&nbsp;&nbsp;Pitu_LCDDisplaySquare
<LI><a href="#[215]">&gt;&gt;</a>&nbsp;&nbsp;&nbsp;Pitu_LCDPutBmp
<LI><a href="#[208]">&gt;&gt;</a>&nbsp;&nbsp;&nbsp;Pitu_LCDClearLine
<LI><a href="#[207]">&gt;&gt;</a>&nbsp;&nbsp;&nbsp;Pitu_one_word
<LI><a href="#[206]">&gt;&gt;</a>&nbsp;&nbsp;&nbsp;Pitu_LCDClrScreen
</UL>

<P><STRONG><a name="[205]"></a>Pitu_LCDSetCursor</STRONG> (Thumb, 34 bytes, Stack size 12 bytes, lcd.o(.text))
<BR><BR>[Stack]<UL><LI>Max Depth = 20<LI>Call Chain = Pitu_LCDSetCursor &rArr; Pitu_LCDPutCmd
</UL>
<BR>[Calls]<UL><LI><a href="#[201]">&gt;&gt;</a>&nbsp;&nbsp;&nbsp;Pitu_LCDPutCmd
</UL>
<BR>[Called By]<UL><LI><a href="#[217]">&gt;&gt;</a>&nbsp;&nbsp;&nbsp;Pitu_LCDPutLOGOBmp
<LI><a href="#[216]">&gt;&gt;</a>&nbsp;&nbsp;&nbsp;Pitu_LCDDisplaySquare
<LI><a href="#[215]">&gt;&gt;</a>&nbsp;&nbsp;&nbsp;Pitu_LCDPutBmp
<LI><a href="#[208]">&gt;&gt;</a>&nbsp;&nbsp;&nbsp;Pitu_LCDClearLine
<LI><a href="#[207]">&gt;&gt;</a>&nbsp;&nbsp;&nbsp;Pitu_one_word
<LI><a href="#[206]">&gt;&gt;</a>&nbsp;&nbsp;&nbsp;Pitu_LCDClrScreen
</UL>

<P><STRONG><a name="[206]"></a>Pitu_LCDClrScreen</STRONG> (Thumb, 38 bytes, Stack size 12 bytes, lcd.o(.text))
<BR><BR>[Stack]<UL><LI>Max Depth = 32<LI>Call Chain = Pitu_LCDClrScreen &rArr; Pitu_LCDSetCursor &rArr; Pitu_LCDPutCmd
</UL>
<BR>[Calls]<UL><LI><a href="#[205]">&gt;&gt;</a>&nbsp;&nbsp;&nbsp;Pitu_LCDSetCursor
<LI><a href="#[204]">&gt;&gt;</a>&nbsp;&nbsp;&nbsp;Pitu_LCDPutData
</UL>
<BR>[Called By]<UL><LI><a href="#[216]">&gt;&gt;</a>&nbsp;&nbsp;&nbsp;Pitu_LCDDisplaySquare
<LI><a href="#[1bf]">&gt;&gt;</a>&nbsp;&nbsp;&nbsp;ClearScreen
</UL>

<P><STRONG><a name="[1bf]"></a>ClearScreen</STRONG> (Thumb, 50 bytes, Stack size 8 bytes, lcd.o(.text))
<BR><BR>[Stack]<UL><LI>Max Depth = 40<LI>Call Chain = ClearScreen &rArr; Pitu_LCDClrScreen &rArr; Pitu_LCDSetCursor &rArr; Pitu_LCDPutCmd
</UL>
<BR>[Calls]<UL><LI><a href="#[206]">&gt;&gt;</a>&nbsp;&nbsp;&nbsp;Pitu_LCDClrScreen
<LI><a href="#[200]">&gt;&gt;</a>&nbsp;&nbsp;&nbsp;lcd_send_up
<LI><a href="#[1fd]">&gt;&gt;</a>&nbsp;&nbsp;&nbsp;lcd_send
</UL>
<BR>[Called By]<UL><LI><a href="#[36]">&gt;&gt;</a>&nbsp;&nbsp;&nbsp;MenuFunctionDoLEDTest
<LI><a href="#[35]">&gt;&gt;</a>&nbsp;&nbsp;&nbsp;MenuFunctionLEDTest
<LI><a href="#[34]">&gt;&gt;</a>&nbsp;&nbsp;&nbsp;MenuFunctionDoTempsTest
<LI><a href="#[33]">&gt;&gt;</a>&nbsp;&nbsp;&nbsp;MenuFunctionTempTest
<LI><a href="#[32]">&gt;&gt;</a>&nbsp;&nbsp;&nbsp;MenuFunctionDoXuanhuoTest
<LI><a href="#[31]">&gt;&gt;</a>&nbsp;&nbsp;&nbsp;MenuFunctionXuanhuoTest
<LI><a href="#[30]">&gt;&gt;</a>&nbsp;&nbsp;&nbsp;MenuFunctionDoTempeTest
<LI><a href="#[2f]">&gt;&gt;</a>&nbsp;&nbsp;&nbsp;MenuFunctionTemperatureTest
<LI><a href="#[2e]">&gt;&gt;</a>&nbsp;&nbsp;&nbsp;MenuFunctionDOLCDTest
<LI><a href="#[2d]">&gt;&gt;</a>&nbsp;&nbsp;&nbsp;MenuFunctionLCDTest
<LI><a href="#[2b]">&gt;&gt;</a>&nbsp;&nbsp;&nbsp;MenuFunctionAllCHResult
<LI><a href="#[1d]">&gt;&gt;</a>&nbsp;&nbsp;&nbsp;MenuFunctionDemo8
<LI><a href="#[1b]">&gt;&gt;</a>&nbsp;&nbsp;&nbsp;MenuFunctionDemo7
<LI><a href="#[18]">&gt;&gt;</a>&nbsp;&nbsp;&nbsp;MenuFunctionAddGoods
<LI><a href="#[245]">&gt;&gt;</a>&nbsp;&nbsp;&nbsp;ChannelTest
<LI><a href="#[aa]">&gt;&gt;</a>&nbsp;&nbsp;&nbsp;MenuFunctionTurkey
<LI><a href="#[95]">&gt;&gt;</a>&nbsp;&nbsp;&nbsp;MenuFunctionRussian
<LI><a href="#[23b]">&gt;&gt;</a>&nbsp;&nbsp;&nbsp;AllChannelResult
<LI><a href="#[239]">&gt;&gt;</a>&nbsp;&nbsp;&nbsp;AllChannelStat
<LI><a href="#[228]">&gt;&gt;</a>&nbsp;&nbsp;&nbsp;RstTurkeySystemPara
<LI><a href="#[1ce]">&gt;&gt;</a>&nbsp;&nbsp;&nbsp;menu
<LI><a href="#[17c]">&gt;&gt;</a>&nbsp;&nbsp;&nbsp;RstSystemPara
<LI><a href="#[1de]">&gt;&gt;</a>&nbsp;&nbsp;&nbsp;DispSaleText
<LI><a href="#[1d5]">&gt;&gt;</a>&nbsp;&nbsp;&nbsp;DispErrText
<LI><a href="#[1ef]">&gt;&gt;</a>&nbsp;&nbsp;&nbsp;DispEndText
<LI><a href="#[1cf]">&gt;&gt;</a>&nbsp;&nbsp;&nbsp;DispBeginText
<LI><a href="#[133]">&gt;&gt;</a>&nbsp;&nbsp;&nbsp;TASKB
<LI><a href="#[19]">&gt;&gt;</a>&nbsp;&nbsp;&nbsp;MenuInitAddGoods
<LI><a href="#[334]">&gt;&gt;</a>&nbsp;&nbsp;&nbsp;DispMenu_HoldNote
<LI><a href="#[333]">&gt;&gt;</a>&nbsp;&nbsp;&nbsp;DispMenu_SubReader
<LI><a href="#[332]">&gt;&gt;</a>&nbsp;&nbsp;&nbsp;DispMenu_SubNOTE
<LI><a href="#[331]">&gt;&gt;</a>&nbsp;&nbsp;&nbsp;DispMenu_SubCHResult
[...]
<BR><BR>[Stack]<UL><LI>Max Depth = 120<LI>Call Chain = _btod_etento &rArr; _btod_emul &rArr; _e2e
</UL>
<BR>[Calls]<UL><LI><a href="#[477]">&gt;&gt;</a>&nbsp;&nbsp;&nbsp;_btod_emul
<LI><a href="#[476]">&gt;&gt;</a>&nbsp;&nbsp;&nbsp;_btod_ediv
</UL>
<BR>[Called By]<UL><LI><a href="#[473]">&gt;&gt;</a>&nbsp;&nbsp;&nbsp;_fp_digits
</UL>

<P><STRONG><a name="[16e]"></a>exit</STRONG> (Thumb, 12 bytes, Stack size 0 bytes, exit.o(.text))
<BR><BR>[Calls]<UL><LI><a href="#[47e]">&gt;&gt;</a>&nbsp;&nbsp;&nbsp;__rt_exit
</UL>
<BR>[Called By]<UL><LI><a href="#[16c]">&gt;&gt;</a>&nbsp;&nbsp;&nbsp;__rt_entry_main
</UL>

<P><STRONG><a name="[47c]"></a>__sig_exit</STRONG> (Thumb, 10 bytes, Stack size 0 bytes, defsig_exit.o(.text))
<BR><BR>[Calls]<UL><LI><a href="#[172]">&gt;&gt;</a>&nbsp;&nbsp;&nbsp;_sys_exit
</UL>
<BR>[Called By]<UL><LI><a href="#[46c]">&gt;&gt;</a>&nbsp;&nbsp;&nbsp;__rt_SIGRTMEM
</UL>

<P><STRONG><a name="[47b]"></a>__rt_SIGRTMEM_inner</STRONG> (Thumb, 20 bytes, Stack size 8 bytes, defsig_rtmem_inner.o(.text))
<BR><BR>[Stack]<UL><LI>Max Depth = 24<LI>Call Chain = __rt_SIGRTMEM_inner &rArr; __default_signal_display
</UL>
<BR>[Calls]<UL><LI><a href="#[47f]">&gt;&gt;</a>&nbsp;&nbsp;&nbsp;__default_signal_display
</UL>
<BR>[Called By]<UL><LI><a href="#[46c]">&gt;&gt;</a>&nbsp;&nbsp;&nbsp;__rt_SIGRTMEM
</UL>

<P><STRONG><a name="[47f]"></a>__default_signal_display</STRONG> (Thumb, 50 bytes, Stack size 16 bytes, defsig_general.o(.text))
<BR><BR>[Stack]<UL><LI>Max Depth = 16<LI>Call Chain = __default_signal_display
</UL>
<BR>[Calls]<UL><LI><a href="#[480]">&gt;&gt;</a>&nbsp;&nbsp;&nbsp;_ttywrch
</UL>
<BR>[Called By]<UL><LI><a href="#[47b]">&gt;&gt;</a>&nbsp;&nbsp;&nbsp;__rt_SIGRTMEM_inner
</UL>

<P><STRONG><a name="[486]"></a>strcmp</STRONG> (Thumb, 128 bytes, Stack size 0 bytes, strcmpv7m.o(.text))
<BR><BR>[Called By]<UL><LI><a href="#[168]">&gt;&gt;</a>&nbsp;&nbsp;&nbsp;_get_lc_numeric
<LI><a href="#[13a]">&gt;&gt;</a>&nbsp;&nbsp;&nbsp;_get_lc_ctype
</UL>

<P><STRONG><a name="[487]"></a>__rt_fp_status_addr</STRONG> (Thumb, 12 bytes, Stack size 0 bytes, rt_fp_status_addr_intlibspace.o(.text))
<BR><BR>[Called By]<UL><LI><a href="#[161]">&gt;&gt;</a>&nbsp;&nbsp;&nbsp;_fp_init
</UL>

<P><STRONG><a name="[475]"></a>_btod_d2e</STRONG> (Thumb, 62 bytes, Stack size 0 bytes, btod.o(CL$$btod_d2e))
<BR><BR>[Calls]<UL><LI><a href="#[481]">&gt;&gt;</a>&nbsp;&nbsp;&nbsp;_d2e_norm_op1
</UL>
<BR>[Called By]<UL><LI><a href="#[473]">&gt;&gt;</a>&nbsp;&nbsp;&nbsp;_fp_digits
</UL>

<P><STRONG><a name="[482]"></a>_d2e_denorm_low</STRONG> (Thumb, 70 bytes, Stack size 0 bytes, btod.o(CL$$btod_d2e_denorm_low))
<BR><BR>[Called By]<UL><LI><a href="#[481]">&gt;&gt;</a>&nbsp;&nbsp;&nbsp;_d2e_norm_op1
</UL>

<P><STRONG><a name="[481]"></a>_d2e_norm_op1</STRONG> (Thumb, 96 bytes, Stack size 0 bytes, btod.o(CL$$btod_d2e_norm_op1))
<BR><BR>[Calls]<UL><LI><a href="#[482]">&gt;&gt;</a>&nbsp;&nbsp;&nbsp;_d2e_denorm_low
</UL>
<BR>[Called By]<UL><LI><a href="#[475]">&gt;&gt;</a>&nbsp;&nbsp;&nbsp;_btod_d2e
</UL>

<P><STRONG><a name="[483]"></a>__btod_div_common</STRONG> (Thumb, 696 bytes, Stack size 24 bytes, btod.o(CL$$btod_div_common))
<BR><BR>[Stack]<UL><LI>Max Depth = 24<LI>Call Chain = __btod_div_common
</UL>
<BR>[Called By]<UL><LI><a href="#[476]">&gt;&gt;</a>&nbsp;&nbsp;&nbsp;_btod_ediv
</UL>

<P><STRONG><a name="[484]"></a>_e2e</STRONG> (Thumb, 198 bytes, Stack size 24 bytes, btod.o(CL$$btod_e2e))
<BR><BR>[Stack]<UL><LI>Max Depth = 24<LI>Call Chain = _e2e
</UL>
<BR>[Called By]<UL><LI><a href="#[477]">&gt;&gt;</a>&nbsp;&nbsp;&nbsp;_btod_emul
<LI><a href="#[476]">&gt;&gt;</a>&nbsp;&nbsp;&nbsp;_btod_ediv
</UL>

<P><STRONG><a name="[476]"></a>_btod_ediv</STRONG> (Thumb, 40 bytes, Stack size 24 bytes, btod.o(CL$$btod_ediv))
<BR><BR>[Stack]<UL><LI>Max Depth = 48<LI>Call Chain = _btod_ediv &rArr; _e2e
</UL>
<BR>[Calls]<UL><LI><a href="#[484]">&gt;&gt;</a>&nbsp;&nbsp;&nbsp;_e2e
<LI><a href="#[483]">&gt;&gt;</a>&nbsp;&nbsp;&nbsp;__btod_div_common
</UL>
<BR>[Called By]<UL><LI><a href="#[474]">&gt;&gt;</a>&nbsp;&nbsp;&nbsp;_btod_etento
<LI><a href="#[473]">&gt;&gt;</a>&nbsp;&nbsp;&nbsp;_fp_digits
</UL>

<P><STRONG><a name="[477]"></a>_btod_emul</STRONG> (Thumb, 40 bytes, Stack size 24 bytes, btod.o(CL$$btod_emul))
<BR><BR>[Stack]<UL><LI>Max Depth = 48<LI>Call Chain = _btod_emul &rArr; _e2e
</UL>
<BR>[Calls]<UL><LI><a href="#[485]">&gt;&gt;</a>&nbsp;&nbsp;&nbsp;__btod_mult_common
<LI><a href="#[484]">&gt;&gt;</a>&nbsp;&nbsp;&nbsp;_e2e
</UL>
<BR>[Called By]<UL><LI><a href="#[474]">&gt;&gt;</a>&nbsp;&nbsp;&nbsp;_btod_etento
<LI><a href="#[473]">&gt;&gt;</a>&nbsp;&nbsp;&nbsp;_fp_digits
</UL>

<P><STRONG><a name="[485]"></a>__btod_mult_common</STRONG> (Thumb, 580 bytes, Stack size 16 bytes, btod.o(CL$$btod_mult_common))
<BR><BR>[Stack]<UL><LI>Max Depth = 16<LI>Call Chain = __btod_mult_common
</UL>
<BR>[Called By]<UL><LI><a href="#[477]">&gt;&gt;</a>&nbsp;&nbsp;&nbsp;_btod_emul
</UL>

<P><STRONG><a name="[479]"></a>__ARM_fpclassify</STRONG> (Thumb, 40 bytes, Stack size 0 bytes, fpclassify.o(i.__ARM_fpclassify))
<BR><BR>[Called By]<UL><LI><a href="#[478]">&gt;&gt;</a>&nbsp;&nbsp;&nbsp;_printf_fp_dec_real
</UL>

<P><STRONG><a name="[13a]"></a>_get_lc_ctype</STRONG> (Thumb, 44 bytes, Stack size 8 bytes, lc_ctype_c.o(locale$$code))
<BR><BR>[Stack]<UL><LI>Max Depth = 8<LI>Call Chain = _get_lc_ctype
</UL>
<BR>[Calls]<UL><LI><a href="#[486]">&gt;&gt;</a>&nbsp;&nbsp;&nbsp;strcmp
</UL>
<BR>[Called By]<UL><LI><a href="#[166]">&gt;&gt;</a>&nbsp;&nbsp;&nbsp;__rt_lib_init_lc_ctype_2
</UL>
<BR>[Address Reference Count : 1]<UL><LI> rt_ctype_table.o(.text)
</UL>
<P><STRONG><a name="[168]"></a>_get_lc_numeric</STRONG> (Thumb, 44 bytes, Stack size 8 bytes, lc_numeric_c.o(locale$$code))
<BR><BR>[Stack]<UL><LI>Max Depth = 8<LI>Call Chain = _get_lc_numeric
</UL>
<BR>[Calls]<UL><LI><a href="#[486]">&gt;&gt;</a>&nbsp;&nbsp;&nbsp;strcmp
</UL>
<BR>[Called By]<UL><LI><a href="#[167]">&gt;&gt;</a>&nbsp;&nbsp;&nbsp;__rt_lib_init_lc_numeric_2
</UL>

<P><STRONG><a name="[13c]"></a>__user_initial_stackheap</STRONG> (Thumb, 0 bytes, Stack size unknown bytes, rt_sys_s.o(rt_sys))
<BR><BR>[Called By]<UL><LI><a href="#[16a]">&gt;&gt;</a>&nbsp;&nbsp;&nbsp;__user_setup_stackheap
</UL>

<P><STRONG><a name="[161]"></a>_fp_init</STRONG> (Thumb, 14 bytes, Stack size 8 bytes, fpinit.o(x$fpl$fpinit))
<BR><BR>[Stack]<UL><LI>Max Depth = 8<LI>Call Chain = _fp_init
</UL>
<BR>[Calls]<UL><LI><a href="#[487]">&gt;&gt;</a>&nbsp;&nbsp;&nbsp;__rt_fp_status_addr
</UL>
<BR>[Called By]<UL><LI><a href="#[160]">&gt;&gt;</a>&nbsp;&nbsp;&nbsp;__rt_lib_init
</UL>

<P><STRONG><a name="[4fd]"></a>__fplib_config_pureend_doubles</STRONG> (Thumb, 0 bytes, Stack size unknown bytes, fpinit.o(x$fpl$fpinit), UNUSED)

<P><STRONG><a name="[145]"></a>_printf_fp_dec</STRONG> (Thumb, 4 bytes, Stack size 0 bytes, printf1.o(x$fpl$printf1))
<BR><BR>[Stack]<UL><LI>Max Depth = 312<LI>Call Chain = _printf_fp_dec &rArr; _printf_fp_dec_real &rArr; _fp_digits &rArr; _btod_etento &rArr; _btod_emul &rArr; _e2e
</UL>
<BR>[Calls]<UL><LI><a href="#[478]">&gt;&gt;</a>&nbsp;&nbsp;&nbsp;_printf_fp_dec_real
</UL>
<BR>[Called By]<UL><LI><a href="#[147]">&gt;&gt;</a>&nbsp;&nbsp;&nbsp;_printf_g
<LI><a href="#[146]">&gt;&gt;</a>&nbsp;&nbsp;&nbsp;_printf_e
<LI><a href="#[144]">&gt;&gt;</a>&nbsp;&nbsp;&nbsp;_printf_f
</UL>

<P><STRONG><a name="[4fe]"></a>__I$use$fp</STRONG> (Thumb, 0 bytes, Stack size unknown bytes, usenofp.o(x$fpl$usenofp), UNUSED)
<P>
<H3>
Local Symbols
</H3>
<P><STRONG><a name="[277]"></a>DRV_Command</STRONG> (Thumb, 178 bytes, Stack size 40 bytes, drv.o(.text))
<BR><BR>[Stack]<UL><LI>Max Depth = 56<LI>Call Chain = DRV_Command &rArr; Uart2_Read
</UL>
<BR>[Calls]<UL><LI><a href="#[22e]">&gt;&gt;</a>&nbsp;&nbsp;&nbsp;Uart2_SetParity
<LI><a href="#[234]">&gt;&gt;</a>&nbsp;&nbsp;&nbsp;Uart2_Read
<LI><a href="#[232]">&gt;&gt;</a>&nbsp;&nbsp;&nbsp;Uart2_ClrBuf
<LI><a href="#[188]">&gt;&gt;</a>&nbsp;&nbsp;&nbsp;OSTimeDly
<LI><a href="#[26f]">&gt;&gt;</a>&nbsp;&nbsp;&nbsp;Uart2_Write
<LI><a href="#[278]">&gt;&gt;</a>&nbsp;&nbsp;&nbsp;Uart2_SetEvbMode
</UL>
<BR>[Called By]<UL><LI><a href="#[27d]">&gt;&gt;</a>&nbsp;&nbsp;&nbsp;DRV_Test
<LI><a href="#[27c]">&gt;&gt;</a>&nbsp;&nbsp;&nbsp;DRV_ClearSN
<LI><a href="#[27b]">&gt;&gt;</a>&nbsp;&nbsp;&nbsp;DRV_Inquire
<LI><a href="#[279]">&gt;&gt;</a>&nbsp;&nbsp;&nbsp;DRV_Dispense
</UL>

<P><STRONG><a name="[283]"></a>Hopper_Command</STRONG> (Thumb, 208 bytes, Stack size 40 bytes, hopper.o(.text))
<BR><BR>[Stack]<UL><LI>Max Depth = 1216 + Unknown Stack Size
<LI>Call Chain = Hopper_Command &rArr; Trace &rArr; __c89vsprintf &rArr; _printf_char_common &rArr; __printf
</UL>
<BR>[Calls]<UL><LI><a href="#[22e]">&gt;&gt;</a>&nbsp;&nbsp;&nbsp;Uart2_SetParity
<LI><a href="#[234]">&gt;&gt;</a>&nbsp;&nbsp;&nbsp;Uart2_Read
<LI><a href="#[232]">&gt;&gt;</a>&nbsp;&nbsp;&nbsp;Uart2_ClrBuf
<LI><a href="#[18e]">&gt;&gt;</a>&nbsp;&nbsp;&nbsp;Trace
<LI><a href="#[188]">&gt;&gt;</a>&nbsp;&nbsp;&nbsp;OSTimeDly
<LI><a href="#[26f]">&gt;&gt;</a>&nbsp;&nbsp;&nbsp;Uart2_Write
<LI><a href="#[278]">&gt;&gt;</a>&nbsp;&nbsp;&nbsp;Uart2_SetEvbMode
</UL>
<BR>[Called By]<UL><LI><a href="#[285]">&gt;&gt;</a>&nbsp;&nbsp;&nbsp;HopperInquire
<LI><a href="#[284]">&gt;&gt;</a>&nbsp;&nbsp;&nbsp;HopperPayout
</UL>

<P><STRONG><a name="[2a8]"></a>Gbahr1_Command</STRONG> (Thumb, 216 bytes, Stack size 40 bytes, gbahr1.o(.text))
<BR><BR>[Stack]<UL><LI>Max Depth = 88<LI>Call Chain = Gbahr1_Command &rArr; Uart3_Read &rArr; Uart3IsRxBufNull &rArr; OSTimeDly &rArr; OS_Sched
</UL>
<BR>[Calls]<UL><LI><a href="#[188]">&gt;&gt;</a>&nbsp;&nbsp;&nbsp;OSTimeDly
<LI><a href="#[275]">&gt;&gt;</a>&nbsp;&nbsp;&nbsp;Uart3_Write
<LI><a href="#[273]">&gt;&gt;</a>&nbsp;&nbsp;&nbsp;Uart3_Read
<LI><a href="#[270]">&gt;&gt;</a>&nbsp;&nbsp;&nbsp;Uart3_ClrBuf
</UL>
<BR>[Called By]<UL><LI><a href="#[2ac]">&gt;&gt;</a>&nbsp;&nbsp;&nbsp;Gbahr1_Return
<LI><a href="#[2ab]">&gt;&gt;</a>&nbsp;&nbsp;&nbsp;Gbahr1_Stack
<LI><a href="#[2aa]">&gt;&gt;</a>&nbsp;&nbsp;&nbsp;Gbahr1_Poll
<LI><a href="#[2a9]">&gt;&gt;</a>&nbsp;&nbsp;&nbsp;Gbahr1_Enable
</UL>

<P><STRONG><a name="[33e]"></a>__DEC2BCD</STRONG> (Thumb, 26 bytes, Stack size 0 bytes, pcf8563t.o(.text))
<BR><BR>[Called By]<UL><LI><a href="#[33d]">&gt;&gt;</a>&nbsp;&nbsp;&nbsp;PCF8563T_SetTime
</UL>

<P><STRONG><a name="[342]"></a>__BCD2DEC</STRONG> (Thumb, 20 bytes, Stack size 0 bytes, pcf8563t.o(.text))
<BR><BR>[Called By]<UL><LI><a href="#[340]">&gt;&gt;</a>&nbsp;&nbsp;&nbsp;PCF8563T_GetTime
</UL>

<P><STRONG><a name="[37d]"></a>SelectKey_Command</STRONG> (Thumb, 186 bytes, Stack size 40 bytes, selectkey.o(.text))
<BR><BR>[Stack]<UL><LI>Max Depth = 1216 + Unknown Stack Size
<LI>Call Chain = SelectKey_Command &rArr; Trace &rArr; __c89vsprintf &rArr; _printf_char_common &rArr; __printf
</UL>
<BR>[Calls]<UL><LI><a href="#[18e]">&gt;&gt;</a>&nbsp;&nbsp;&nbsp;Trace
<LI><a href="#[188]">&gt;&gt;</a>&nbsp;&nbsp;&nbsp;OSTimeDly
<LI><a href="#[37e]">&gt;&gt;</a>&nbsp;&nbsp;&nbsp;Uart1_Write
<LI><a href="#[37f]">&gt;&gt;</a>&nbsp;&nbsp;&nbsp;Uart1_Read
</UL>
<BR>[Called By]<UL><LI><a href="#[380]">&gt;&gt;</a>&nbsp;&nbsp;&nbsp;SelectKeySet
</UL>

<P><STRONG><a name="[3a8]"></a>SelectKey_Command_1</STRONG> (Thumb, 242 bytes, Stack size 40 bytes, acdc.o(.text))
<BR><BR>[Stack]<UL><LI>Max Depth = 1216 + Unknown Stack Size
<LI>Call Chain = SelectKey_Command_1 &rArr; Trace &rArr; __c89vsprintf &rArr; _printf_char_common &rArr; __printf
</UL>
<BR>[Calls]<UL><LI><a href="#[22e]">&gt;&gt;</a>&nbsp;&nbsp;&nbsp;Uart2_SetParity
<LI><a href="#[234]">&gt;&gt;</a>&nbsp;&nbsp;&nbsp;Uart2_Read
<LI><a href="#[18e]">&gt;&gt;</a>&nbsp;&nbsp;&nbsp;Trace
<LI><a href="#[188]">&gt;&gt;</a>&nbsp;&nbsp;&nbsp;OSTimeDly
<LI><a href="#[26f]">&gt;&gt;</a>&nbsp;&nbsp;&nbsp;Uart2_Write
<LI><a href="#[278]">&gt;&gt;</a>&nbsp;&nbsp;&nbsp;Uart2_SetEvbMode
</UL>
<BR>[Called By]<UL><LI><a href="#[1b2]">&gt;&gt;</a>&nbsp;&nbsp;&nbsp;ACDCModuleQuery
</UL>

<P><STRONG><a name="[3e4]"></a>OS_InitTaskStat</STRONG> (Thumb, 48 bytes, Stack size 24 bytes, os_core.o(.text))
<BR><BR>[Stack]<UL><LI>Max Depth = 136<LI>Call Chain = OS_InitTaskStat &rArr; OSTaskCreateExt &rArr; OS_TCBInit
</UL>
<BR>[Calls]<UL><LI><a href="#[18b]">&gt;&gt;</a>&nbsp;&nbsp;&nbsp;OSTaskCreateExt
</UL>
<BR>[Called By]<UL><LI><a href="#[1fa]">&gt;&gt;</a>&nbsp;&nbsp;&nbsp;OSInit
</UL>

<P><STRONG><a name="[3e7]"></a>OS_InitTaskIdle</STRONG> (Thumb, 48 bytes, Stack size 24 bytes, os_core.o(.text))
<BR><BR>[Stack]<UL><LI>Max Depth = 136<LI>Call Chain = OS_InitTaskIdle &rArr; OSTaskCreateExt &rArr; OS_TCBInit
</UL>
<BR>[Calls]<UL><LI><a href="#[18b]">&gt;&gt;</a>&nbsp;&nbsp;&nbsp;OSTaskCreateExt
</UL>
<BR>[Called By]<UL><LI><a href="#[1fa]">&gt;&gt;</a>&nbsp;&nbsp;&nbsp;OSInit
</UL>

<P><STRONG><a name="[3ec]"></a>OS_InitEventList</STRONG> (Thumb, 44 bytes, Stack size 8 bytes, os_core.o(.text))
<BR><BR>[Stack]<UL><LI>Max Depth = 8<LI>Call Chain = OS_InitEventList
</UL>
<BR>[Called By]<UL><LI><a href="#[1fa]">&gt;&gt;</a>&nbsp;&nbsp;&nbsp;OSInit
</UL>

<P><STRONG><a name="[3eb]"></a>OS_InitTCBList</STRONG> (Thumb, 64 bytes, Stack size 8 bytes, os_core.o(.text))
<BR><BR>[Stack]<UL><LI>Max Depth = 8<LI>Call Chain = OS_InitTCBList
</UL>
<BR>[Called By]<UL><LI><a href="#[1fa]">&gt;&gt;</a>&nbsp;&nbsp;&nbsp;OSInit
</UL>

<P><STRONG><a name="[3ea]"></a>OS_InitRdyList</STRONG> (Thumb, 46 bytes, Stack size 0 bytes, os_core.o(.text))
<BR><BR>[Called By]<UL><LI><a href="#[1fa]">&gt;&gt;</a>&nbsp;&nbsp;&nbsp;OSInit
</UL>

<P><STRONG><a name="[3e9]"></a>OS_InitMisc</STRONG> (Thumb, 44 bytes, Stack size 0 bytes, os_core.o(.text))
<BR><BR>[Called By]<UL><LI><a href="#[1fa]">&gt;&gt;</a>&nbsp;&nbsp;&nbsp;OSInit
</UL>

<P><STRONG><a name="[3f8]"></a>OS_FlagTaskRdy</STRONG> (Thumb, 90 bytes, Stack size 20 bytes, os_flag.o(.text), UNUSED)
<BR><BR>[Calls]<UL><LI><a href="#[3dc]">&gt;&gt;</a>&nbsp;&nbsp;&nbsp;OS_FlagUnlink
</UL>
<BR>[Called By]<UL><LI><a href="#[3fc]">&gt;&gt;</a>&nbsp;&nbsp;&nbsp;OSFlagPost
<LI><a href="#[3f9]">&gt;&gt;</a>&nbsp;&nbsp;&nbsp;OSFlagDel
</UL>

<P><STRONG><a name="[3fb]"></a>OS_FlagBlock</STRONG> (Thumb, 124 bytes, Stack size 20 bytes, os_flag.o(.text), UNUSED)
<BR><BR>[Called By]<UL><LI><a href="#[3fa]">&gt;&gt;</a>&nbsp;&nbsp;&nbsp;OSFlagPend
</UL>

<P><STRONG><a name="[420]"></a>ConfigurePins</STRONG> (Thumb, 52 bytes, Stack size 16 bytes, uartdev_lpc17xx.o(.text))
<BR><BR>[Stack]<UL><LI>Max Depth = 44<LI>Call Chain = ConfigurePins &rArr; PINSEL_ConfigPin &rArr; PINSEL_SetResistorMode
</UL>
<BR>[Calls]<UL><LI><a href="#[421]">&gt;&gt;</a>&nbsp;&nbsp;&nbsp;PINSEL_ConfigPin
</UL>
<BR>[Called By]<UL><LI><a href="#[11d]">&gt;&gt;</a>&nbsp;&nbsp;&nbsp;UartDev_Init
</UL>

<P><STRONG><a name="[422]"></a>ConfigureUart</STRONG> (Thumb, 160 bytes, Stack size 24 bytes, uartdev_lpc17xx.o(.text))
<BR><BR>[Stack]<UL><LI>Max Depth = 120<LI>Call Chain = ConfigureUart &rArr; UART_Init &rArr; uart_set_divisors &rArr; CLKPWR_GetPCLK
</UL>
<BR>[Calls]<UL><LI><a href="#[405]">&gt;&gt;</a>&nbsp;&nbsp;&nbsp;UART_Init
</UL>
<BR>[Called By]<UL><LI><a href="#[11d]">&gt;&gt;</a>&nbsp;&nbsp;&nbsp;UartDev_Init
</UL>

<P><STRONG><a name="[11d]"></a>UartDev_Init</STRONG> (Thumb, 116 bytes, Stack size 8 bytes, uartdev_lpc17xx.o(.text))
<BR><BR>[Stack]<UL><LI>Max Depth = 128<LI>Call Chain = UartDev_Init &rArr; ConfigureUart &rArr; UART_Init &rArr; uart_set_divisors &rArr; CLKPWR_GetPCLK
</UL>
<BR>[Calls]<UL><LI><a href="#[223]">&gt;&gt;</a>&nbsp;&nbsp;&nbsp;zyIrqEnable
<LI><a href="#[422]">&gt;&gt;</a>&nbsp;&nbsp;&nbsp;ConfigureUart
<LI><a href="#[420]">&gt;&gt;</a>&nbsp;&nbsp;&nbsp;ConfigurePins
<LI><a href="#[419]">&gt;&gt;</a>&nbsp;&nbsp;&nbsp;UART_SetupCbs
<LI><a href="#[40c]">&gt;&gt;</a>&nbsp;&nbsp;&nbsp;UART_IntConfig
<LI><a href="#[402]">&gt;&gt;</a>&nbsp;&nbsp;&nbsp;UART_TxCmd
</UL>
<BR>[Address Reference Count : 1]<UL><LI> uartdev_lpc17xx.o(.data)
</UL>
<P><STRONG><a name="[11e]"></a>UartDev_UnInit</STRONG> (Thumb, 42 bytes, Stack size 8 bytes, uartdev_lpc17xx.o(.text))
<BR><BR>[Stack]<UL><LI>Max Depth = 32<LI>Call Chain = UartDev_UnInit &rArr; UART_DeInit &rArr; UART_TxCmd
</UL>
<BR>[Calls]<UL><LI><a href="#[404]">&gt;&gt;</a>&nbsp;&nbsp;&nbsp;UART_DeInit
</UL>
<BR>[Address Reference Count : 1]<UL><LI> uartdev_lpc17xx.o(.data)
</UL>
<P><STRONG><a name="[11f]"></a>UartDev_BufTx</STRONG> (Thumb, 326 bytes, Stack size 32 bytes, uartdev_lpc17xx.o(.text))
<BR><BR>[Stack]<UL><LI>Max Depth = 104<LI>Call Chain = UartDev_BufTx &rArr; UART_Send &rArr; UART_SendData
</UL>
<BR>[Calls]<UL><LI><a href="#[41e]">&gt;&gt;</a>&nbsp;&nbsp;&nbsp;atomic_incr
<LI><a href="#[414]">&gt;&gt;</a>&nbsp;&nbsp;&nbsp;UART_Send
<LI><a href="#[40d]">&gt;&gt;</a>&nbsp;&nbsp;&nbsp;UART_GetLineStatus
<LI><a href="#[40c]">&gt;&gt;</a>&nbsp;&nbsp;&nbsp;UART_IntConfig
</UL>
<BR>[Address Reference Count : 1]<UL><LI> uartdev_lpc17xx.o(.data)
</UL>
<P><STRONG><a name="[120]"></a>UartDev_BufRx</STRONG> (Thumb, 164 bytes, Stack size 28 bytes, uartdev_lpc17xx.o(.text))
<BR><BR>[Stack]<UL><LI>Max Depth = 28<LI>Call Chain = UartDev_BufRx
</UL>
<BR>[Calls]<UL><LI><a href="#[41e]">&gt;&gt;</a>&nbsp;&nbsp;&nbsp;atomic_incr
</UL>
<BR>[Address Reference Count : 1]<UL><LI> uartdev_lpc17xx.o(.data)
</UL>
<P><STRONG><a name="[121]"></a>UartDev_BufFlush</STRONG> (Thumb, 58 bytes, Stack size 0 bytes, uartdev_lpc17xx.o(.text))
<BR>[Address Reference Count : 1]<UL><LI> uartdev_lpc17xx.o(.data)
</UL>
<P><STRONG><a name="[428]"></a>GPIO_GetPointer</STRONG> (Thumb, 52 bytes, Stack size 0 bytes, lpc17xx_gpio.o(.text))
<BR><BR>[Called By]<UL><LI><a href="#[21c]">&gt;&gt;</a>&nbsp;&nbsp;&nbsp;GPIO_ReadValue
<LI><a href="#[18d]">&gt;&gt;</a>&nbsp;&nbsp;&nbsp;GPIO_SetValue
<LI><a href="#[18c]">&gt;&gt;</a>&nbsp;&nbsp;&nbsp;GPIO_SetDir
<LI><a href="#[1f9]">&gt;&gt;</a>&nbsp;&nbsp;&nbsp;GPIO_ClearValue
<LI><a href="#[42d]">&gt;&gt;</a>&nbsp;&nbsp;&nbsp;FIO_SetMask
</UL>

<P><STRONG><a name="[42f]"></a>FIO_HalfWordGetPointer</STRONG> (Thumb, 52 bytes, Stack size 0 bytes, lpc17xx_gpio.o(.text), UNUSED)
<BR><BR>[Called By]<UL><LI><a href="#[433]">&gt;&gt;</a>&nbsp;&nbsp;&nbsp;FIO_HalfWordReadValue
<LI><a href="#[432]">&gt;&gt;</a>&nbsp;&nbsp;&nbsp;FIO_HalfWordClearValue
<LI><a href="#[431]">&gt;&gt;</a>&nbsp;&nbsp;&nbsp;FIO_HalfWordSetValue
<LI><a href="#[430]">&gt;&gt;</a>&nbsp;&nbsp;&nbsp;FIO_HalfWordSetMask
<LI><a href="#[42e]">&gt;&gt;</a>&nbsp;&nbsp;&nbsp;FIO_HalfWordSetDir
</UL>

<P><STRONG><a name="[435]"></a>FIO_ByteGetPointer</STRONG> (Thumb, 52 bytes, Stack size 0 bytes, lpc17xx_gpio.o(.text), UNUSED)
<BR><BR>[Called By]<UL><LI><a href="#[439]">&gt;&gt;</a>&nbsp;&nbsp;&nbsp;FIO_ByteReadValue
<LI><a href="#[438]">&gt;&gt;</a>&nbsp;&nbsp;&nbsp;FIO_ByteClearValue
<LI><a href="#[437]">&gt;&gt;</a>&nbsp;&nbsp;&nbsp;FIO_ByteSetValue
<LI><a href="#[436]">&gt;&gt;</a>&nbsp;&nbsp;&nbsp;FIO_ByteSetMask
<LI><a href="#[434]">&gt;&gt;</a>&nbsp;&nbsp;&nbsp;FIO_ByteSetDir
</UL>

<P><STRONG><a name="[468]"></a>_tm_carry</STRONG> (Thumb, 54 bytes, Stack size 12 bytes, mktime.o(.text), UNUSED)
<BR><BR>[Called By]<UL><LI><a href="#[3d0]">&gt;&gt;</a>&nbsp;&nbsp;&nbsp;mktime
</UL>

<P><STRONG><a name="[139]"></a>_printf_input_char</STRONG> (Thumb, 10 bytes, Stack size 0 bytes, _printf_char_common.o(.text))
<BR>[Address Reference Count : 1]<UL><LI> _printf_char_common.o(.text)
</UL>
<P><STRONG><a name="[473]"></a>_fp_digits</STRONG> (Thumb, 420 bytes, Stack size 88 bytes, _printf_fp_dec.o(.text))
<BR><BR>[Stack]<UL><LI>Max Depth = 208<LI>Call Chain = _fp_digits &rArr; _btod_etento &rArr; _btod_emul &rArr; _e2e
</UL>
<BR>[Calls]<UL><LI><a href="#[477]">&gt;&gt;</a>&nbsp;&nbsp;&nbsp;_btod_emul
<LI><a href="#[476]">&gt;&gt;</a>&nbsp;&nbsp;&nbsp;_btod_ediv
<LI><a href="#[475]">&gt;&gt;</a>&nbsp;&nbsp;&nbsp;_btod_d2e
<LI><a href="#[474]">&gt;&gt;</a>&nbsp;&nbsp;&nbsp;_btod_etento
<LI><a href="#[471]">&gt;&gt;</a>&nbsp;&nbsp;&nbsp;_ll_udiv10
</UL>
<BR>[Called By]<UL><LI><a href="#[478]">&gt;&gt;</a>&nbsp;&nbsp;&nbsp;_printf_fp_dec_real
</UL>
<P>
<H3>
Undefined Global Symbols
</H3><HR></body></html>
